Panel ready. Backtest window 32y: 1994-12-31 to 2026-05-15

======================================================================
1. BLOCK BOOTSTRAP CI (block_size=21d, 2000 reps)
======================================================================

--- LIVE 18y (2008-09-30 -> 2026-05-15) ---
Point: Sh=1.432  CAGR=13.76%  DD=-10.71%  Ulcer=2.79%
Bootstrapping ...
  Sharpe : 95% CI [0.992, 1.870]  median 1.436
  CAGR   : 95% CI [9.61%, 18.02%]  median 13.76%
  MaxDD  : 95% CI [-19.84%, -9.28%]  median -12.82%
  Ulcer  : 95% CI [2.20%, 5.14%]  median 3.19%

--- EXT 26y stitched (2000-07-30 -> 2026-05-15) ---
Point: Sh=1.205  CAGR=11.67%  DD=-15.34%  Ulcer=4.67%
Bootstrapping ...
  Sharpe : 95% CI [0.826, 1.562]  median 1.199
  CAGR   : 95% CI [7.91%, 15.30%]  median 11.56%
  MaxDD  : 95% CI [-25.86%, -11.53%]  median -16.35%
  Ulcer  : 95% CI [3.01%, 7.47%]  median 4.32%

--- EXT 32y full stitched (1994-12-31 -> 2026-05-15) ---
Point: Sh=1.213  CAGR=12.42%  DD=-15.34%  Ulcer=4.55%
Bootstrapping ...
  Sharpe : 95% CI [0.878, 1.530]  median 1.205
  CAGR   : 95% CI [8.83%, 15.84%]  median 12.33%
  MaxDD  : 95% CI [-26.79%, -12.42%]  median -17.74%
  Ulcer  : 95% CI [3.28%, 7.25%]  median 4.56%

======================================================================
2. WALK-FORWARD: rolling 5y windows (PROD vs FCP-only vs SPY)
======================================================================

Window               PROD Sh / CAGR / DD         FCP Sh / CAGR         SPY Sh / CAGR
------------------------------------------------------------------------------------------
  1996-2001   Sh= 0.88  10.9% -13.2%  Sh= 0.82   7.9%  Sh= 0.92  17.3%
  1999-2004   Sh= 0.71   7.5% -13.2%  Sh= 0.69   6.4%  Sh= 0.07  -0.7%
  2002-2007   Sh= 1.36  13.1% -10.5%  Sh= 1.35  14.1%  Sh= 0.45   6.0%
  2005-2010   Sh= 0.69   6.4% -15.3%  Sh= 0.63   5.9%  Sh= 0.13   0.4%
  2008-2013   Sh= 0.96   8.8% -12.3%  Sh= 0.71   6.6%  Sh= 0.19   1.6%
  2011-2016   Sh= 0.92   8.0% -11.5%  Sh= 0.73   6.1%  Sh= 0.83  12.0%
  2014-2019   Sh= 1.28  10.7% -10.2%  Sh= 1.14   9.4%  Sh= 0.66   8.1%
  2017-2022   Sh= 1.77  17.4% -10.2%  Sh= 1.55  15.5%  Sh= 0.98  17.8%
  2020-2025   Sh= 0.93   9.8% -13.1%  Sh= 0.76   7.2%  Sh= 0.75  14.4%

======================================================================
3. XLP rotation OOS test: freeze at multiple cutoffs, test OOS
======================================================================

Freeze year   OOS window            PROD (with XLP) Sh    no-rotation Sh      diff
------------------------------------------------------------------------------------------
         2010  2011-01-01->2026-05  Sh= 1.34 CAGR=12.8%  Sh= 1.30   +0.04
         2013  2014-01-01->2026-05  Sh= 1.44 CAGR=13.9%  Sh= 1.40   +0.04
         2016  2017-01-01->2026-05  Sh= 1.52 CAGR=15.4%  Sh= 1.46   +0.06
         2019  2020-01-01->2026-05  Sh= 1.18 CAGR=13.1%  Sh= 1.12   +0.06
         2021  2022-01-01->2026-05  Sh= 1.36 CAGR=14.2%  Sh= 1.32   +0.04

--- `+-+` state firings per OOS window ---
  Freeze 2010 -> OOS 2011-01-01 to 2026-05-15: 185 months, 16 +-+ firings
  Freeze 2013 -> OOS 2014-01-01 to 2026-05-15: 149 months, 14 +-+ firings
  Freeze 2016 -> OOS 2017-01-01 to 2026-05-15: 113 months, 11 +-+ firings
  Freeze 2019 -> OOS 2020-01-01 to 2026-05-15: 77 months, 6 +-+ firings
  Freeze 2021 -> OOS 2022-01-01 to 2026-05-15: 53 months, 2 +-+ firings

=== DONE ===
