====================================================================================================
CANARY RULE VARIANTS v2 -- PRODUCTION ENGINE (faithful)
Universe: FCP-15.  Engine: TOP_K=7, HOLD_BUFFER=2.5, vol-target 10%, 10bps/side
====================================================================================================
Panel: 1997-10-01 -> 2026-05-15

CURRENT (SPY+TIP both+)
  Live-18y:  Sh=+1.136  CAGR=+9.54%  Vol=8.13%  DD=-10.62%  pct_RO=60.6%
  Full-25y:  Sh=+1.225  CAGR=+10.41%  Vol=8.15%  DD=-10.62%

NOCAN (no canary)
  Live-18y:  Sh=+1.203  CAGR=+12.46%  Vol=9.95%  DD=-14.90%  pct_RO=100.0%
  Full-25y:  Sh=+1.127  CAGR=+11.73%  Vol=10.03%  DD=-14.90%

HYG_ONLY (HYG+)
  Live-18y:  Sh=+1.185  CAGR=+11.23%  Vol=9.13%  DD=-14.80%  pct_RO=76.5%
  Full-25y:  Sh=+1.171  CAGR=+11.33%  Vol=9.29%  DD=-14.80%

OPT_D (def iff HYG-,SPY+,TIP-)
  Live-18y:  Sh=+1.245  CAGR=+12.59%  Vol=9.69%  DD=-15.14%  pct_RO=93.0%
  Full-25y:  Sh=+1.149  CAGR=+11.74%  Vol=9.84%  DD=-15.14%

OPT_E (def iff HYG-,SPY+)
  Live-18y:  Sh=+1.202  CAGR=+12.06%  Vol=9.64%  DD=-20.79%  pct_RO=90.6%
  Full-25y:  Sh=+1.129  CAGR=+11.45%  Vol=9.78%  DD=-20.79%

HYG_TIP (both+)
  Live-18y:  Sh=+1.122  CAGR=+9.82%  Vol=8.47%  DD=-13.94%  pct_RO=63.8%
  Full-25y:  Sh=+1.053  CAGR=+9.16%  Vol=8.44%  DD=-13.94%

HYG_TIP_ANY (either+)
  Live-18y:  Sh=+1.331  CAGR=+13.05%  Vol=9.34%  DD=-11.06%  pct_RO=84.5%
  Full-25y:  Sh=+1.199  CAGR=+12.03%  Vol=9.61%  DD=-15.23%

====================================================================================================
LIVE 18y SUMMARY (ranked by Sharpe)
====================================================================================================

  Rule                                         Sharpe   CAGR%    Vol%    MaxDD%    %RO
  -----------------------------------------------------------------------------------------------
  HYG_TIP_ANY (either+)                       +1.331   +13.05    9.34   -11.06     84.5
  OPT_D (def iff HYG-,SPY+,TIP-)              +1.245   +12.59    9.69   -15.14     93.0
  NOCAN (no canary)                           +1.203   +12.46    9.95   -14.90    100.0
  OPT_E (def iff HYG-,SPY+)                   +1.202   +12.06    9.64   -20.79     90.6
  HYG_ONLY (HYG+)                             +1.185   +11.23    9.13   -14.80     76.5
  CURRENT (SPY+TIP both+)                     +1.136    +9.54    8.13   -10.62     60.6
  HYG_TIP (both+)                             +1.122    +9.82    8.47   -13.94     63.8

====================================================================================================
FULL 25y SUMMARY (ranked by Sharpe)
====================================================================================================

  Rule                                         Sharpe   CAGR%    Vol%    MaxDD%
  -----------------------------------------------------------------------------------------------
  CURRENT (SPY+TIP both+)                     +1.225   +10.41    8.15   -10.62
  HYG_TIP_ANY (either+)                       +1.199   +12.03    9.61   -15.23
  HYG_ONLY (HYG+)                             +1.171   +11.33    9.29   -14.80
  OPT_D (def iff HYG-,SPY+,TIP-)              +1.149   +11.74    9.84   -15.14
  OPT_E (def iff HYG-,SPY+)                   +1.129   +11.45    9.78   -20.79
  NOCAN (no canary)                           +1.127   +11.73   10.03   -14.90
  HYG_TIP (both+)                             +1.053    +9.16    8.44   -13.94

====================================================================================================