## DSR/PSR with current 13612U canonical canary (oracle-v6 spec)


  ETF-live 18y (n=4740 days, ~18.8y)
    Sharpe (annual): 1.476, skew -0.34, kurt +5.85
    PSR(>0)   100.0%
    PSR(>0.5) 100.0%
    PSR(>1.0)  97.8%
    PSR(>1.2)  87.9%
    DSR N= 100: SR*=0.584 -> 100.0%
    DSR N= 300: SR*=0.668 -> 100.0%
    DSR N=1000: SR*=0.751 ->  99.9%
    DSR N=3000: SR*=0.820 ->  99.7%

  TEST OOS 17-26 (n=2391 days, ~9.5y)
    Sharpe (annual): 1.639, skew -0.39, kurt +7.56
    PSR(>0)   100.0%
    PSR(>0.5) 100.0%
    PSR(>1.0)  97.2%
    PSR(>1.2)  90.5%
    DSR N= 100: SR*=0.822 ->  99.3%
    DSR N= 300: SR*=0.940 ->  98.2%
    DSR N=1000: SR*=1.057 ->  95.9%
    DSR N=3000: SR*=1.155 ->  92.6%

  EXT 32y (n=8391 days, ~33.3y)
    Sharpe (annual): 1.276, skew -0.29, kurt +5.83
    PSR(>0)   100.0%
    PSR(>0.5) 100.0%
    PSR(>1.0)  94.2%
    PSR(>1.2)  66.7%
    DSR N= 100: SR*=0.439 -> 100.0%
    DSR N= 300: SR*=0.502 -> 100.0%
    DSR N=1000: SR*=0.564 -> 100.0%
    DSR N=3000: SR*=0.616 -> 100.0%
