================================================================================================================
FCP + PP-IEF BLEND REVISIT — CURRENT PRODUCTION SPEC (FCP-15 with XLV)
Generated: 2026-05-16T08:24:54.816564
Windows: Hybrid 1997-08-31 | Live-only 2008-09-30
Blend ratios w_FCP: [1.0, 0.9, 0.8, 0.7, 0.6, 0.5, 0.4, 0.3, 0.2, 0.0]
Bootstrap B=3000, block=21d, seed=42
Tax drag: FCP=1.5%/y, PP-IEF=0.3%/y
================================================================================================================

Loading price panel...
Panel: 1993-10-01 -> 2026-05-14, 46 assets

Running FCP standalone backtest (vol-target ON, 10bps/side)...
FCP: 1997-09-01 -> 2026-05-14 (7435 days)
Running PP-IEF static backtest (monthly rebal, 25/25/25/25)...
PP:  1997-09-01 -> 2026-05-14 (7435 days)

================================================================================================================
EXPERIMENT 1+2: BLEND RATIO SWEEP & OPTIMAL BLEND
================================================================================================================

----------------------------------------------------------------------------------------------------------------
  Window: Hybrid 28.7y  (1997-09-01 -> 2026-05-14, 29.5y)
----------------------------------------------------------------------------------------------------------------
  Strategy                            Sh      Srt       CAGR     MaxDD      UPI     Pain      Vol    Yrs
  -----------------------------------------------------------------------------------------------------------
  w_FCP=1.0                        1.186     1.43     +10.18%    -10.72%     2.73     3.70    0.085   29.5
  w_FCP=0.9                        1.232     1.51      +9.89%    -10.19%     2.91     3.96    0.079   29.5
  w_FCP=0.8                        1.275     1.58      +9.60%     -9.82%     3.09     4.25    0.074   29.5
  w_FCP=0.7                        1.313     1.66      +9.30%     -9.45%     3.25     4.50    0.070   29.5
  w_FCP=0.6                        1.341     1.72      +8.99%     -9.10%     3.36     4.69    0.066   29.5
  w_FCP=0.5                        1.352     1.77      +8.68%     -9.13%     3.43     4.86    0.063   29.5
  w_FCP=0.4                        1.342     1.79      +8.36%     -9.84%     3.44     4.97    0.061   29.5
  w_FCP=0.3                        1.307     1.77      +8.03%    -10.76%     3.36     4.96    0.061   29.5
  w_FCP=0.2                        1.248     1.70      +7.70%    -12.19%     3.18     4.81    0.061   29.5
  w_FCP=0.0                        1.074     1.46      +7.01%    -15.53%     2.60     4.02    0.065   29.5

  >> Max-Sharpe blend : w_FCP=0.5  Sharpe=1.352
  >> Max-UPI blend    : w_FCP=0.4  UPI   =3.44
  >> FCP standalone   : w_FCP=1.0  Sharpe=1.186  UPI=2.73
  >> PP-IEF alone     : w_FCP=0.0  Sharpe=1.074  UPI=2.60

----------------------------------------------------------------------------------------------------------------
  Window: Live-only 18y  (2008-09-30 -> 2026-05-14, 18.0y)
----------------------------------------------------------------------------------------------------------------
  Strategy                            Sh      Srt       CAGR     MaxDD      UPI     Pain      Vol    Yrs
  -----------------------------------------------------------------------------------------------------------
  w_FCP=1.0                        1.198     1.46      +9.95%    -10.72%     2.58     3.53    0.082   18.0
  w_FCP=0.9                        1.245     1.56      +9.69%    -10.19%     2.73     3.76    0.077   18.0
  w_FCP=0.8                        1.288     1.64      +9.44%     -9.82%     2.89     4.01    0.072   18.0
  w_FCP=0.7                        1.323     1.71      +9.17%     -9.45%     3.01     4.21    0.068   18.0
  w_FCP=0.6                        1.344     1.76      +8.90%     -9.10%     3.11     4.38    0.065   18.0
  w_FCP=0.5                        1.346     1.79      +8.62%     -9.13%     3.18     4.51    0.063   18.0
  w_FCP=0.4                        1.324     1.77      +8.33%     -9.84%     3.21     4.62    0.062   18.0
  w_FCP=0.3                        1.278     1.71      +8.04%    -10.55%     3.17     4.65    0.062   18.0
  w_FCP=0.2                        1.210     1.61      +7.74%    -11.28%     3.05     4.53    0.063   18.0
  w_FCP=0.0                        1.034     1.35      +7.12%    -12.76%     2.58     3.86    0.069   18.0

  >> Max-Sharpe blend : w_FCP=0.5  Sharpe=1.346
  >> Max-UPI blend    : w_FCP=0.4  UPI   =3.21
  >> FCP standalone   : w_FCP=1.0  Sharpe=1.198  UPI=2.58
  >> PP-IEF alone     : w_FCP=0.0  Sharpe=1.034  UPI=2.58

================================================================================================================
EXPERIMENT 4: BOOTSTRAP SHARPE-DIFFERENCE TEST (B=3000, block=21d)
  Comparisons: best_blend vs FCP | best_blend vs PP-IEF | FCP vs PP-IEF
  95% CI = percentile block-bootstrap (Politis-Romano style)
================================================================================================================

  Window: Hybrid 28.7y | Best-Sharpe blend: w_FCP=0.5
  Comparison                                     PointDSh     CI_lo     CI_hi    P(A>B)  Verdict
  BestBlend(w=0.5) vs FCP                          +0.166    +0.000    +0.332     0.975  A wins (95%)
  BestBlend(w=0.5) vs PP-IEF                       +0.279    +0.047    +0.515     0.992  A wins (95%)
  FCP vs PP-IEF                                    +0.113    -0.271    +0.496     0.720  inconclusive (CI crosses 0)

  Sharpe 95% CI (block bootstrap):
    BestBlend(w=0.5)                  Sh=+1.352  95%CI=[+1.021, +1.693]
    FCP standalone                    Sh=+1.186  95%CI=[+0.863, +1.525]
    PP-IEF                            Sh=+1.074  95%CI=[+0.742, +1.417]

  Window: Live-only 18y | Best-Sharpe blend: w_FCP=0.5
  Comparison                                     PointDSh     CI_lo     CI_hi    P(A>B)  Verdict
  BestBlend(w=0.5) vs FCP                          +0.147    -0.046    +0.400     0.940  inconclusive (CI crosses 0)
  BestBlend(w=0.5) vs PP-IEF                       +0.312    -0.005    +0.571     0.973  inconclusive (CI crosses 0)
  FCP vs PP-IEF                                    +0.164    -0.390    +0.595     0.667  inconclusive (CI crosses 0)

  Sharpe 95% CI (block bootstrap):
    BestBlend(w=0.5)                  Sh=+1.346  95%CI=[+0.940, +1.817]
    FCP standalone                    Sh=+1.198  95%CI=[+0.780, +1.628]
    PP-IEF                            Sh=+1.034  95%CI=[+0.647, +1.548]

================================================================================================================
EXPERIMENT 5: TAX-DRAG SCENARIO
  FCP tax drag:    1.5% p.a. -> 0.0060%/day
  PP-IEF tax drag: 0.3% p.a. -> 0.0012%/day
  Method: subtract drag from raw daily return series, then blend
================================================================================================================

  Window: Hybrid 28.7y
  Strategy                Sh(pre-tax)  Sh(post-tax)   CAGR(post)     MaxDD   UPI(post)
  ------------------------------------------------------------------------------------------
  w_FCP=1.0                    1.186         1.009       +8.54%   -12.58%        1.92
  w_FCP=0.9                    1.232         1.058       +8.39%   -11.68%        2.07
  w_FCP=0.8                    1.275         1.105       +8.23%   -11.11%        2.25
  w_FCP=0.7                    1.313         1.150       +8.06%   -10.63%        2.42
  w_FCP=0.6                    1.341         1.186       +7.89%   -10.15%        2.60
  w_FCP=0.5                    1.352         1.210       +7.71%    -9.79%        2.73
  w_FCP=0.4                    1.342         1.215       +7.52%   -10.41%        2.81
  w_FCP=0.3                    1.307         1.198       +7.32%   -11.02%        2.83
  w_FCP=0.2                    1.248         1.159       +7.12%   -12.45%        2.76
  w_FCP=0.0                    1.074         1.028       +6.69%   -15.71%        2.40

  >> Tax-adj Max-Sharpe blend: w_FCP=0.4  Sh=1.215
  >> Tax-adj Max-UPI blend:    w_FCP=0.3  UPI=2.83

  Window: Live-only 18y
  Strategy                Sh(pre-tax)  Sh(post-tax)   CAGR(post)     MaxDD   UPI(post)
  ------------------------------------------------------------------------------------------
  w_FCP=1.0                    1.198         1.015       +8.31%   -12.58%        1.75
  w_FCP=0.9                    1.245         1.065       +8.19%   -11.68%        1.90
  w_FCP=0.8                    1.288         1.113       +8.07%   -11.11%        2.05
  w_FCP=0.7                    1.323         1.155       +7.93%   -10.63%        2.21
  w_FCP=0.6                    1.344         1.187       +7.79%   -10.15%        2.38
  w_FCP=0.5                    1.346         1.202       +7.65%    -9.79%        2.50
  w_FCP=0.4                    1.324         1.198       +7.49%   -10.41%        2.59
  w_FCP=0.3                    1.278         1.172       +7.33%   -11.02%        2.65
  w_FCP=0.2                    1.210         1.125       +7.16%   -11.66%        2.63
  w_FCP=0.0                    1.034         0.990       +6.80%   -12.97%        2.38

  >> Tax-adj Max-Sharpe blend: w_FCP=0.5  Sh=1.202
  >> Tax-adj Max-UPI blend:    w_FCP=0.3  UPI=2.65

================================================================================================================
SUMMARY: KEY BLEND RATIOS — BOTH WINDOWS
================================================================================================================

  Hybrid 28.7y
  Strategy                     Sh      Srt       CAGR     MaxDD      UPI     Pain  Note
  --------------------------------------------------------------------------------------------------------
  w_FCP=1.0                1.186     1.43    +10.18%   -10.72%     2.73     3.70  FCP only
  w_FCP=0.8                1.275     1.58     +9.60%    -9.82%     3.09     4.25  
  w_FCP=0.7                1.313     1.66     +9.30%    -9.45%     3.25     4.50  production
  w_FCP=0.6                1.341     1.72     +8.99%    -9.10%     3.36     4.69  
  w_FCP=0.5                1.352     1.77     +8.68%    -9.13%     3.43     4.86  MaxSharpe
  w_FCP=0.3                1.307     1.77     +8.03%   -10.76%     3.36     4.96  
  w_FCP=0.0                1.074     1.46     +7.01%   -15.53%     2.60     4.02  PP-IEF only

  Live-only 18y
  Strategy                     Sh      Srt       CAGR     MaxDD      UPI     Pain  Note
  --------------------------------------------------------------------------------------------------------
  w_FCP=1.0                1.198     1.46     +9.95%   -10.72%     2.58     3.53  FCP only
  w_FCP=0.8                1.288     1.64     +9.44%    -9.82%     2.89     4.01  
  w_FCP=0.7                1.323     1.71     +9.17%    -9.45%     3.01     4.21  production
  w_FCP=0.6                1.344     1.76     +8.90%    -9.10%     3.11     4.38  
  w_FCP=0.5                1.346     1.79     +8.62%    -9.13%     3.18     4.51  MaxSharpe
  w_FCP=0.3                1.278     1.71     +8.04%   -10.55%     3.17     4.65  
  w_FCP=0.0                1.034     1.35     +7.12%   -12.76%     2.58     3.86  PP-IEF only

================================================================================================================
Done in 2.0s
================================================================================================================
