=================================================================================================================================================
FCP DEFLATED SHARPE / PSR ANALYSIS
Bailey & Lopez de Prado 2014: P(true SR > E[max under null with N trials])
=================================================================================================================================================

Number of distinct strategy variants effectively tested across FCP development:
  - Universe (factor lists, intl, diversifiers) ~ 5
  - TOP_K_CANDIDATES (3 5, 7, 10, 12, 15) ~ 6
  - HOLD_BUFFER (0, 1, 2, 3, 4, 5) ~ 6
  - CORR_LOOKBACK_DAYS (126, 189, 252, 378, 504, 756) ~ 6
  - TARGET_VOL (6, 8, 10, 12, 15, 20) ~ 6
  - VOL_LOOKBACK_DAYS (21, 42, 63, 126, 252) ~ 5
  - MAX_LEVERAGE (1.0, 1.2, 1.5, 2.0) ~ 4
  - Vol target on/off ~ 2
  - Canary variants tested historically ~ 4
  - Pair selection rule (lowcorr/minvol/topK/lowvol) ~ 4
  - Cost levels tested ~ 5
  - Signal (Faber SMA, 13612W, 6mo) ~ 3
  - SAFE_POOL composition ~ 3

  Conservative product N: ~50-100 effective trials.
  Aggressive product (cross effects): ~250-500.

=================================================================================================================================================
Hybrid 28.7y window (1997-08 to 2026-05)
=================================================================================================================================================

  FCP vol-target ON: point Sharpe = 1.208, n_obs = 7435
    N trials    threshold SR      PSR   Survives?
  --------------------------------------------------
           1          0.000   100.0%       YES *
          10          0.274   100.0%       YES *
          50          0.388   100.0%       YES *
         100          0.432   100.0%       YES *
         250          0.486   100.0%       YES *
         500          0.524   100.0%       YES *
        1000          0.561   100.0%       YES *

  FCP vol-target OFF: point Sharpe = 1.150, n_obs = 7435
    N trials    threshold SR      PSR   Survives?
  --------------------------------------------------
           1          0.000   100.0%       YES *
          10          0.274   100.0%       YES *
          50          0.388   100.0%       YES *
         100          0.432   100.0%       YES *
         250          0.486   100.0%       YES *
         500          0.524   100.0%       YES *
        1000          0.561    99.9%       YES *

=================================================================================================================================================
Live-only 18y window (2008-09 to 2026-05)
=================================================================================================================================================

  FCP vol-target ON: point Sharpe = 1.196, n_obs = 4544
    N trials    threshold SR      PSR   Survives?
  --------------------------------------------------
           1          0.000   100.0%       YES *
          10          0.351   100.0%       YES *
          50          0.496    99.8%       YES *
         100          0.552    99.7%       YES *
         250          0.622    99.3%       YES *
         500          0.671    98.7%       YES *
        1000          0.717    97.9%       YES *

  FCP vol-target OFF: point Sharpe = 1.124, n_obs = 4544
    N trials    threshold SR      PSR   Survives?
  --------------------------------------------------
           1          0.000   100.0%       YES *
          10          0.351    99.9%       YES *
          50          0.496    99.6%       YES *
         100          0.552    99.2%       YES *
         250          0.621    98.3%       YES *
         500          0.671    97.3%       YES *
        1000          0.717    95.8%       YES *

=================================================================================================================================================
REFERENCE: MVP comparison (live-only 18y)
=================================================================================================================================================
  MVP standalone Sharpe ~0.76 (live-only 18y)
  N_trials = 10:  PSR ~96%
  N_trials = 50:  PSR ~88%  (FAILS robustness threshold)
  N_trials = 100: PSR ~83%  (FAILS)
  -> MVP marked as selection-bias-suspect, archived as not-deployable
  Compare above: does FCP do better or worse?
