HTTP Error 404: {"quoteSummary":{"result":null,"error":{"code":"Not Found","description":"Quote not found for symbol: TBQRX"}}}
$TBQRX: possibly delisted; no timezone found

1 Failed download:
['TBQRX']: possibly delisted; no timezone found
==========================================================================================
  FCP vs ReSolve RDMIX Live Fund — Head-to-Head Comparison
==========================================================================================
  Window start: 2018-03-01

[1] Fetching RDMIX ...
  RDMIX: 2018-03-01 -> 2026-05-15 (2064 days)
  TBQRX: not available (index 0 is out of bounds for axis 0 with size 0)

[2] Loading panel & running FCP (2018-03-01 -> 2026-05-15) ...
  Panel: 2016-12-01 -> 2026-05-14, 46 assets
  FCP gross: 2018-03-01 -> 2026-05-14 (2087 days)

[3] Building SPY, 60/40, PP-IEF ...
  Aligned: 2063 days (2018-03-01 -> 2026-05-14)

[4] Computing metrics ...

========================================================================================================================
  PERFORMANCE METRICS
========================================================================================================================
  Strategy                          CAGR%   TotRet%    Vol%   Sharpe  Sortino   MaxDD%   Calmar     UPI
  --------------------------------------------------------------------------------------------------------------------
  FCP (gross, 10bps cost)           11.57    145.45    8.67    1.308    1.510   -10.72    1.079   2.917
  FCP (net -1% fee equiv)           10.47    126.26    8.67    1.194    1.437   -11.96    0.875   2.345
  RDMIX (live, net ~1%)              4.91     48.14   11.51    0.475    0.611   -21.92    0.224   0.491
  SPY buy-hold                      14.75    209.20   19.22    0.814    1.000   -33.72    0.438   1.890
  60/40 SPY/IEF                      9.99    118.30   11.50    0.887    1.117   -21.02    0.475   1.585
  PP-IEF static                      9.25    106.61    7.08    1.288    1.702   -12.76    0.725   3.098

[5] Cross-correlation (monthly returns) ...

  Pearson correlation (monthly returns):
           FCP_gross  FCP_net  RDMIX    SPY  60_40  PP_IEF
FCP_gross      1.000    1.000  0.217  0.177  0.266   0.475
FCP_net        1.000    1.000  0.217  0.177  0.266   0.475
RDMIX          0.217    0.217  1.000  0.374  0.336   0.235
SPY            0.177    0.177  0.374  1.000  0.964   0.720
60_40          0.266    0.266  0.336  0.964  1.000   0.816
PP_IEF         0.475    0.475  0.235  0.720  0.816   1.000

  FCP vs RDMIX monthly corr: 0.217 -> LOW — genuinely different return drivers

[6] Bootstrap Sharpe-diff CI (N=5000, block=6mo) ...

  FCP_gross - RDMIX: +0.822  95% CI [+0.098, +1.787]  P(diff<=0)=0.015
  -> CI entirely positive -> FCP_gross statistically superior (95%)

  FCP_net  - RDMIX: +0.708  95% CI [-0.016, +1.665]  P(diff<=0)=0.027
  -> CI spans zero -> difference not significant at 95%

[7] Drawdown overlap analysis (top 5 each) ...

  Worst FCP drawdowns — what was RDMIX doing concurrently?
          Peak       Trough     Recovery   FCP DD%   RDMIX DD%   Overlap?
  ------------------------------------------------------------------------
    2021-12-29   2023-05-25   2024-02-07    -10.72%     -19.96%        YES
    2021-02-12   2021-05-12   2021-06-29     -6.99%      -3.19%        YES
    2026-01-29   2026-03-26      ongoing     -6.81%      -4.06%        YES
    2021-09-03   2021-12-01   2021-12-27     -6.07%      -6.97%        YES
    2019-09-04   2019-11-11   2020-01-24     -5.90%      -3.96%        YES

  Worst RDMIX drawdowns — what was FCP doing concurrently?
          Peak       Trough     Recovery   RDMIX DD%   FCP DD%   Overlap?
  ------------------------------------------------------------------------
    2020-02-20   2020-06-05   2021-10-15      -21.92%     -4.15%        YES
    2022-05-16   2023-03-24   2025-10-20      -19.96%     -9.62%        YES
    2018-05-22   2018-11-23   2019-06-20      -15.61%     -3.30%        YES
    2021-11-15   2021-12-20   2022-03-08       -7.51%     -3.74%        YES
    2025-11-12   2026-01-20   2026-03-02       -6.10%     -2.59%        YES

[8] Net vs Gross verdict ...
  FCP gross: Sharpe 1.308, CAGR 11.57%
  FCP net:   Sharpe 1.194, CAGR 10.47%
  RDMIX:     Sharpe 0.475, CAGR 4.91%
  Fee drag:  -Sharpe 0.115, -CAGR 1.10pp
  -> FCP net BEATS RDMIX net on Sharpe (1.194 > 0.475)

==========================================================================================
  CAVEATS & ASSUMPTIONS
==========================================================================================
  * FCP = backtest; RDMIX = live fund. Comparison is backtest vs real-money.
  * FCP gross cost = 10bps/side; backtest selection bias from prior research possible.
  * FCP net-equiv: -1.0%/yr daily-subtracted fee drag; no actual advisory fee charged.
  * RDMIX: 0.95% mgmt fee; net returns used. USD Class I since 2018-02 under ReSolve.
  * Only 2018-03+ used; pre-2018 RDMIX had different sub-advisor and different strategy.
  * Vol-target on both: FCP targets 10%, RDMIX targets ~8% — different vol regimes.
  * Bootstrap CI block=6mo captures most AR(1); longer blocks possible for robustness.
  * FCP universe finalized with hindsight; some look-ahead bias in universe selection.
  * ReSolve CAD 8%-vol public returns: 1y=2.17%, 3y=8.10%, 5y=5.03%, incep=5.33%.
  * RDMIX USD Class I: 5y=5.62%, incep=5.73% (per investresolve.com, as of 2026-05).

  Total elapsed: 5.4s
==========================================================================================
