Panel 1997-12-10 -> 2026-05-22 (7181 rows)

============================================================================================
BLEND 60/40 (PRIMARY)
============================================================================================

-- CLEAN 18y --
variant           Sharpe     CAGR    MaxDD  Calmar     Vol
----------------------------------------------------------
REF-OFF            1.310   14.01%  -11.59%   1.208  10.46%
REF-ON-sameday     1.351   13.60%   -9.82%   1.385   9.84%
REF-ON-lag         1.258   12.58%  -10.00%   1.257   9.84%
S1-60              1.292   12.98%  -10.00%   1.297   9.86%
S1-120             1.286   12.68%  -10.00%   1.268   9.69%
S2-EMA             1.266   12.72%  -10.00%   1.272   9.89%
S3-MONTHLY         1.333   13.09%  -11.59%   1.129   9.61%
S4-LAGINPUT        1.240   12.49%  -10.00%   1.248   9.93%
S5-VOLTGT          1.247   12.28%  -10.00%   1.228   9.71%

-- EXT 27y --
variant           Sharpe     CAGR    MaxDD  Calmar     Vol
----------------------------------------------------------
REF-OFF            1.233   13.22%  -12.24%   1.080  10.52%
REF-ON-sameday     1.280   12.84%  -11.79%   1.089   9.82%
REF-ON-lag         1.195   11.91%  -12.06%   0.988   9.82%
S1-60              1.219   12.16%  -11.35%   1.072   9.81%
S1-120             1.256   12.44%  -11.35%   1.097   9.71%
S2-EMA             1.215   12.11%  -11.11%   1.091   9.81%
S3-MONTHLY         1.266   12.67%  -12.24%   1.035   9.81%
S4-LAGINPUT        1.187   11.88%  -12.06%   0.985   9.87%
S5-VOLTGT          1.185   11.65%  -12.06%   0.966   9.70%

-- dot-com --
variant           Sharpe     CAGR    MaxDD  Calmar     Vol
----------------------------------------------------------
REF-OFF            0.926    6.21%   -6.10%   1.019   7.47%
REF-ON-sameday     0.932    5.79%   -5.98%   0.969   6.83%
REF-ON-lag         0.844    5.15%   -6.36%   0.811   6.83%
S1-60              0.915    5.60%   -5.98%   0.936   6.75%
S1-120             0.974    5.88%   -5.47%   1.074   6.61%
S2-EMA             0.844    5.15%   -6.36%   0.811   6.83%
S3-MONTHLY         1.075    7.27%   -6.10%   1.192   7.34%
S4-LAGINPUT        0.844    5.15%   -6.36%   0.811   6.83%
S5-VOLTGT          0.843    5.10%   -6.34%   0.804   6.77%

-- GFC --
variant           Sharpe     CAGR    MaxDD  Calmar     Vol
----------------------------------------------------------
REF-OFF            0.050   -0.59%  -10.00%  -0.059  11.69%
REF-ON-sameday     0.268    2.00%   -9.33%   0.214  11.76%
REF-ON-lag         0.050   -0.59%  -10.00%  -0.059  11.69%
S1-60              0.050   -0.59%  -10.00%  -0.059  11.69%
S1-120             0.050   -0.59%  -10.00%  -0.059  11.69%
S2-EMA             0.050   -0.59%  -10.00%  -0.059  11.69%
S3-MONTHLY         0.172    0.82%  -10.00%   0.081  11.21%
S4-LAGINPUT        0.050   -0.59%  -10.00%  -0.059  11.69%
S5-VOLTGT          0.085   -0.17%  -10.00%  -0.017  11.41%

-- COVID --
variant           Sharpe     CAGR    MaxDD  Calmar     Vol
----------------------------------------------------------
REF-OFF            1.011   20.80%   -9.82%   2.118  20.97%
REF-ON-sameday     1.515   31.46%   -9.82%   3.204  18.68%
REF-ON-lag         1.767   37.31%   -9.82%   3.800  18.78%
S1-60              1.011   20.80%   -9.82%   2.118  20.97%
S1-120             1.712   37.77%   -9.82%   3.847  18.78%
S2-EMA             1.767   37.31%   -9.82%   3.800  18.78%
S3-MONTHLY         0.931   20.39%   -9.82%   2.077  20.97%
S4-LAGINPUT        1.011   20.80%   -9.82%   2.118  20.97%
S5-VOLTGT          1.767   37.31%   -9.82%   3.800  18.78%

-- 2022 --
variant           Sharpe     CAGR    MaxDD  Calmar     Vol
----------------------------------------------------------
REF-OFF            0.502    3.54%   -5.23%   0.677   6.39%
REF-ON-sameday     0.819    4.84%   -5.84%   0.829   6.16%
REF-ON-lag         0.489    3.52%   -5.84%   0.604   5.99%
S1-60              0.489    3.52%   -5.84%   0.604   5.99%
S1-120             0.150    1.26%   -5.84%   0.215   6.87%
S2-EMA             0.489    3.52%   -5.84%   0.604   5.99%
S3-MONTHLY         0.502    3.54%   -5.23%   0.677   6.39%
S4-LAGINPUT        0.519    3.44%   -5.84%   0.589   5.96%
S5-VOLTGT          0.489    3.52%   -5.84%   0.604   5.99%

============================================================================================
BULL solo (SECONDARY)
============================================================================================

-- CLEAN 18y --
variant           Sharpe     CAGR    MaxDD  Calmar     Vol
----------------------------------------------------------
REF-OFF            1.038   13.20%  -20.71%   0.637  12.77%
REF-ON-sameday     1.103   11.80%  -12.02%   0.982  10.66%
REF-ON-lag         0.929    9.78%  -15.64%   0.625  10.69%
S1-60              1.017   10.77%  -13.66%   0.788  10.65%
S1-120             0.983   10.04%  -17.42%   0.576  10.31%
S2-EMA             0.953   10.13%  -15.05%   0.673  10.77%
S3-MONTHLY         0.993   10.92%  -20.71%   0.527  11.10%
S4-LAGINPUT        0.890    9.54%  -13.66%   0.699  10.95%
S5-VOLTGT          0.900    9.07%  -15.79%   0.575  10.27%

-- EXT 27y --
variant           Sharpe     CAGR    MaxDD  Calmar     Vol
----------------------------------------------------------
REF-OFF            0.949   11.83%  -20.71%   0.571  12.62%
REF-ON-sameday     0.980   10.27%  -12.49%   0.823  10.54%
REF-ON-lag         0.841    8.68%  -15.64%   0.555  10.56%
S1-60              0.899    9.30%  -13.66%   0.681  10.50%
S1-120             0.983    9.99%  -17.42%   0.573  10.21%
S2-EMA             0.880    9.17%  -15.05%   0.609  10.60%
S3-MONTHLY         0.948   10.47%  -20.71%   0.505  11.15%
S4-LAGINPUT        0.824    8.60%  -13.66%   0.629  10.70%
S5-VOLTGT          0.817    8.07%  -15.79%   0.511  10.12%

-- dot-com --
variant           Sharpe     CAGR    MaxDD  Calmar     Vol
----------------------------------------------------------
REF-OFF            0.647    6.62%  -12.49%   0.531  11.27%
REF-ON-sameday     0.522    4.46%  -12.49%   0.357   9.12%
REF-ON-lag         0.483    4.10%  -12.49%   0.328   9.13%
S1-60              0.626    5.22%  -12.49%   0.418   8.69%
S1-120             0.757    5.96%  -12.34%   0.483   8.05%
S2-EMA             0.483    4.10%  -12.49%   0.328   9.13%
S3-MONTHLY         0.899    9.32%  -12.49%   0.747  10.82%
S4-LAGINPUT        0.483    4.10%  -12.49%   0.328   9.13%
S5-VOLTGT          0.482    3.98%  -12.21%   0.326   8.87%

-- GFC --
variant           Sharpe     CAGR    MaxDD  Calmar     Vol
----------------------------------------------------------
REF-OFF            0.426    3.98%  -13.66%   0.292  11.39%
REF-ON-sameday     0.747    7.93%  -10.10%   0.786  11.47%
REF-ON-lag         0.426    3.98%  -13.66%   0.292  11.39%
S1-60              0.426    3.98%  -13.66%   0.292  11.39%
S1-120             0.426    3.98%  -13.66%   0.292  11.39%
S2-EMA             0.426    3.98%  -13.66%   0.292  11.39%
S3-MONTHLY         0.773    7.64%  -10.40%   0.734  10.62%
S4-LAGINPUT        0.426    3.98%  -13.66%   0.292  11.39%
S5-VOLTGT          0.549    5.09%  -11.51%   0.442  10.59%

-- COVID --
variant           Sharpe     CAGR    MaxDD  Calmar     Vol
----------------------------------------------------------
REF-OFF            0.061   -3.90%  -12.44%  -0.314  20.33%
REF-ON-sameday     2.229   33.79%   -4.68%   7.227  12.48%
REF-ON-lag         2.481   32.66%   -4.68%   6.986  12.57%
S1-60              0.061   -3.90%  -12.44%  -0.314  20.33%
S1-120             2.298   33.79%   -4.68%   7.227  12.46%
S2-EMA             2.481   32.66%   -4.68%   6.986  12.57%
S3-MONTHLY        -0.146   -4.69%  -12.44%  -0.377  20.22%
S4-LAGINPUT        0.061   -3.90%  -12.44%  -0.314  20.33%
S5-VOLTGT          2.481   32.66%   -4.68%   6.986  12.57%

-- 2022 --
variant           Sharpe     CAGR    MaxDD  Calmar     Vol
----------------------------------------------------------
REF-OFF            0.189    0.69%   -9.73%   0.071   8.60%
REF-ON-sameday     2.985    0.97%   -0.30%   3.208   0.31%
REF-ON-lag         2.985    0.97%   -0.30%   3.208   0.31%
S1-60              2.985    0.97%   -0.30%   3.208   0.31%
S1-120            -0.717   -4.47%   -9.73%  -0.459   5.32%
S2-EMA             2.985    0.97%   -0.30%   3.208   0.31%
S3-MONTHLY         0.189    0.69%   -9.73%   0.071   8.60%
S4-LAGINPUT        1.944    0.76%   -0.50%   1.521   0.69%
S5-VOLTGT          2.985    0.97%   -0.30%   3.208   0.31%

============================================================================================
RANK SUMMARY: clean 18y, honest lag (refs noted)
============================================================================================
variant          BLEND Sh  BLEND DD  BULL Sh   BULL DD vs FLOOR(bSh)
----------------------------------------------------------------------
REF-OFF             1.310   -11.59%    1.038   -20.71%        +0.000
REF-ON-sameday      1.351    -9.82%    1.103   -12.02%        +0.041
REF-ON-lag          1.258   -10.00%    0.929   -15.64%        -0.052
S1-60               1.292   -10.00%    1.017   -13.66%        -0.018
S1-120              1.286   -10.00%    0.983   -17.42%        -0.024
S2-EMA              1.266   -10.00%    0.953   -15.05%        -0.044
S3-MONTHLY          1.333   -11.59%    0.993   -20.71%        +0.023
S4-LAGINPUT         1.240   -10.00%    0.890   -13.66%        -0.070
S5-VOLTGT           1.247   -10.00%    0.900   -15.79%        -0.063

DONE
