## B: Covariance lookback sensitivity (FCP standalone)

  LIVE 18y:
    Lookback   | FCP Sh  CAGR    DD | 70/30 Sh  CAGR
     126d     | 1.224  11.76% -15.8% | 1.495  14.83%
     252d     | 1.204  11.55% -15.8% | 1.481  14.68%
     504d     | 1.221  11.73% -14.3% | 1.497  14.81%
     756d     | 1.268  12.18% -14.3% | 1.532  15.13% <- PROD
    1008d     | 1.291  12.45% -14.3% | 1.545  15.33%
    1260d     | 1.291  12.45% -14.3% | 1.545  15.33%

  EXT 32y:
    Lookback   | FCP Sh  CAGR    DD | 70/30 Sh  CAGR
     126d     | 1.076  10.09% -16.0% | 1.290  13.25%
     252d     | 1.058   9.93% -15.8% | 1.275  13.13%
     504d     | 1.080  10.14% -15.1% | 1.294  13.28%
     756d     | 1.104  10.48% -13.8% | 1.305  13.53% <- PROD
    1008d     | 1.113  10.47% -15.1% | 1.316  13.52%
    1260d     | 1.123  10.52% -15.4% | 1.331  13.57%

  TEST OOS:
    Lookback   | FCP Sh  CAGR    DD | 70/30 Sh  CAGR
     126d     | 1.281  12.80% -15.3% | 1.671  17.33%
     252d     | 1.184  11.81% -15.3% | 1.611  16.62%
     504d     | 1.260  12.57% -13.4% | 1.664  17.17%
     756d     | 1.357  13.56% -10.8% | 1.725  17.89% <- PROD
    1008d     | 1.336  13.44% -14.2% | 1.721  17.81%
    1260d     | 1.336  13.44% -14.2% | 1.721  17.81%


## K: FCP-Core variant (drop QQQ+IGM from FCP, BULL still owns QQQ)

  LIVE 18y:
    Variant                          | FCP Sh  CAGR    DD | 70/30 Sh  CAGR    DD
    Full 11 (PROD)                   | 1.268  12.18% -14.3% | 1.532  15.13% -12.3%
    FCP-Core (drop QQQ+IGM, n=9)     | 1.130  10.85% -16.7% | 1.452  14.19% -12.3%
    FCP-Core (drop QQQ only, n=10)   | 1.150  11.06% -14.4% | 1.451  14.33% -12.3%
    FCP-Core (drop IGM only, n=10)   | 1.240  11.92% -14.4% | 1.513  14.95% -12.3%

  EXT 32y:
    Variant                          | FCP Sh  CAGR    DD | 70/30 Sh  CAGR    DD
    Full 11 (PROD)                   | 1.104  10.48% -13.8% | 1.305  13.53% -16.7%
    FCP-Core (drop QQQ+IGM, n=9)     | 1.018   9.62% -16.7% | 1.265  12.92% -16.8%
    FCP-Core (drop QQQ only, n=10)   | 1.038   9.86% -14.4% | 1.262  13.08% -16.8%
    FCP-Core (drop IGM only, n=10)   | 1.085  10.30% -14.4% | 1.292  13.40% -16.7%

  TEST OOS:
    Variant                          | FCP Sh  CAGR    DD | 70/30 Sh  CAGR    DD
    Full 11 (PROD)                   | 1.357  13.56% -10.8% | 1.725  17.89% -12.3%
    FCP-Core (drop QQQ+IGM, n=9)     | 1.207  11.91% -16.7% | 1.635  16.70% -12.3%
    FCP-Core (drop QQQ only, n=10)   | 1.204  12.05% -14.4% | 1.634  16.80% -12.3%
    FCP-Core (drop IGM only, n=10)   | 1.306  13.06% -14.4% | 1.689  17.52% -12.3%
