QQQ first month: 1995-01-31
QQQ last month:  2026-05-31

## Override threshold evolution (rolling 67th percentile of expanding history)
  EQUITY_OVERRIDE_MIN_HISTORY = 24

        date  n_hist     thr  cur_mom  fires
  1996-12-31      10     n/a  +42.54%      
  1997-12-31      22     n/a  +20.63%      
  1998-12-31      34 +41.40%  +85.30%   YES
  1999-12-31      46 +53.53%  +98.68%   YES
  2000-12-31      58 +61.91%  -36.11%      
  2001-12-31      70 +56.25%  -33.34%      
  2002-12-31      82 +47.69%  -37.37%      
  2003-12-31      94 +42.88%  +49.67%   YES
  2004-12-31     106 +42.59%  +10.54%      
  2005-12-31     118 +41.91%   +1.57%      
  2006-12-31     130 +40.00%   +7.14%      
  2007-12-31     142 +36.44%  +19.03%      
  2008-12-31     154 +30.97%  -41.73%      
  2009-12-31     166 +28.12%  +54.68%   YES
  2010-12-31     178 +29.60%  +20.14%      
  2011-12-31     190 +29.41%   +3.48%      
  2012-12-31     202 +28.25%  +18.11%      
  2013-12-31     214 +27.63%  +36.63%   YES
  2014-12-31     226 +28.32%  +19.18%      
  2015-12-31     238 +27.28%   +9.44%      
  2016-12-31     250 +26.55%   +7.10%      
  2017-12-31     262 +26.87%  +32.66%   YES
  2018-12-31     274 +27.07%   -0.13%      
  2019-12-31     286 +26.61%  +38.96%   YES
  2020-12-31     298 +27.33%  +48.41%   YES
  2021-12-31     310 +28.73%  +27.42%      
  2022-12-31     322 +28.28%  -32.58%      
  2023-12-31     334 +27.77%  +54.86%   YES
  2024-12-31     346 +29.14%  +25.58%      
  2025-12-31     358 +28.57%  +20.77%      

## Override fire count:
  Pre-2005 (thin data): 26
  2008+ (LIVE window):  66
  All firing dates:
    1998-03-31
    1998-04-30
    1998-11-30
    1998-12-31
    1999-01-31
    1999-02-28
    1999-03-31
    1999-04-30
    1999-05-31
    1999-06-30
    1999-07-31
    1999-08-31
    1999-09-30
    1999-10-31
    1999-11-30
    1999-12-31
    2000-01-31
    2000-02-29
    2000-03-31
    2000-04-30
    2000-08-31
    2003-09-30
    2003-10-31
    2003-12-31
    2004-01-31
    2004-02-29
    2009-11-30
    2009-12-31
    2010-01-31
    2010-02-28
    2010-03-31
    2010-04-30
    2011-01-31
    2011-02-28
    2011-06-30
    2012-09-30
    2013-10-31
    2013-11-30
    2013-12-31
    2014-01-31
    2014-02-28
    2014-03-31
    2014-06-30
    2014-08-31
    2017-02-28
    2017-04-30
    2017-05-31
    2017-06-30
    2017-08-31
    2017-10-31
    2017-11-30
    2017-12-31
    2018-01-31
    2018-02-28
    2018-08-31
    2018-09-30
    2019-12-31
    2020-01-31
    2020-05-31
    2020-06-30
    2020-07-31
    2020-08-31
    2020-09-30
    2020-10-31
    2020-11-30
    2020-12-31
    2021-01-31
    2021-02-28
    2021-03-31
    2021-04-30
    2021-05-31
    2021-06-30
    2021-07-31
    2021-08-31
    2021-09-30
    2021-10-31
    2021-11-30
    2023-06-30
    2023-09-30
    2023-11-30
    2023-12-31
    2024-01-31
    2024-02-29
    2024-03-31
    2024-04-30
    2024-05-31
    2024-06-30
    2024-09-30
    2024-10-31
    2024-11-30
    2025-10-31
    2026-04-30

## Sleeve eligibility (trend_ok + macro_on/override):
  Total months: 403
  Canary off (potential override use): 50
  Sleeve eligible via canary: 286
  Sleeve eligible via override ONLY: 10
  -> Override RARELY drives decision (canary usually positive)

## Backtest: with/without override (LIVE 18y + EXT 32y)

  LIVE 18y:
    Config                         | BULL Sh   CAGR
    No override (disabled)         | 1.081  18.27%
    67th pct override (PROD)       | 1.081  18.27%

  EXT 32y:
    Config                         | BULL Sh   CAGR
    No override (disabled)         | 0.899  16.47%
    67th pct override (PROD)       | 0.899  16.47%
