
====================================================================================================
## ETF-live 18y (2008-09 - today): 2008-09-30 -> 2026-05-17
====================================================================================================

  Running AAA (top-5 by 6mo mom, min-var on 60d cov) ...
  Fetching 3 extra tickers from yfinance: ['VTI', 'VEU', 'RWX']
  Running Optimum3 ensemble (3mo + 6mo + 12mo, top-5) ...
  Fetching 1 extra tickers from yfinance: ['VEU']

  Aligned: 4545 days

  CPM standalone (current 13612U)             Sh 1.341  CAGR 13.48%  Vol  9.56%  MaxDD -10.77%
  HAA-Balanced (Keller 2022)                  Sh 0.893  CAGR 10.83%  Vol 12.06%  MaxDD -21.73%
  AAA (Resolve, paper-faithful)               Sh 0.473  CAGR  5.31%  Vol 12.30%  MaxDD -29.11%
  Optimum3 (Tresidder/Newfound)               Sh 0.604  CAGR  7.16%  Vol 12.47%  MaxDD -24.00%

====================================================================================================
## Post-2010 (cleaner data): 2010-01-01 -> 2026-05-17
====================================================================================================

  Running AAA (top-5 by 6mo mom, min-var on 60d cov) ...
  Fetching 3 extra tickers from yfinance: ['VTI', 'VEU', 'RWX']
  Running Optimum3 ensemble (3mo + 6mo + 12mo, top-5) ...
  Fetching 1 extra tickers from yfinance: ['VEU']

  Aligned: 4217 days

  CPM standalone (current 13612U)             Sh 1.347  CAGR 13.43%  Vol  9.49%  MaxDD -10.77%
  HAA-Balanced (Keller 2022)                  Sh 0.886  CAGR 10.25%  Vol 11.54%  MaxDD -21.73%
  AAA (Resolve, paper-faithful)               Sh 0.473  CAGR  5.10%  Vol 11.78%  MaxDD -29.11%
  Optimum3 (Tresidder/Newfound)               Sh 0.601  CAGR  6.81%  Vol 11.92%  MaxDD -24.00%

====================================================================================================
## AAA-aligned 2008+ (older): 2008-01-01 -> 2026-05-17
====================================================================================================

  Running AAA (top-5 by 6mo mom, min-var on 60d cov) ...
  Fetching 3 extra tickers from yfinance: ['VTI', 'VEU', 'RWX']
  Running Optimum3 ensemble (3mo + 6mo + 12mo, top-5) ...
  Fetching 1 extra tickers from yfinance: ['VEU']

  Aligned: 4740 days

  CPM standalone (current 13612U)             Sh 1.245  CAGR 12.49%  Vol  9.61%  MaxDD -14.35%
  HAA-Balanced (Keller 2022)                  Sh 0.863  CAGR 10.46%  Vol 12.12%  MaxDD -21.73%
  AAA (Resolve, paper-faithful)               Sh 0.449  CAGR  4.95%  Vol 12.16%  MaxDD -29.11%
  Optimum3 (Tresidder/Newfound)               Sh 0.571  CAGR  6.64%  Vol 12.34%  MaxDD -26.25%
