
## LIVE 18y
  Variant                             | FCP Sh  CAGR    DD | 70/30 Sh  CAGR    DD
  Best-of [BIL,SHV,SHY,IEF] PROD      | 1.245  11.95% -15.2% | 1.470  14.14% -12.3% <- PROD
  Best-of [BIL,SHV,SHY] no IEF        | 1.232  11.74% -14.3% | 1.454  13.99% -12.3%
  Best-of [SHV,IEF] 2-asset           | 1.245  11.95% -15.2% | 1.470  14.14% -12.3%
  Single asset: SHV only              | 1.232  11.74% -14.3% | 1.454  13.99% -12.3%
  Single asset: BIL only              | 1.232  11.74% -14.3% | 1.454  13.99% -12.3%
  Single asset: IEF only              | 1.325  12.81% -13.2% | 1.529  14.75% -12.3%

## TEST OOS
  Variant                             | FCP Sh  CAGR    DD | 70/30 Sh  CAGR    DD
  Best-of [BIL,SHV,SHY,IEF] PROD      | 1.485  14.96%  -9.7% | 1.640  16.85% -12.3% <- PROD
  Best-of [BIL,SHV,SHY] no IEF        | 1.485  14.96%  -9.7% | 1.640  16.85% -12.3%
  Best-of [SHV,IEF] 2-asset           | 1.485  14.96%  -9.7% | 1.640  16.85% -12.3%
  Single asset: SHV only              | 1.485  14.96%  -9.7% | 1.640  16.85% -12.3%
  Single asset: BIL only              | 1.485  14.96%  -9.7% | 1.640  16.85% -12.3%
  Single asset: IEF only              | 1.499  15.15%  -9.7% | 1.651  16.99% -12.3%

## EXT 32y
  Variant                             | FCP Sh  CAGR    DD | 70/30 Sh  CAGR    DD
  Best-of [BIL,SHV,SHY,IEF] PROD      | 1.125  10.63% -14.7% | 1.254  12.69% -16.2% <- PROD
  Best-of [BIL,SHV,SHY] no IEF        | 1.098  10.32% -13.8% | 1.232  12.47% -15.6%
  Best-of [SHV,IEF] 2-asset           | 1.125  10.63% -14.7% | 1.254  12.69% -16.2%
  Single asset: SHV only              | 1.098  10.32% -13.8% | 1.232  12.47% -15.6%
  Single asset: BIL only              | 1.098  10.32% -13.8% | 1.232  12.47% -15.6%
  Single asset: IEF only              | 1.187  11.31% -13.1% | 1.297  13.18% -15.2%
