==================================================================================================================================
MATRIX: TOP-2 MOMENTUM (EW & mom-weighted) overlay across canary triggers
Format: 85% FCP-15 + 15%/etc top-2 momentum sleeve when trigger fires
==================================================================================================================================

BASE FCP-15: Sh=+1.294  CAGR=+12.70%  DD=-11.06%

Trigger coverage:
  X0_HYG_TIP_only           fires 136/213 ( 63.8%)
  X4_EEM_SPY                fires 102/213 ( 47.9%)
  X7_EEM_SPY_TLT-           fires  42/213 ( 19.7%)
  X8_SPY_TIP_EFA_EEM        fires  97/213 ( 45.5%)
  X9_+HYG (5-pos)           fires  97/213 ( 45.5%)
  X10_+HYG+TLT-             fires  42/213 ( 19.7%)
  X11_all4+VWO              fires 102/213 ( 47.9%)

Overlay returns precomputed.

==================================================================================================================================
FULL MATRIX: trigger x overlay_mode x swap%
==================================================================================================================================
  Trigger                 Mode        Swap    Sh      d_Sh    CAGR%    d_CAGR    DD%       d_DD
  ----------------------------------------------------------------------------------------------------
  X0_HYG_TIP_only         top2_ew     100%    +0.666  -0.629  +10.26   -2.44pp   -32.90    -21.84pp
  X0_HYG_TIP_only         top2_mw     100%    +0.622  -0.673  +9.66   -3.04pp   -32.83    -21.77pp

  X4_EEM_SPY              top2_ew     100%    +0.983  -0.311  +14.17   +1.47pp   -19.31    -8.25pp
  X4_EEM_SPY              top2_mw     100%    +0.946  -0.349  +13.92   +1.22pp   -19.49    -8.43pp

  X7_EEM_SPY_TLT-         top2_ew     100%    +1.021  -0.274  +12.68   -0.02pp   -22.01    -10.95pp
  X7_EEM_SPY_TLT-         top2_mw     100%    +0.984  -0.311  +12.61   -0.09pp   -22.24    -11.18pp

  X8_SPY_TIP_EFA_EEM      top2_ew     100%    +0.986  -0.308  +14.14   +1.44pp   -19.31    -8.25pp
  X8_SPY_TIP_EFA_EEM      top2_mw     100%    +0.950  -0.345  +13.92   +1.22pp   -19.49    -8.43pp

  X9_+HYG (5-pos)         top2_ew     100%    +0.986  -0.308  +14.14   +1.44pp   -19.31    -8.25pp
  X9_+HYG (5-pos)         top2_mw     100%    +0.950  -0.345  +13.92   +1.22pp   -19.49    -8.43pp

  X10_+HYG+TLT-           top2_ew     100%    +1.021  -0.274  +12.68   -0.02pp   -22.01    -10.95pp
  X10_+HYG+TLT-           top2_mw     100%    +0.984  -0.311  +12.61   -0.09pp   -22.24    -11.18pp

  X11_all4+VWO            top2_ew     100%    +0.983  -0.311  +14.17   +1.47pp   -19.31    -8.25pp
  X11_all4+VWO            top2_mw     100%    +0.946  -0.349  +13.92   +1.22pp   -19.49    -8.43pp

==================================================================================================================================
TOP 10 BY PORTFOLIO SHARPE
==================================================================================================================================
  Sh=+1.021  X7_EEM_SPY_TLT-         top2_ew     100%   d_Sh=-0.274  d_CAGR=-0.02pp  d_DD=-10.95pp
  Sh=+1.021  X10_+HYG+TLT-           top2_ew     100%   d_Sh=-0.274  d_CAGR=-0.02pp  d_DD=-10.95pp
  Sh=+0.986  X8_SPY_TIP_EFA_EEM      top2_ew     100%   d_Sh=-0.308  d_CAGR=+1.44pp  d_DD=-8.25pp
  Sh=+0.986  X9_+HYG (5-pos)         top2_ew     100%   d_Sh=-0.308  d_CAGR=+1.44pp  d_DD=-8.25pp
  Sh=+0.984  X7_EEM_SPY_TLT-         top2_mw     100%   d_Sh=-0.311  d_CAGR=-0.09pp  d_DD=-11.18pp
  Sh=+0.984  X10_+HYG+TLT-           top2_mw     100%   d_Sh=-0.311  d_CAGR=-0.09pp  d_DD=-11.18pp
  Sh=+0.983  X4_EEM_SPY              top2_ew     100%   d_Sh=-0.311  d_CAGR=+1.47pp  d_DD=-8.25pp
  Sh=+0.983  X11_all4+VWO            top2_ew     100%   d_Sh=-0.311  d_CAGR=+1.47pp  d_DD=-8.25pp
  Sh=+0.950  X8_SPY_TIP_EFA_EEM      top2_mw     100%   d_Sh=-0.345  d_CAGR=+1.22pp  d_DD=-8.43pp
  Sh=+0.950  X9_+HYG (5-pos)         top2_mw     100%   d_Sh=-0.345  d_CAGR=+1.22pp  d_DD=-8.43pp

TOP 10 BY CAGR (with d_DD < 5pp constraint)
==================================================================================================================================

==================================================================================================================================