==============================================================================================================
COMPARE 4 AGGRESSIVE TRIGGERS WITH QLD SWAP SWEEP
Base canary deployed: HYG+TIP any+ rule. Base=100% FCP-15 standard.
==============================================================================================================

BASE FCP-15: Sh=+1.294  CAGR=+12.70%  DD=-11.06%

--- X6_orig:   HYG+ TIP+ EEM+ SPY+ ---
  Fires 102/213 (47.9%)
    swap 10% QLD  Sh=+1.312  CAGR=+13.85%  DD=-11.06%  d_Sh=+0.017  d_CAGR=+1.15pp  d_DD=-0.00pp
    swap 15% QLD  Sh=+1.303  CAGR=+14.41%  DD=-11.06%  d_Sh=+0.009  d_CAGR=+1.71pp  d_DD=-0.00pp
    swap 20% QLD  Sh=+1.287  CAGR=+14.96%  DD=-11.70%  d_Sh=-0.008  d_CAGR=+2.26pp  d_DD=-0.64pp
    swap 25% QLD  Sh=+1.265  CAGR=+15.50%  DD=-12.82%  d_Sh=-0.030  d_CAGR=+2.80pp  d_DD=-1.76pp
    swap 30% QLD  Sh=+1.240  CAGR=+16.03%  DD=-13.92%  d_Sh=-0.055  d_CAGR=+3.33pp  d_DD=-2.86pp
    swap 40% QLD  Sh=+1.186  CAGR=+17.06%  DD=-16.11%  d_Sh=-0.109  d_CAGR=+4.36pp  d_DD=-5.05pp

--- X6_TLT:    HYG+ TIP+ TLT- ---
  Fires 49/213 (23.0%)
    swap 10% QLD  Sh=+1.257  CAGR=+12.97%  DD=-11.06%  d_Sh=-0.037  d_CAGR=+0.27pp  d_DD=-0.00pp
    swap 15% QLD  Sh=+1.230  CAGR=+13.09%  DD=-11.68%  d_Sh=-0.065  d_CAGR=+0.39pp  d_DD=-0.62pp
    swap 20% QLD  Sh=+1.198  CAGR=+13.20%  DD=-13.16%  d_Sh=-0.096  d_CAGR=+0.50pp  d_DD=-2.10pp
    swap 25% QLD  Sh=+1.164  CAGR=+13.31%  DD=-14.62%  d_Sh=-0.131  d_CAGR=+0.61pp  d_DD=-3.56pp
    swap 30% QLD  Sh=+1.128  CAGR=+13.41%  DD=-16.06%  d_Sh=-0.166  d_CAGR=+0.71pp  d_DD=-5.00pp
    swap 40% QLD  Sh=+1.057  CAGR=+13.59%  DD=-18.88%  d_Sh=-0.238  d_CAGR=+0.89pp  d_DD=-7.82pp

--- X6_EEM_TLT: HYG+ TIP+ EEM+ TLT- ---
  Fires 46/213 (21.6%)
    swap 10% QLD  Sh=+1.264  CAGR=+12.98%  DD=-11.06%  d_Sh=-0.031  d_CAGR=+0.28pp  d_DD=-0.00pp
    swap 15% QLD  Sh=+1.239  CAGR=+13.11%  DD=-11.68%  d_Sh=-0.055  d_CAGR=+0.41pp  d_DD=-0.62pp
    swap 20% QLD  Sh=+1.210  CAGR=+13.24%  DD=-13.16%  d_Sh=-0.084  d_CAGR=+0.54pp  d_DD=-2.10pp
    swap 25% QLD  Sh=+1.179  CAGR=+13.35%  DD=-14.62%  d_Sh=-0.116  d_CAGR=+0.65pp  d_DD=-3.56pp
    swap 30% QLD  Sh=+1.146  CAGR=+13.46%  DD=-16.06%  d_Sh=-0.149  d_CAGR=+0.76pp  d_DD=-5.00pp
    swap 40% QLD  Sh=+1.077  CAGR=+13.66%  DD=-18.88%  d_Sh=-0.217  d_CAGR=+0.96pp  d_DD=-7.82pp

--- X6_strict: HYG+ TIP+ TLT- AGG- ---
  Fires 17/213 (8.0%)
    swap 10% QLD  Sh=+1.275  CAGR=+12.70%  DD=-11.06%  d_Sh=-0.019  d_CAGR=-0.00pp  d_DD=-0.00pp
    swap 15% QLD  Sh=+1.263  CAGR=+12.70%  DD=-11.51%  d_Sh=-0.032  d_CAGR=-0.00pp  d_DD=-0.45pp
    swap 20% QLD  Sh=+1.249  CAGR=+12.69%  DD=-12.19%  d_Sh=-0.045  d_CAGR=-0.01pp  d_DD=-1.14pp
    swap 25% QLD  Sh=+1.234  CAGR=+12.69%  DD=-13.31%  d_Sh=-0.060  d_CAGR=-0.01pp  d_DD=-2.25pp
    swap 30% QLD  Sh=+1.218  CAGR=+12.68%  DD=-14.41%  d_Sh=-0.077  d_CAGR=-0.02pp  d_DD=-3.35pp
    swap 40% QLD  Sh=+1.182  CAGR=+12.66%  DD=-16.58%  d_Sh=-0.112  d_CAGR=-0.04pp  d_DD=-5.52pp

==============================================================================================================