========================================================================
  FCP VALIDATION: ALL-LIVE ERA + LEAVE-ONE-OUT CRISIS ROBUSTNESS
========================================================================
Generated : 2026-05-16 09:16:56
Universe  : ['QQQ', 'IGM', 'SPMO', 'XLE', 'XRT', 'COWZ', 'VBR', 'SPHQ', 'XMMO', 'XMHQ', 'XLV', 'VEA', 'VWO', 'GLD', 'TLT']
Config    : HOLD_BUFFER=2.5, TOP_K=7, vol-target ON@10%, 10bps/side

Loading panel (from 2006-01-01) ...
Panel: 2004-10-01 -> 2026-05-14, 46 assets
COWZ first live date: 2004-10-01  (confirms 2016-12 binding constraint for Test 1)

========================================================================
TEST 1  All-Live Post-2016 Era
  Window : 2017-01-01 -> today (~9y)
  All 15 universe ETFs trade live -- COWZ inception 2016-12 is binding
  Vol-target ON @10%, 10 bps/side cost
========================================================================

Running FCP backtest 2017-01-01 -> 2026-05-16 ...
Running PP-IEF backtest ...

Strategy                      CAGR    Vol  Sharpe    MaxDD  Sortino  Calmar     UPI   Yrs
-----------------------------------------------------------------------------------------
FCP (standalone)            12.15%  8.45%   1.383  -10.72%    1.611   1.134   3.122   9.4
PP-IEF (25/25/25/25)         8.86%  6.71%   1.283  -12.76%    1.672   0.694   2.989   9.4
SPY buy-hold                15.43% 18.17%   0.871  -33.72%    1.039   0.458   2.146   9.4
60/40 SPY/IEF                9.92% 10.90%   0.911  -21.02%    1.115   0.472   1.678   9.4

Bootstrap Sharpe CI -- FCP standalone (B=3000, block=21d, 95%, circular block):
  Point estimate : 1.383
  95% CI         : [0.796, 1.955]
  Window         : 9.4y -- CI is wide (expected for <10y)

CAVEATS:
  . ~9y is short for momentum strategies with infrequent tail events
  . CI width reflects genuine estimation uncertainty -- not a flaw
  . FCP standalone (no PP blend) -- isolates risky sleeve only
  . This window avoids ALL proxy data: clean live-ETF prices throughout

========================================================================
TEST 2  Leave-One-Year / Leave-One-Crisis Robustness
  Full window : 2007-01-01 -> today (~18y production run)
  Method      : drop each year / crisis -> recompute Sh, CAGR, DD
  Fragility   : |DSh| > 0.30 per spec
========================================================================

Computing 18y FCP backtest 2007-01-01 -> 2026-05-16 ...

Baseline (full window):
  Sharpe=1.168  CAGR=9.83%  MaxDD=-10.72%
  N=5000 days  (2007-01-01 -> 2026-05-14)

-- Leave-One-Year ----------------------------------------------------------
  Year   Sharpe      DSh     CAGR    DCAGR    MaxDD      Flag
-------------------------------------------------------------
  2008    1.177   +0.009    9.89%   +0.07pp  -10.72%          
  2009    1.158   -0.010    9.55%   -0.28pp  -10.72%          
  2010    1.211   +0.043   10.06%   +0.24pp  -10.72%          
  2011    1.178   +0.009    9.83%   +0.00pp  -10.72%          
  2012    1.177   +0.009   10.03%   +0.21pp  -10.72%          
  2013    1.113   -0.055    9.43%   -0.39pp  -10.72%          
  2014    1.136   -0.032    9.59%   -0.23pp  -10.72%          
  2015    1.244   +0.076   10.64%   +0.82pp  -10.72%          
  2016    1.211   +0.043   10.38%   +0.55pp  -10.72%          
  2017    1.154   -0.014    9.78%   -0.05pp  -10.72%          
  2018    1.145   -0.023    9.78%   -0.05pp  -10.72%          
  2019    1.157   -0.011    9.68%   -0.15pp  -10.72%          
  2020    1.097   -0.072    9.05%   -0.78pp  -10.72%          
  2021    1.168   +0.000    9.71%   -0.11pp  -10.51%          
  2022    1.247   +0.078   10.66%   +0.83pp   -9.38%          
  2023    1.211   +0.043   10.37%   +0.54pp   -9.38%          
  2024    1.106   -0.062    9.15%   -0.67pp  -10.72%          
  2025    1.123   -0.046    9.37%   -0.46pp  -10.72%          

Summary (leave-one-year):
  Most alpha-adding year (drop -> worst Sharpe):  2020  DSh=-0.072
  Biggest drag year (drop -> best Sharpe):        2022  DSh=+0.078
  No fragile years -- |DSh| <= 0.30 for every single-year drop

-- Leave-One-Crisis --------------------------------------------------------
Crisis                   Sharpe      DSh     CAGR    DCAGR    MaxDD      Flag
-----------------------------------------------------------------------------
GFC 2008                  1.206   +0.038   10.06%   +0.24pp  -10.72%          
EU Debt 2010-11           1.230   +0.062   10.14%   +0.32pp  -10.72%          
Oil/China 2015-16         1.223   +0.055   10.48%   +0.65pp  -10.72%          
Q4 2018                   1.172   +0.004    9.93%   +0.10pp  -10.72%          
COVID 2020                1.154   -0.014    9.63%   -0.20pp  -10.72%          
2022 Bear                 1.247   +0.078   10.66%   +0.83pp   -9.38%          

Summary (leave-one-crisis):
  Most alpha-adding crisis (drop -> worst Sharpe):  COVID 2020  DSh=-0.014
  Biggest drag crisis (drop -> best Sharpe):        2022 Bear  DSh=+0.078
  No fragile crises -- |DSh| <= 0.30 for every single-crisis drop

INTERPRETATION GUIDE:
  DSh < 0  removing that period HURTS   -> strategy ADDED alpha there
  DSh > 0  removing that period HELPS   -> strategy STRUGGLED there
  FRAGILE  |DSh| > 0.30 -- single period dominates the Sharpe story

========================================================================
DONE.  Log -> /Users/rkautsar/personal/scripts/strategy_fcp/research/all_live_era_and_loo_crisis.log
