==============================================================================================================
SEARCHING FOR THE MOST 'GREEN-LIGHT' CANARY STATE (for aggressive/leveraged overlay)
Criteria for shortlist:  hit% >= 75  AND  conditional Sh >= 1.5  AND  p10 >= -5%  AND  n >= 15
==============================================================================================================
Panel: 1996-10-01 -> 2026-05-15

Available canary candidates: ['SPY', 'TIP', 'HYG', 'AGG', 'EFA', 'EEM', 'GLD', 'TLT', 'VEA', 'VWO']

==============================================================================================================
TOP 25 GREEN-LIGHT STATES (live 2008-2026, ranked by FCP-EW conditional Sharpe)
==============================================================================================================

  canary set            state         N    FCP_Sh  FCP_m%  FCP_hit  FCP_p10  SPY_m%  SPY_hit  QQQ_m%  QQQ_hit
  ------------------------------------------------------------------------------------------------------------
  TIP+EFA+GLD           +/-/-         15  +2.80  +3.18     87    +0.01    +3.83      93   +4.10      87
  TIP+EEM+TLT           +/+/-         42  +2.69  +2.17     79    -0.99    +2.03      74   +2.04      74
  TIP+AGG+TLT           +/-/-         15  +2.54  +2.64     87    -1.65    +3.00      87   +2.42      73
  HYG+EEM+TLT           +/+/-         58  +2.51  +2.01     78    -1.19    +2.06      74   +2.23      74
  EFA+GLD+TLT           -/-/+         17  +2.51  +2.87     76    -0.43    +3.20      82   +3.70      76
  EFA+EEM+TLT           +/+/-         55  +2.48  +1.79     76    -1.32    +1.80      73   +2.05      73
  TIP+TLT+VWO           +/-/+         43  +2.43  +2.04     77    -1.05    +1.86      72   +1.79      72
  EEM+TLT+VEA           +/-/+         54  +2.43  +1.77     76    -1.36    +1.81      72   +2.11      74
  GLD+TLT+VEA           -/+/-         16  +2.39  +2.82     75    -0.46    +3.16      81   +3.62      75
  HYG+TLT+VWO           +/-/+         60  +2.38  +1.94     77    -1.50    +1.97      73   +2.07      73
  TIP+HYG+TLT           +/+/-         46  +2.33  +1.98     76    -1.34    +1.84      72   +1.79      72
  EFA+TLT+VWO           +/-/+         57  +2.33  +1.72     75    -1.54    +1.71      72   +1.88      72
  TIP+AGG               +/-           17  +2.31  +2.35     82    -2.41    +2.82      82   +2.42      76
  AGG+EEM+TLT           -/+/-         22  +2.31  +2.24     82    -2.64    +2.66      82   +2.45      73
  TIP+GLD+VWO           +/-/+         24  +2.30  +2.11     88    -2.18    +2.55      88   +2.55      83
  TIP+EEM+GLD           +/+/-         24  +2.30  +2.11     88    -2.18    +2.55      88   +2.55      83
  TIP+HYG+AGG           +/+/-         16  +2.29  +2.40     81    -2.61    +2.76      81   +2.28      75
  TLT+VEA+VWO           -/+/+         56  +2.28  +1.70     75    -1.56    +1.72      71   +1.94      73
  GLD+VEA+VWO           -/+/+         34  +2.28  +1.74     85    -2.14    +2.10      85   +2.19      79
  HYG+GLD+VWO           +/-/+         35  +2.26  +1.69     86    -1.94    +2.12      86   +2.13      80
  SPY+TIP+TLT           +/+/-         42  +2.22  +1.91     76    -1.56    +1.63      71   +1.51      69
  EEM+GLD+VEA           +/-/+         33  +2.19  +1.68     85    -2.35    +2.06      85   +2.16      79
  EFA+GLD+VWO           +/-/+         33  +2.19  +1.68     85    -2.35    +2.05      85   +2.11      79
  HYG+EEM+GLD           +/+/-         34  +2.17  +1.63     85    -2.14    +2.08      85   +2.10      79
  EEM+TLT+VWO           +/-/+         59  +2.16  +1.86     76    -1.52    +1.88      73   +2.05      73

==============================================================================================================
TOP 15 BY HIT RATE (states almost never negative)
==============================================================================================================

  canary set            state         N    FCP_hit  SPY_hit  QQQ_hit  FCP_Sh  FCP_m%
  ---------------------------------------------------------------------------------------------------------
  TIP+GLD+VWO           +/-/+         24     88       88       83    +2.30  +2.11
  TIP+EEM+GLD           +/+/-         24     88       88       83    +2.30  +2.11
  TIP+AGG+TLT           +/-/-         15     87       87       73    +2.54  +2.64
  TIP+EFA+GLD           +/-/-         15     87       93       87    +2.80  +3.18
  HYG+GLD+VWO           +/-/+         35     86       86       80    +2.26  +1.69
  HYG+EEM+GLD           +/+/-         34     85       85       79    +2.17  +1.63
  GLD+VEA+VWO           -/+/+         34     85       85       79    +2.28  +1.74
  EEM+GLD+TLT           +/-/-         20     85       85       80    +2.08  +1.80
  EEM+GLD+VEA           +/-/+         33     85       85       79    +2.19  +1.68
  EFA+GLD+VWO           +/-/+         33     85       85       79    +2.19  +1.68
  TIP+GLD               +/-           39     85       87       79    +2.13  +2.11
  EFA+EEM+GLD           +/+/-         32     84       84       78    +2.09  +1.62
  TIP+GLD+VEA           +/-/+         25     84       84       76    +1.80  +1.54
  EEM+GLD+VWO           +/-/+         37     84       84       78    +1.83  +1.65
  EEM+GLD               +/-           37     84       84       78    +1.83  +1.65

==============================================================================================================
TOP 15 BY COMPOSITE (hit% * Sh / (1+|p10|))
==============================================================================================================

  canary set            state         N    composite  FCP_hit  FCP_Sh  FCP_m%  FCP_p10
  ---------------------------------------------------------------------------------------------------------
  TIP+EFA+GLD           +/-/-         15   238.98      87    +2.80  +3.18   +0.01
  EFA+GLD+TLT           -/-/+         17   134.22      76    +2.51  +2.87   -0.43
  GLD+TLT+VEA           -/+/-         16   122.52      75    +2.39  +2.82   -0.46
  TIP+EEM+TLT           +/+/-         42   106.05      79    +2.69  +2.17   -0.99
  EEM+GLD+TLT           +/-/-         20    92.80      85    +2.08  +1.80   -0.91
  TIP+TLT+VWO           +/-/+         43    91.02      77    +2.43  +2.04   -1.05
  HYG+EEM+TLT           +/+/-         58    89.07      78    +2.51  +2.01   -1.19
  GLD+TLT+VWO           -/-/+         22    87.94      82    +2.07  +1.76   -0.93
  TIP+AGG+TLT           +/-/-         15    82.89      87    +2.54  +2.64   -1.65
  EFA+EEM+TLT           +/+/-         55    81.70      76    +2.48  +1.79   -1.32
  EEM+TLT+VEA           +/-/+         54    78.21      76    +2.43  +1.77   -1.36
  TIP+HYG+TLT           +/+/-         46    75.74      76    +2.33  +1.98   -1.34
  HYG+TLT+VWO           +/-/+         60    72.87      77    +2.38  +1.94   -1.50
  EFA+TLT+VWO           +/-/+         57    69.07      75    +2.33  +1.72   -1.54
  TLT+VEA+VWO           -/+/+         56    66.98      75    +2.28  +1.70   -1.56

Total states matching shortlist criteria: 70