====================================================================================================
CANARY 2^n STATE ANALYSIS
Watch assets: ['SPY', 'QQQ', 'IEF', 'GLD', 'TLT', 'FCP15_EW']
Signal: 13612W = (12*r1 + 4*r3 + 2*r6 + r12) / 19  (>0 = positive)
Forward window: 21 trading days (~1 calendar month)
====================================================================================================

Panel: 1996-10-01 -> 2026-05-15, 47 assets
Missing canary candidates from panel: ['AGG']
Available canary candidates: ['SPY', 'TIP', 'EFA', 'EEM', 'GLD', 'SHV', 'HYG', 'TLT', 'VWO', 'VEA', 'BND']

Monthly panel: 356 months (1996-10-31 -> 2026-05-31)


####################################################################################################
# Canary set: ['SPY', 'TIP']  (2^2 = 4 states)
####################################################################################################

--- FULL 2001-2026 ---
  Focus asset: FCP15_EW
  State (SPY/TIP)       N    mean%   med%   std%  Sharpe  Sortino   p10%   hit%    W/L  skew
  ------------------------------------------------------------------------------------------------------------------------
         +/+  171   +1.19   +1.58   2.94   +1.40    +2.32   -3.17   71.2   1.08  -0.28
         +/-   56   +0.34   +0.62   3.45   +0.34    +0.53   -4.45   55.4   1.02  -0.37
         -/+   48   +0.42   +0.62   5.58   +0.26    +0.40   -7.44   54.2   1.02  -0.32
         -/-   23   +1.30   +1.40   6.89   +0.65    +0.83   -8.02   60.9   1.04  -0.91

  Conditional ANNUALIZED Sharpe per state:
  State (SPY/TIP)       N    SPY    QQQ    IEF    GLD    TLT   FCP-EW
  ------------------------------------------------------------------------------------------
         +/+  171  +1.28  +1.19  +0.45  +0.90  +0.30  +1.40
         +/-   56  +0.17  +0.11  +0.30  +0.56  +0.15  +0.34
         -/+   48  +0.23  +0.55  +0.77  +0.57  +0.20  +0.26
         -/-   23  +0.76  +0.72  +1.57  +0.62  +1.14  +0.65

  States ranked by FCP15_EW conditional Sharpe (best risk-on candidates first):
    state=+/+  N=171  FCP-EW Sh=+1.40  mean=+1.19%  std=2.94%  p10=-3.17%  hit=71%
    state=-/-  N= 23  FCP-EW Sh=+0.65  mean=+1.30%  std=6.89%  p10=-8.02%  hit=61%
    state=+/-  N= 56  FCP-EW Sh=+0.34  mean=+0.34%  std=3.45%  p10=-4.45%  hit=55%
    state=-/+  N= 48  FCP-EW Sh=+0.26  mean=+0.42%  std=5.58%  p10=-7.44%  hit=54%

--- LIVE 2008-2026 ---
  Focus asset: FCP15_EW
  State (SPY/TIP)       N    mean%   med%   std%  Sharpe  Sortino   p10%   hit%    W/L  skew
  ------------------------------------------------------------------------------------------------------------------------
         +/+  128   +1.13   +1.30   2.99   +1.31    +2.16   -3.21   71.7   1.01  -0.19
         +/-   43   +0.29   +0.51   3.65   +0.27    +0.44   -4.52   55.8   0.96  -0.37
         -/+   22   +1.70   +2.55   6.20   +0.95    +1.69   -6.88   68.2   0.88  -0.61
         -/-   20   +1.32   +1.78   7.34   +0.63    +0.86   -8.52   65.0   0.84  -0.89

  Conditional ANNUALIZED Sharpe per state:
  State (SPY/TIP)       N    SPY    QQQ    IEF    GLD    TLT   FCP-EW
  ------------------------------------------------------------------------------------------
         +/+  128  +1.33  +1.34  +0.41  +0.76  +0.27  +1.31
         +/-   43  +0.25  +0.27  +0.23  +0.17  +0.04  +0.27
         -/+   22  +0.90  +1.76  -0.26  +0.80  -0.41  +0.95
         -/-   20  +0.76  +0.94  +1.56  +0.52  +1.13  +0.63

  States ranked by FCP15_EW conditional Sharpe (best risk-on candidates first):
    state=+/+  N=128  FCP-EW Sh=+1.31  mean=+1.13%  std=2.99%  p10=-3.21%  hit=72%
    state=-/+  N= 22  FCP-EW Sh=+0.95  mean=+1.70%  std=6.20%  p10=-6.88%  hit=68%
    state=-/-  N= 20  FCP-EW Sh=+0.63  mean=+1.32%  std=7.34%  p10=-8.52%  hit=65%
    state=+/-  N= 43  FCP-EW Sh=+0.27  mean=+0.29%  std=3.65%  p10=-4.52%  hit=56%


####################################################################################################
# Canary set: ['SPY', 'TIP', 'EFA']  (2^3 = 8 states)
####################################################################################################

--- FULL 2001-2026 ---
  Focus asset: FCP15_EW
  State (SPY/TIP/EFA)    N    mean%   med%   std%  Sharpe  Sortino   p10%   hit%    W/L  skew
  ------------------------------------------------------------------------------------------------------------------------
        +/+/+  151   +1.13   +1.48   2.74   +1.43    +2.45   -3.10   71.3   1.07  -0.43
        -/+/-   39   +0.48   +0.86   6.00   +0.28    +0.45   -7.46   53.8   1.04  -0.33
        +/-/+   38   +0.25   +0.97   3.04   +0.28    +0.44   -3.77   57.9   0.88  -0.57
        +/+/-   20   +1.62   +1.96   4.13   +1.36    +2.16   -4.61   70.0   1.14  -0.13
        -/-/-   19   +0.86   +0.97   7.41   +0.40    +0.56   -8.54   57.9   0.97  -0.74
        +/-/-   18   +0.52   +0.22   4.17   +0.43    +0.72   -5.17   50.0   1.35  -0.26
        -/+/+    9   +0.16   +0.28   3.11   +0.18    +0.24   -3.12   55.6   0.92  -0.51
        -/-/+    4   +3.39   +3.27   2.61   +4.49     +nan   +0.64   75.0  379.44  +0.20

  Conditional ANNUALIZED Sharpe per state:
  State (SPY/TIP/EFA)    N    SPY    QQQ    IEF    GLD    TLT   FCP-EW
  ------------------------------------------------------------------------------------------
        +/+/+  151  +1.25  +1.12  +0.34  +0.98  +0.17  +1.43
        -/+/-   39  +0.27  +0.65  +0.58  +0.48  +0.16  +0.28
        +/-/+   38  +0.25  +0.27  +0.13  +0.22  -0.36  +0.28
        +/+/-   20  +1.53  +1.70  +1.43  +0.39  +1.09  +1.36
        -/-/-   19  +0.51  +0.33  +1.28  +0.31  +0.85  +0.40
        +/-/-   18  +0.04  -0.15  +0.53  +1.31  +0.75  +0.43
        -/+/+    9  -0.06  -0.01  +2.29  +1.15  +0.61  +0.18
        -/-/+    4  +5.82  +5.44  +4.36  +2.61  +4.38  +4.49

  States ranked by FCP15_EW conditional Sharpe (best risk-on candidates first):
    state=-/-/+  N=  4  FCP-EW Sh=+4.49  mean=+3.39%  std=2.61%  p10=+0.64%  hit=75%
    state=+/+/+  N=151  FCP-EW Sh=+1.43  mean=+1.13%  std=2.74%  p10=-3.10%  hit=71%
    state=+/+/-  N= 20  FCP-EW Sh=+1.36  mean=+1.62%  std=4.13%  p10=-4.61%  hit=70%
    state=+/-/-  N= 18  FCP-EW Sh=+0.43  mean=+0.52%  std=4.17%  p10=-5.17%  hit=50%
    state=-/-/-  N= 19  FCP-EW Sh=+0.40  mean=+0.86%  std=7.41%  p10=-8.54%  hit=58%
    state=+/-/+  N= 38  FCP-EW Sh=+0.28  mean=+0.25%  std=3.04%  p10=-3.77%  hit=58%
    state=-/+/-  N= 39  FCP-EW Sh=+0.28  mean=+0.48%  std=6.00%  p10=-7.46%  hit=54%
    state=-/+/+  N=  9  FCP-EW Sh=+0.18  mean=+0.16%  std=3.11%  p10=-3.12%  hit=56%

--- LIVE 2008-2026 ---
  Focus asset: FCP15_EW
  State (SPY/TIP/EFA)    N    mean%   med%   std%  Sharpe  Sortino   p10%   hit%    W/L  skew
  ------------------------------------------------------------------------------------------------------------------------
        +/+/+  109   +1.04   +1.15   2.70   +1.34    +2.31   -3.12   72.2   0.98  -0.37
        +/-/+   28   +0.35   +0.97   3.21   +0.38    +0.60   -3.79   60.7   0.84  -0.64
        -/+/-   19   +1.71   +3.42   6.61   +0.90    +2.01   -7.12   68.4   0.82  -0.60
        +/+/-   19   +1.61   +2.02   4.24   +1.32    +2.14   -4.78   68.4   1.18  -0.12
        -/-/-   18   +0.96   +1.18   7.61   +0.44    +0.62   -8.56   61.1   0.87  -0.77
        +/-/-   15   +0.17   -0.30   4.34   +0.13    +0.23   -5.91   46.7   1.25  -0.12
        -/+/+    3   +1.59   +0.77   2.31   +2.38     +nan   -0.44   66.7   3.72  +1.20
        -/-/+    2   +4.60   +4.60   2.44   +6.54     +nan   +2.65  100.0    nan   +nan

  Conditional ANNUALIZED Sharpe per state:
  State (SPY/TIP/EFA)    N    SPY    QQQ    IEF    GLD    TLT   FCP-EW
  ------------------------------------------------------------------------------------------
        +/+/+  109  +1.29  +1.23  +0.26  +0.86  +0.11  +1.34
        +/-/+   28  +0.61  +0.90  -0.36  -0.51  -0.85  +0.38
        -/+/-   19  +0.83  +1.64  -0.18  +0.74  -0.25  +0.90
        +/+/-   19  +1.57  +1.95  +1.41  +0.26  +1.02  +1.32
        -/-/-   18  +0.57  +0.61  +1.22  +0.17  +0.83  +0.44
        +/-/-   15  -0.22  -0.59  +0.90  +1.32  +0.91  +0.13
        -/+/+    3  +2.21  +3.28  -1.55  +1.81  -10.10  +2.38
        -/-/+    2  +13.42  +60.64  +180.76  +21.96  +15.42  +6.54

  States ranked by FCP15_EW conditional Sharpe (best risk-on candidates first):
    state=-/-/+  N=  2  FCP-EW Sh=+6.54  mean=+4.60%  std=2.44%  p10=+2.65%  hit=100%
    state=-/+/+  N=  3  FCP-EW Sh=+2.38  mean=+1.59%  std=2.31%  p10=-0.44%  hit=67%
    state=+/+/+  N=109  FCP-EW Sh=+1.34  mean=+1.04%  std=2.70%  p10=-3.12%  hit=72%
    state=+/+/-  N= 19  FCP-EW Sh=+1.32  mean=+1.61%  std=4.24%  p10=-4.78%  hit=68%
    state=-/+/-  N= 19  FCP-EW Sh=+0.90  mean=+1.71%  std=6.61%  p10=-7.12%  hit=68%
    state=-/-/-  N= 18  FCP-EW Sh=+0.44  mean=+0.96%  std=7.61%  p10=-8.56%  hit=61%
    state=+/-/+  N= 28  FCP-EW Sh=+0.38  mean=+0.35%  std=3.21%  p10=-3.79%  hit=61%
    state=+/-/-  N= 15  FCP-EW Sh=+0.13  mean=+0.17%  std=4.34%  p10=-5.91%  hit=47%


####################################################################################################
# Canary set: ['SPY', 'TIP', 'EEM']  (2^3 = 8 states)
####################################################################################################

--- FULL 2001-2026 ---
  Focus asset: FCP15_EW
  State (SPY/TIP/EEM)    N    mean%   med%   std%  Sharpe  Sortino   p10%   hit%    W/L  skew
  ------------------------------------------------------------------------------------------------------------------------
        +/+/+  145   +1.29   +1.70   2.85   +1.57    +2.73   -2.93   72.2   1.16  -0.18
        -/+/-   33   +0.00   +0.47   5.98   +0.00    +0.00   -7.48   51.5   0.94  -0.32
        +/-/+   33   +0.62   +1.42   3.04   +0.71    +1.09   -3.42   60.6   1.07  -0.46
        +/+/-   26   +0.61   +1.45   3.34   +0.64    +0.99   -4.03   65.4   0.82  -0.52
        +/-/-   23   -0.08   -0.30   3.92   -0.07    -0.11   -5.09   47.8   1.04  -0.18
        -/-/-   21   +1.26   +1.40   7.17   +0.61    +0.80   -8.50   61.9   0.96  -0.88
        -/+/+   15   +1.34   +0.77   4.42   +1.05    +1.84   -4.20   60.0   1.52  +0.20
        -/-/+    2   +1.72   +1.72   2.65   +2.24     +nan   -0.41   50.0   4.66   +nan

  Conditional ANNUALIZED Sharpe per state:
  State (SPY/TIP/EEM)    N    SPY    QQQ    IEF    GLD    TLT   FCP-EW
  ------------------------------------------------------------------------------------------
        +/+/+  145  +1.37  +1.21  +0.47  +1.02  +0.30  +1.57
        -/+/-   33  +0.00  +0.40  +0.96  +0.73  +0.59  +0.00
        +/-/+   33  +0.55  +0.36  +0.49  +0.25  +0.15  +0.71
        +/+/-   26  +0.85  +1.11  +0.31  +0.31  +0.27  +0.64
        +/-/-   23  -0.32  -0.23  +0.12  +0.92  +0.16  -0.07
        -/-/-   21  +0.74  +0.91  +1.53  +0.38  +1.13  +0.61
        -/+/+   15  +0.94  +0.94  +0.34  +0.22  -0.98  +1.05
        -/-/+    2  +1.46  -1.17  +10.00  +59.19  +12.08  +2.24

  States ranked by FCP15_EW conditional Sharpe (best risk-on candidates first):
    state=-/-/+  N=  2  FCP-EW Sh=+2.24  mean=+1.72%  std=2.65%  p10=-0.41%  hit=50%
    state=+/+/+  N=145  FCP-EW Sh=+1.57  mean=+1.29%  std=2.85%  p10=-2.93%  hit=72%
    state=-/+/+  N= 15  FCP-EW Sh=+1.05  mean=+1.34%  std=4.42%  p10=-4.20%  hit=60%
    state=+/-/+  N= 33  FCP-EW Sh=+0.71  mean=+0.62%  std=3.04%  p10=-3.42%  hit=61%
    state=+/+/-  N= 26  FCP-EW Sh=+0.64  mean=+0.61%  std=3.34%  p10=-4.03%  hit=65%
    state=-/-/-  N= 21  FCP-EW Sh=+0.61  mean=+1.26%  std=7.17%  p10=-8.50%  hit=62%
    state=-/+/-  N= 33  FCP-EW Sh=+0.00  mean=+0.00%  std=5.98%  p10=-7.48%  hit=52%
    state=+/-/-  N= 23  FCP-EW Sh=-0.07  mean=-0.08%  std=3.92%  p10=-5.09%  hit=48%

--- LIVE 2008-2026 ---
  Focus asset: FCP15_EW
  State (SPY/TIP/EEM)    N    mean%   med%   std%  Sharpe  Sortino   p10%   hit%    W/L  skew
  ------------------------------------------------------------------------------------------------------------------------
        +/+/+  102   +1.26   +1.23   2.88   +1.52    +2.68   -2.99   73.3   1.09  -0.02
        +/+/-   26   +0.61   +1.45   3.34   +0.64    +0.99   -4.03   65.4   0.82  -0.52
        +/-/-   22   -0.15   -0.46   3.99   -0.13    -0.23   -5.17   45.5   1.10  -0.12
        +/-/+   21   +0.75   +1.42   3.18   +0.82    +1.22   -3.47   66.7   0.89  -0.66
        -/-/-   20   +1.32   +1.78   7.34   +0.63    +0.86   -8.52   65.0   0.84  -0.89
        -/+/-   16   +0.76   +2.52   6.60   +0.40    +0.89   -7.26   62.5   0.78  -0.47
        -/+/+    6   +4.20   +3.21   4.02   +3.62     +nan   +0.01   83.3   7.01  +0.38

  Conditional ANNUALIZED Sharpe per state:
  State (SPY/TIP/EEM)    N    SPY    QQQ    IEF    GLD    TLT   FCP-EW
  ------------------------------------------------------------------------------------------
        +/+/+  102  +1.47  +1.41  +0.44  +0.89  +0.27  +1.52
        +/+/-   26  +0.85  +1.11  +0.31  +0.31  +0.27  +0.64
        +/-/-   22  -0.39  -0.39  +0.17  +0.89  +0.17  -0.13
        +/-/+   21  +0.98  +1.14  +0.35  -0.93  -0.14  +0.82
        -/-/-   20  +0.76  +0.94  +1.56  +0.52  +1.13  +0.63
        -/+/-   16  +0.32  +1.15  +0.41  +1.16  +0.32  +0.40
        -/+/+    6  +4.08  +3.84  -2.83  -0.31  -5.45  +3.62

  States ranked by FCP15_EW conditional Sharpe (best risk-on candidates first):
    state=-/+/+  N=  6  FCP-EW Sh=+3.62  mean=+4.20%  std=4.02%  p10=+0.01%  hit=83%
    state=+/+/+  N=102  FCP-EW Sh=+1.52  mean=+1.26%  std=2.88%  p10=-2.99%  hit=73%
    state=+/-/+  N= 21  FCP-EW Sh=+0.82  mean=+0.75%  std=3.18%  p10=-3.47%  hit=67%
    state=+/+/-  N= 26  FCP-EW Sh=+0.64  mean=+0.61%  std=3.34%  p10=-4.03%  hit=65%
    state=-/-/-  N= 20  FCP-EW Sh=+0.63  mean=+1.32%  std=7.34%  p10=-8.52%  hit=65%
    state=-/+/-  N= 16  FCP-EW Sh=+0.40  mean=+0.76%  std=6.60%  p10=-7.26%  hit=62%
    state=+/-/-  N= 22  FCP-EW Sh=-0.13  mean=-0.15%  std=3.99%  p10=-5.17%  hit=45%


####################################################################################################
# Canary set: ['SPY', 'TIP', 'VEA']  (2^3 = 8 states)
####################################################################################################

--- FULL 2001-2026 ---
  Focus asset: FCP15_EW
  State (SPY/TIP/VEA)    N    mean%   med%   std%  Sharpe  Sortino   p10%   hit%    W/L  skew
  ------------------------------------------------------------------------------------------------------------------------
        +/+/+  153   +1.10   +1.48   2.76   +1.38    +2.37   -3.16   71.1   1.05  -0.43
        -/+/-   39   +0.48   +0.86   6.00   +0.28    +0.45   -7.46   53.8   1.04  -0.33
        +/-/+   39   +0.23   +0.51   3.01   +0.26    +0.40   -3.67   56.4   0.93  -0.56
        -/-/-   20   +0.93   +1.18   7.23   +0.44    +0.60   -8.52   60.0   0.92  -0.78
        +/+/-   18   +1.91   +2.32   4.09   +1.61    +2.37   -2.98   72.2   1.26  -0.19
        +/-/-   17   +0.59   +0.73   4.28   +0.48    +0.82   -5.42   52.9   1.23  -0.31
        -/+/+    9   +0.16   +0.28   3.11   +0.18    +0.24   -3.12   55.6   0.92  -0.51
        -/-/+    3   +3.80   +4.37   2.91   +4.53     +nan   +0.86   66.7  478.38  -0.70

  Conditional ANNUALIZED Sharpe per state:
  State (SPY/TIP/VEA)    N    SPY    QQQ    IEF    GLD    TLT   FCP-EW
  ------------------------------------------------------------------------------------------
        +/+/+  153  +1.23  +1.13  +0.30  +0.96  +0.15  +1.38
        -/+/-   39  +0.27  +0.65  +0.58  +0.48  +0.16  +0.28
        +/-/+   39  +0.22  +0.25  +0.16  +0.24  -0.31  +0.26
        -/-/-   20  +0.58  +0.49  +1.45  +0.51  +0.97  +0.44
        +/+/-   18  +1.66  +1.69  +1.97  +0.49  +1.44  +1.61
        +/-/-   17  +0.08  -0.12  +0.51  +1.29  +0.72  +0.48
        -/+/+    9  -0.06  -0.01  +2.29  +1.15  +0.61  +0.18
        -/-/+    3  +5.02  +4.39  +3.43  +1.62  +3.47  +4.53

  States ranked by FCP15_EW conditional Sharpe (best risk-on candidates first):
    state=-/-/+  N=  3  FCP-EW Sh=+4.53  mean=+3.80%  std=2.91%  p10=+0.86%  hit=67%
    state=+/+/-  N= 18  FCP-EW Sh=+1.61  mean=+1.91%  std=4.09%  p10=-2.98%  hit=72%
    state=+/+/+  N=153  FCP-EW Sh=+1.38  mean=+1.10%  std=2.76%  p10=-3.16%  hit=71%
    state=+/-/-  N= 17  FCP-EW Sh=+0.48  mean=+0.59%  std=4.28%  p10=-5.42%  hit=53%
    state=-/-/-  N= 20  FCP-EW Sh=+0.44  mean=+0.93%  std=7.23%  p10=-8.52%  hit=60%
    state=-/+/-  N= 39  FCP-EW Sh=+0.28  mean=+0.48%  std=6.00%  p10=-7.46%  hit=54%
    state=+/-/+  N= 39  FCP-EW Sh=+0.26  mean=+0.23%  std=3.01%  p10=-3.67%  hit=56%
    state=-/+/+  N=  9  FCP-EW Sh=+0.18  mean=+0.16%  std=3.11%  p10=-3.12%  hit=56%

--- LIVE 2008-2026 ---
  Focus asset: FCP15_EW
  State (SPY/TIP/VEA)    N    mean%   med%   std%  Sharpe  Sortino   p10%   hit%    W/L  skew
  ------------------------------------------------------------------------------------------------------------------------
        +/+/+  110   +1.00   +1.13   2.75   +1.26    +2.19   -3.19   71.6   0.96  -0.37
        +/-/+   28   +0.35   +0.97   3.21   +0.38    +0.60   -3.79   60.7   0.84  -0.64
        -/-/-   19   +1.02   +1.40   7.41   +0.48    +0.66   -8.54   63.2   0.82  -0.81
        -/+/-   19   +1.71   +3.42   6.61   +0.90    +2.01   -7.12   68.4   0.82  -0.60
        +/+/-   18   +1.91   +2.32   4.09   +1.61    +2.37   -2.98   72.2   1.26  -0.19
        +/-/-   15   +0.17   -0.30   4.34   +0.13    +0.23   -5.91   46.7   1.25  -0.12
        -/+/+    3   +1.59   +0.77   2.31   +2.38     +nan   -0.44   66.7   3.72  +1.20
        -/-/+    1   +7.04   +7.04   0.00    +nan     +nan   +7.04  100.0    nan   +nan

  Conditional ANNUALIZED Sharpe per state:
  State (SPY/TIP/VEA)    N    SPY    QQQ    IEF    GLD    TLT   FCP-EW
  ------------------------------------------------------------------------------------------
        +/+/+  110  +1.27  +1.28  +0.19  +0.82  +0.06  +1.26
        +/-/+   28  +0.61  +0.90  -0.36  -0.51  -0.85  +0.38
        -/-/-   19  +0.64  +0.77  +1.40  +0.38  +0.95  +0.48
        -/+/-   19  +0.83  +1.64  -0.18  +0.74  -0.25  +0.90
        +/+/-   18  +1.66  +1.69  +1.97  +0.49  +1.44  +1.61
        +/-/-   15  -0.22  -0.59  +0.90  +1.32  +0.91  +0.13
        -/+/+    3  +2.21  +3.28  -1.55  +1.81  -10.10  +2.38
        -/-/+    1   +nan   +nan   +nan   +nan   +nan   +nan

  States ranked by FCP15_EW conditional Sharpe (best risk-on candidates first):
    state=-/+/+  N=  3  FCP-EW Sh=+2.38  mean=+1.59%  std=2.31%  p10=-0.44%  hit=67%
    state=+/+/-  N= 18  FCP-EW Sh=+1.61  mean=+1.91%  std=4.09%  p10=-2.98%  hit=72%
    state=+/+/+  N=110  FCP-EW Sh=+1.26  mean=+1.00%  std=2.75%  p10=-3.19%  hit=72%
    state=-/+/-  N= 19  FCP-EW Sh=+0.90  mean=+1.71%  std=6.61%  p10=-7.12%  hit=68%
    state=-/-/-  N= 19  FCP-EW Sh=+0.48  mean=+1.02%  std=7.41%  p10=-8.54%  hit=63%
    state=+/-/+  N= 28  FCP-EW Sh=+0.38  mean=+0.35%  std=3.21%  p10=-3.79%  hit=61%
    state=+/-/-  N= 15  FCP-EW Sh=+0.13  mean=+0.17%  std=4.34%  p10=-5.91%  hit=47%
    state=-/-/+  N=  1  FCP-EW Sh=+nan  mean=+7.04%  std=0.00%  p10=+7.04%  hit=100%


####################################################################################################
# Canary set: ['SPY', 'TIP', 'GLD']  (2^3 = 8 states)
####################################################################################################

--- FULL 2001-2026 ---
  Focus asset: FCP15_EW
  State (SPY/TIP/GLD)    N    mean%   med%   std%  Sharpe  Sortino   p10%   hit%    W/L  skew
  ------------------------------------------------------------------------------------------------------------------------
        +/+/+  131   +1.06   +1.36   2.96   +1.24    +2.16   -3.12   67.7   1.15  -0.11
        +/+/-   40   +1.60   +1.84   2.86   +1.94    +2.85   -3.17   82.5   0.78  -0.92
        -/+/+   38   -0.29   -0.11   5.34   -0.19    -0.28   -7.44   47.4   0.97  -0.27
        +/-/-   35   +0.11   +0.51   3.19   +0.12    +0.17   -3.95   54.3   0.92  -0.55
        +/-/+   21   +0.71   +1.47   3.81   +0.64    +1.25   -4.48   57.1   1.15  -0.31
        -/-/+   12   +2.09   +2.88   7.45   +0.97    +0.99   -2.96   66.7   1.07  -1.49
        -/-/-   11   +0.45   +0.36   6.11   +0.25    +0.48   -8.50   54.5   0.99  -0.23
        -/+/-   10   +3.12   +4.26   5.65   +1.91    +2.93   -3.08   80.0   0.90  -1.04

  Conditional ANNUALIZED Sharpe per state:
  State (SPY/TIP/GLD)    N    SPY    QQQ    IEF    GLD    TLT   FCP-EW
  ------------------------------------------------------------------------------------------
        +/+/+  131  +1.11  +1.08  +0.64  +0.87  +0.46  +1.24
        +/+/-   40  +1.85  +1.62  -0.14  +1.01  -0.12  +1.94
        -/+/+   38  -0.35  +0.28  +1.29  +0.59  +0.49  -0.19
        +/-/-   35  +0.05  +0.14  +0.86  +0.82  +0.89  +0.12
        +/-/+   21  +0.33  +0.08  -0.62  +0.17  -1.11  +0.64
        -/-/+   12  +0.94  +0.75  +3.45  +0.27  +2.47  +0.97
        -/-/-   11  +0.57  +0.68  +0.58  +1.07  +0.12  +0.25
        -/+/-   10  +2.41  +1.51  -1.09  +0.47  -0.88  +1.91

  States ranked by FCP15_EW conditional Sharpe (best risk-on candidates first):
    state=+/+/-  N= 40  FCP-EW Sh=+1.94  mean=+1.60%  std=2.86%  p10=-3.17%  hit=82%
    state=-/+/-  N= 10  FCP-EW Sh=+1.91  mean=+3.12%  std=5.65%  p10=-3.08%  hit=80%
    state=+/+/+  N=131  FCP-EW Sh=+1.24  mean=+1.06%  std=2.96%  p10=-3.12%  hit=68%
    state=-/-/+  N= 12  FCP-EW Sh=+0.97  mean=+2.09%  std=7.45%  p10=-2.96%  hit=67%
    state=+/-/+  N= 21  FCP-EW Sh=+0.64  mean=+0.71%  std=3.81%  p10=-4.48%  hit=57%
    state=-/-/-  N= 11  FCP-EW Sh=+0.25  mean=+0.45%  std=6.11%  p10=-8.50%  hit=55%
    state=+/-/-  N= 35  FCP-EW Sh=+0.12  mean=+0.11%  std=3.19%  p10=-3.95%  hit=54%
    state=-/+/+  N= 38  FCP-EW Sh=-0.19  mean=-0.29%  std=5.34%  p10=-7.44%  hit=47%

--- LIVE 2008-2026 ---
  Focus asset: FCP15_EW
  State (SPY/TIP/GLD)    N    mean%   med%   std%  Sharpe  Sortino   p10%   hit%    W/L  skew
  ------------------------------------------------------------------------------------------------------------------------
        +/+/+   94   +0.98   +1.12   2.97   +1.14    +2.00   -3.08   67.7   1.09  +0.04
        +/+/-   34   +1.54   +1.83   3.00   +1.78    +2.68   -3.25   82.4   0.73  -0.86
        +/-/-   30   +0.14   +0.62   3.36   +0.14    +0.21   -4.51   56.7   0.85  -0.55
        -/+/+   17   +0.43   +1.12   6.27   +0.24    +0.43   -7.21   58.8   0.82  -0.42
        +/-/+   13   +0.63   +0.46   4.22   +0.52    +1.06   -4.36   53.8   1.20  -0.27
        -/-/-   11   +0.45   +0.36   6.11   +0.25    +0.48   -8.50   54.5   0.99  -0.23
        -/-/+    9   +2.40   +5.04   8.48   +0.98    +1.12   -6.15   77.8   0.58  -1.55
        -/+/-    5   +5.99   +5.11   3.41   +6.09     +nan   +2.37  100.0    nan  +0.30

  Conditional ANNUALIZED Sharpe per state:
  State (SPY/TIP/GLD)    N    SPY    QQQ    IEF    GLD    TLT   FCP-EW
  ------------------------------------------------------------------------------------------
        +/+/+   94  +1.11  +1.26  +0.52  +0.75  +0.36  +1.14
        +/+/-   34  +1.91  +1.56  +0.12  +0.79  +0.06  +1.78
        +/-/-   30  +0.16  +0.30  +0.89  +0.82  +0.93  +0.14
        -/+/+   17  +0.11  +1.13  +0.45  +1.09  +0.10  +0.24
        +/-/+   13  +0.42  +0.24  -1.26  -1.64  -2.01  +0.52
        -/-/-   11  +0.57  +0.68  +0.58  +1.07  +0.12  +0.25
        -/-/+    9  +0.97  +1.27  +3.86  -0.01  +2.74  +0.98
        -/+/-    5  +8.36  +5.39  -4.30  -0.28  -3.30  +6.09

  States ranked by FCP15_EW conditional Sharpe (best risk-on candidates first):
    state=-/+/-  N=  5  FCP-EW Sh=+6.09  mean=+5.99%  std=3.41%  p10=+2.37%  hit=100%
    state=+/+/-  N= 34  FCP-EW Sh=+1.78  mean=+1.54%  std=3.00%  p10=-3.25%  hit=82%
    state=+/+/+  N= 94  FCP-EW Sh=+1.14  mean=+0.98%  std=2.97%  p10=-3.08%  hit=68%
    state=-/-/+  N=  9  FCP-EW Sh=+0.98  mean=+2.40%  std=8.48%  p10=-6.15%  hit=78%
    state=+/-/+  N= 13  FCP-EW Sh=+0.52  mean=+0.63%  std=4.22%  p10=-4.36%  hit=54%
    state=-/-/-  N= 11  FCP-EW Sh=+0.25  mean=+0.45%  std=6.11%  p10=-8.50%  hit=55%
    state=-/+/+  N= 17  FCP-EW Sh=+0.24  mean=+0.43%  std=6.27%  p10=-7.21%  hit=59%
    state=+/-/-  N= 30  FCP-EW Sh=+0.14  mean=+0.14%  std=3.36%  p10=-4.51%  hit=57%


####################################################################################################
# Canary set: ['SPY', 'TIP', 'AGG']  (2^3 = 8 states)
####################################################################################################

--- FULL 2001-2026 ---
  Focus asset: FCP15_EW
  State (SPY/TIP/AGG)    N    mean%   med%   std%  Sharpe  Sortino   p10%   hit%    W/L  skew
  ------------------------------------------------------------------------------------------------------------------------
        +/+/+  150   +1.20   +1.58   2.81   +1.48    +2.32   -3.10   72.7   1.05  -0.54
        -/+/+   44   +0.32   +0.38   5.76   +0.19    +0.30   -7.45   52.3   1.05  -0.28
        +/-/-   37   +0.31   +0.46   3.59   +0.30    +0.54   -3.97   54.1   1.04  -0.27
        +/+/-   21   +1.10   +1.60   3.80   +1.01    +2.22   -3.63   60.0   1.38  +0.57
        +/-/+   19   +0.38   +1.42   3.14   +0.42    +0.53   -4.68   57.9   1.00  -0.69
        -/-/-   18   -0.10   +0.66   6.79   -0.05    -0.06   -8.56   55.6   0.77  -0.97
        -/-/+    5   +6.33   +6.84   4.52   +4.86     +nan   +1.46   80.0   8.71  -0.25
        -/+/-    4   +1.52   +1.65   2.64   +1.99     +nan   -1.15   75.0   1.20  -0.26

  Conditional ANNUALIZED Sharpe per state:
  State (SPY/TIP/AGG)    N    SPY    QQQ    IEF    GLD    TLT   FCP-EW
  ------------------------------------------------------------------------------------------
        +/+/+  150  +1.38  +1.33  +0.35  +0.92  +0.21  +1.48
        -/+/+   44  +0.08  +0.50  +1.16  +0.68  +0.36  +0.19
        +/-/-   37  +0.14  -0.06  +0.30  +0.69  -0.10  +0.30
        +/+/-   21  +0.85  +0.44  +1.16  +0.79  +1.12  +1.01
        +/-/+   19  +0.21  +0.43  +0.30  +0.25  +0.73  +0.42
        -/-/-   18  +0.20  +0.37  +1.28  +0.17  +0.77  -0.05
        -/-/+    5  +3.73  +1.90  +3.10  +3.65  +2.71  +4.86
        -/+/-    4  +3.41  +1.63  -1.93  -0.90  -1.24  +1.99

  States ranked by FCP15_EW conditional Sharpe (best risk-on candidates first):
    state=-/-/+  N=  5  FCP-EW Sh=+4.86  mean=+6.33%  std=4.52%  p10=+1.46%  hit=80%
    state=-/+/-  N=  4  FCP-EW Sh=+1.99  mean=+1.52%  std=2.64%  p10=-1.15%  hit=75%
    state=+/+/+  N=150  FCP-EW Sh=+1.48  mean=+1.20%  std=2.81%  p10=-3.10%  hit=73%
    state=+/+/-  N= 21  FCP-EW Sh=+1.01  mean=+1.10%  std=3.80%  p10=-3.63%  hit=60%
    state=+/-/+  N= 19  FCP-EW Sh=+0.42  mean=+0.38%  std=3.14%  p10=-4.68%  hit=58%
    state=+/-/-  N= 37  FCP-EW Sh=+0.30  mean=+0.31%  std=3.59%  p10=-3.97%  hit=54%
    state=-/+/+  N= 44  FCP-EW Sh=+0.19  mean=+0.32%  std=5.76%  p10=-7.45%  hit=52%
    state=-/-/-  N= 18  FCP-EW Sh=-0.05  mean=-0.10%  std=6.79%  p10=-8.56%  hit=56%

--- LIVE 2008-2026 ---
  Focus asset: FCP15_EW
  State (SPY/TIP/AGG)    N    mean%   med%   std%  Sharpe  Sortino   p10%   hit%    W/L  skew
  ------------------------------------------------------------------------------------------------------------------------
        +/+/+  113   +0.99   +1.13   2.86   +1.20    +1.84   -3.15   70.8   0.96  -0.48
        +/-/-   28   +0.49   +0.60   3.85   +0.44    +0.85   -3.89   57.1   1.00  -0.35
        -/+/+   19   +1.52   +3.42   6.62   +0.80    +1.51   -7.12   63.2   0.98  -0.51
        -/-/-   16   -0.38   +0.66   7.11   -0.19    -0.25   -8.60   56.2   0.68  -0.85
        +/-/+   15   -0.09   +0.51   3.19   -0.10    -0.12   -4.97   53.3   0.81  -0.67
        +/+/-   15   +2.26   +2.14   3.69   +2.12    +8.01   -3.01   78.6   1.24  +0.53
        -/-/+    4   +8.15   +7.24   3.00   +9.41     +nan   +5.58  100.0    nan  +1.41
        -/+/-    3   +2.80   +1.67   1.63   +5.95     +nan   +1.64  100.0    nan  +1.73

  Conditional ANNUALIZED Sharpe per state:
  State (SPY/TIP/AGG)    N    SPY    QQQ    IEF    GLD    TLT   FCP-EW
  ------------------------------------------------------------------------------------------
        +/+/+  113  +1.22  +1.33  +0.41  +0.81  +0.25  +1.20
        +/-/-   28  +0.46  +0.41  -0.04  +0.25  -0.41  +0.44
        -/+/+   19  +0.62  +1.57  +0.41  +1.11  -0.12  +0.80
        -/-/-   16  +0.08  +0.25  +1.29  +0.15  +0.74  -0.19
        +/-/+   15  -0.16  +0.02  +0.83  -0.01  +1.02  -0.10
        +/+/-   15  +2.12  +1.41  +0.42  +0.41  +0.49  +2.12
        -/-/+    4  +6.26  +7.27  +3.02  +3.05  +2.94  +9.41
        -/+/-    3  +10.75  +4.92  -5.77  -1.41  -2.86  +5.95

  States ranked by FCP15_EW conditional Sharpe (best risk-on candidates first):
    state=-/-/+  N=  4  FCP-EW Sh=+9.41  mean=+8.15%  std=3.00%  p10=+5.58%  hit=100%
    state=-/+/-  N=  3  FCP-EW Sh=+5.95  mean=+2.80%  std=1.63%  p10=+1.64%  hit=100%
    state=+/+/-  N= 15  FCP-EW Sh=+2.12  mean=+2.26%  std=3.69%  p10=-3.01%  hit=79%
    state=+/+/+  N=113  FCP-EW Sh=+1.20  mean=+0.99%  std=2.86%  p10=-3.15%  hit=71%
    state=-/+/+  N= 19  FCP-EW Sh=+0.80  mean=+1.52%  std=6.62%  p10=-7.12%  hit=63%
    state=+/-/-  N= 28  FCP-EW Sh=+0.44  mean=+0.49%  std=3.85%  p10=-3.89%  hit=57%
    state=+/-/+  N= 15  FCP-EW Sh=-0.10  mean=-0.09%  std=3.19%  p10=-4.97%  hit=53%
    state=-/-/-  N= 16  FCP-EW Sh=-0.19  mean=-0.38%  std=7.11%  p10=-8.60%  hit=56%


####################################################################################################
# Canary set: ['SPY', 'TIP', 'HYG']  (2^3 = 8 states)
####################################################################################################

--- FULL 2001-2026 ---
  Focus asset: FCP15_EW
  State (SPY/TIP/HYG)    N    mean%   med%   std%  Sharpe  Sortino   p10%   hit%    W/L  skew
  ------------------------------------------------------------------------------------------------------------------------
        +/+/+  165   +1.20   +1.58   2.97   +1.40    +2.32   -3.25   72.0   1.04  -0.29
        +/-/+   42   +0.65   +1.45   3.04   +0.74    +1.15   -3.44   61.9   1.03  -0.49
        -/+/-   28   +0.41   +0.99   5.96   +0.24    +0.37   -7.46   57.1   0.89  -0.39
        -/-/-   21   +1.47   +2.16   7.19   +0.71    +0.95   -8.50   66.7   0.82  -0.96
        -/+/+   20   +0.43   +0.10   5.00   +0.30    +0.48   -6.19   50.0   1.24  -0.18
        +/-/-   14   -0.60   -0.79   4.32   -0.48    -0.85   -6.40   35.7   1.30  +0.12
        +/+/-    6   +0.91   +0.73   2.08   +1.51    +5.26   -1.31   50.0   2.69  +0.02
        -/-/+    2   -0.47   -0.47   0.46   -3.55    -3.55   -0.84    0.0    nan   +nan

  Conditional ANNUALIZED Sharpe per state:
  State (SPY/TIP/HYG)    N    SPY    QQQ    IEF    GLD    TLT   FCP-EW
  ------------------------------------------------------------------------------------------
        +/+/+  165  +1.26  +1.21  +0.37  +0.95  +0.23  +1.40
        +/-/+   42  +0.61  +0.44  +0.23  +0.63  -0.17  +0.74
        -/+/-   28  +0.11  +0.76  +1.11  +0.12  +0.89  +0.24
        -/-/-   21  +0.84  +1.02  +1.56  +0.66  +1.12  +0.71
        -/+/+   20  +0.41  +0.28  +0.35  +1.11  -0.64  +0.30
        +/-/-   14  -0.71  -0.56  +0.46  +0.40  +0.78  -0.48
        +/+/-    6  +2.00  +0.85  +4.74  -0.22  +3.38  +1.51
        -/-/+    2  -2.58  -3.50  +4.97  +0.18  +125.11  -3.55

  States ranked by FCP15_EW conditional Sharpe (best risk-on candidates first):
    state=+/+/-  N=  6  FCP-EW Sh=+1.51  mean=+0.91%  std=2.08%  p10=-1.31%  hit=50%
    state=+/+/+  N=165  FCP-EW Sh=+1.40  mean=+1.20%  std=2.97%  p10=-3.25%  hit=72%
    state=+/-/+  N= 42  FCP-EW Sh=+0.74  mean=+0.65%  std=3.04%  p10=-3.44%  hit=62%
    state=-/-/-  N= 21  FCP-EW Sh=+0.71  mean=+1.47%  std=7.19%  p10=-8.50%  hit=67%
    state=-/+/+  N= 20  FCP-EW Sh=+0.30  mean=+0.43%  std=5.00%  p10=-6.19%  hit=50%
    state=-/+/-  N= 28  FCP-EW Sh=+0.24  mean=+0.41%  std=5.96%  p10=-7.46%  hit=57%
    state=+/-/-  N= 14  FCP-EW Sh=-0.48  mean=-0.60%  std=4.32%  p10=-6.40%  hit=36%
    state=-/-/+  N=  2  FCP-EW Sh=-3.55  mean=-0.47%  std=0.46%  p10=-0.84%  hit=0%

--- LIVE 2008-2026 ---
  Focus asset: FCP15_EW
  State (SPY/TIP/HYG)    N    mean%   med%   std%  Sharpe  Sortino   p10%   hit%    W/L  skew
  ------------------------------------------------------------------------------------------------------------------------
        +/+/+  125   +1.11   +1.27   3.01   +1.28    +2.13   -3.25   71.8   0.98  -0.18
        +/-/+   30   +0.88   +1.47   3.24   +0.94    +1.49   -3.49   66.7   0.95  -0.59
        -/-/-   20   +1.32   +1.78   7.34   +0.63    +0.86   -8.52   65.0   0.84  -0.89
        -/+/-   13   +1.28   +1.63   7.02   +0.63    +1.42   -7.40   69.2   0.68  -0.57
        +/-/-   13   -1.07   -0.95   4.13   -0.90    -1.51   -6.57   30.8   1.22  +0.26
        -/+/+    9   +2.30   +4.06   4.70   +1.70    +3.96   -4.44   66.7   1.49  -0.35
        +/+/-    3   +2.00   +2.92   1.87   +3.70     +nan   +0.10   66.7   5.43  -1.51

  Conditional ANNUALIZED Sharpe per state:
  State (SPY/TIP/HYG)    N    SPY    QQQ    IEF    GLD    TLT   FCP-EW
  ------------------------------------------------------------------------------------------
        +/+/+  125  +1.27  +1.32  +0.37  +0.83  +0.23  +1.28
        +/-/+   30  +1.08  +1.26  -0.10  +0.02  -0.48  +0.94
        -/-/-   20  +0.76  +0.94  +1.56  +0.52  +1.13  +0.63
        -/+/-   13  +0.55  +1.26  +0.22  +0.96  +0.42  +0.63
        +/-/-   13  -1.16  -1.30  +0.74  +0.43  +0.87  -0.90
        -/+/+    9  +1.60  +2.67  -0.84  +0.62  -1.47  +1.70
        +/+/-    3  +7.15  +2.73  +3.33  -1.34  +2.43  +3.70

  States ranked by FCP15_EW conditional Sharpe (best risk-on candidates first):
    state=+/+/-  N=  3  FCP-EW Sh=+3.70  mean=+2.00%  std=1.87%  p10=+0.10%  hit=67%
    state=-/+/+  N=  9  FCP-EW Sh=+1.70  mean=+2.30%  std=4.70%  p10=-4.44%  hit=67%
    state=+/+/+  N=125  FCP-EW Sh=+1.28  mean=+1.11%  std=3.01%  p10=-3.25%  hit=72%
    state=+/-/+  N= 30  FCP-EW Sh=+0.94  mean=+0.88%  std=3.24%  p10=-3.49%  hit=67%
    state=-/+/-  N= 13  FCP-EW Sh=+0.63  mean=+1.28%  std=7.02%  p10=-7.40%  hit=69%
    state=-/-/-  N= 20  FCP-EW Sh=+0.63  mean=+1.32%  std=7.34%  p10=-8.52%  hit=65%
    state=+/-/-  N= 13  FCP-EW Sh=-0.90  mean=-1.07%  std=4.13%  p10=-6.57%  hit=31%


####################################################################################################
# Canary set: ['SPY', 'TIP', 'TLT']  (2^3 = 8 states)
####################################################################################################

--- FULL 2001-2026 ---
  Focus asset: FCP15_EW
  State (SPY/TIP/TLT)    N    mean%   med%   std%  Sharpe  Sortino   p10%   hit%    W/L  skew
  ------------------------------------------------------------------------------------------------------------------------
        +/+/+  116   +1.05   +1.52   2.91   +1.25    +2.02   -3.29   72.4   0.90  -0.56
        +/+/-   55   +1.48   +1.68   3.00   +1.71    +3.24   -2.54   68.5   1.60  +0.23
        +/-/-   47   +0.43   +1.42   3.50   +0.42    +0.69   -3.97   57.4   0.99  -0.43
        -/+/+   42   +0.36   +0.38   5.76   +0.21    +0.33   -7.45   52.4   1.06  -0.27
        -/-/-   17   +0.95   +0.97   5.37   +0.62    +1.00   -7.06   58.8   1.08  -0.35
        +/-/+    9   -0.14   -0.30   3.11   -0.16    -0.22   -4.68   44.4   1.11  -0.09
        -/-/+    6   +2.28   +5.94   9.96   +0.79    +0.93   -9.46   66.7   0.86  -1.58
        -/+/-    6   +0.90   +1.65   4.07   +0.76    +0.99   -3.89   66.7   0.85  -1.26

  Conditional ANNUALIZED Sharpe per state:
  State (SPY/TIP/TLT)    N    SPY    QQQ    IEF    GLD    TLT   FCP-EW
  ------------------------------------------------------------------------------------------
        +/+/+  116  +1.31  +1.32  +0.10  +0.69  -0.05  +1.25
        +/+/-   55  +1.23  +0.92  +1.26  +1.34  +1.26  +1.71
        +/-/-   47  +0.26  +0.14  +0.22  +0.50  -0.09  +0.42
        -/+/+   42  +0.14  +0.43  +1.34  +0.62  +0.55  +0.21
        -/-/-   17  +0.81  +0.82  +1.39  +0.85  +0.86  +0.62
        +/-/+    9  -0.35  -0.02  +0.70  +0.87  +1.33  -0.16
        -/-/+    6  +0.73  +0.55  +2.27  +0.26  +2.03  +0.79
        -/+/-    6  +0.87  +2.17  -2.89  +0.17  -2.97  +0.76

  States ranked by FCP15_EW conditional Sharpe (best risk-on candidates first):
    state=+/+/-  N= 55  FCP-EW Sh=+1.71  mean=+1.48%  std=3.00%  p10=-2.54%  hit=69%
    state=+/+/+  N=116  FCP-EW Sh=+1.25  mean=+1.05%  std=2.91%  p10=-3.29%  hit=72%
    state=-/-/+  N=  6  FCP-EW Sh=+0.79  mean=+2.28%  std=9.96%  p10=-9.46%  hit=67%
    state=-/+/-  N=  6  FCP-EW Sh=+0.76  mean=+0.90%  std=4.07%  p10=-3.89%  hit=67%
    state=-/-/-  N= 17  FCP-EW Sh=+0.62  mean=+0.95%  std=5.37%  p10=-7.06%  hit=59%
    state=+/-/-  N= 47  FCP-EW Sh=+0.42  mean=+0.43%  std=3.50%  p10=-3.97%  hit=57%
    state=-/+/+  N= 42  FCP-EW Sh=+0.21  mean=+0.36%  std=5.76%  p10=-7.45%  hit=52%
    state=+/-/+  N=  9  FCP-EW Sh=-0.16  mean=-0.14%  std=3.11%  p10=-4.68%  hit=44%

--- LIVE 2008-2026 ---
  Focus asset: FCP15_EW
  State (SPY/TIP/TLT)    N    mean%   med%   std%  Sharpe  Sortino   p10%   hit%    W/L  skew
  ------------------------------------------------------------------------------------------------------------------------
        +/+/+   85   +0.74   +1.04   2.93   +0.88    +1.36   -3.29   69.4   0.82  -0.50
        +/+/-   43   +1.91   +2.11   2.95   +2.25    +4.78   -1.56   76.2   1.63  +0.38
        +/-/-   35   +0.55   +1.42   3.81   +0.50    +0.86   -4.12   60.0   0.93  -0.46
        -/+/+   16   +2.00   +3.74   6.81   +1.02    +2.14   -6.51   68.8   0.88  -0.67
        -/-/-   15   +0.79   +0.97   5.64   +0.49    +0.91   -7.54   60.0   0.93  -0.27
        +/-/+    8   -0.84   -0.40   2.53   -1.15    -1.34   -4.75   37.5   0.66  -0.85
        -/+/-    6   +0.90   +1.65   4.07   +0.76    +0.99   -3.89   66.7   0.85  -1.26
        -/-/+    5   +2.92   +6.84  10.80   +0.94     +nan   -8.78   80.0   0.45  -1.88

  Conditional ANNUALIZED Sharpe per state:
  State (SPY/TIP/TLT)    N    SPY    QQQ    IEF    GLD    TLT   FCP-EW
  ------------------------------------------------------------------------------------------
        +/+/+   85  +1.13  +1.36  +0.09  +0.45  -0.03  +0.88
        +/+/-   43  +1.73  +1.30  +1.06  +1.30  +1.04  +2.25
        +/-/-   35  +0.52  +0.59  -0.01  -0.01  -0.30  +0.50
        -/+/+   16  +0.91  +1.67  +0.54  +0.98  +0.07  +1.02
        -/-/-   15  +0.70  +0.72  +1.42  +0.91  +0.85  +0.49
        +/-/+    8  -1.33  -1.37  +1.42  +0.97  +1.56  -1.15
        -/+/-    6  +0.87  +2.17  -2.89  +0.17  -2.97  +0.76
        -/-/+    5  +0.94  +1.49  +2.11  -0.11  +2.09  +0.94

  States ranked by FCP15_EW conditional Sharpe (best risk-on candidates first):
    state=+/+/-  N= 43  FCP-EW Sh=+2.25  mean=+1.91%  std=2.95%  p10=-1.56%  hit=76%
    state=-/+/+  N= 16  FCP-EW Sh=+1.02  mean=+2.00%  std=6.81%  p10=-6.51%  hit=69%
    state=-/-/+  N=  5  FCP-EW Sh=+0.94  mean=+2.92%  std=10.80%  p10=-8.78%  hit=80%
    state=+/+/+  N= 85  FCP-EW Sh=+0.88  mean=+0.74%  std=2.93%  p10=-3.29%  hit=69%
    state=-/+/-  N=  6  FCP-EW Sh=+0.76  mean=+0.90%  std=4.07%  p10=-3.89%  hit=67%
    state=+/-/-  N= 35  FCP-EW Sh=+0.50  mean=+0.55%  std=3.81%  p10=-4.12%  hit=60%
    state=-/-/-  N= 15  FCP-EW Sh=+0.49  mean=+0.79%  std=5.64%  p10=-7.54%  hit=60%
    state=+/-/+  N=  8  FCP-EW Sh=-1.15  mean=-0.84%  std=2.53%  p10=-4.75%  hit=38%


####################################################################################################
# Canary set: ['SPY', 'TIP', 'EFA', 'AGG']  (2^4 = 16 states)
####################################################################################################

--- FULL 2001-2026 ---
  Focus asset: FCP15_EW
  State (SPY/TIP/EFA/AGG)    N    mean%   med%   std%  Sharpe  Sortino   p10%   hit%    W/L  skew
  ------------------------------------------------------------------------------------------------------------------------
          +/+/+/+  132   +1.22   +1.51   2.67   +1.58    +2.69   -2.96   73.5   1.08  -0.41
          -/+/-/+   36   +0.29   +0.20   6.19   +0.16    +0.27   -7.47   50.0   1.12  -0.24
          +/-/+/-   26   +0.12   +0.35   3.10   +0.13    +0.21   -3.35   53.8   0.94  -0.56
          +/+/+/-   19   +0.48   +1.39   3.12   +0.53    +0.97   -3.65   55.6   1.14  -0.36
          +/+/-/+   18   +1.05   +1.84   3.65   +1.00    +1.40   -4.95   66.7   0.99  -0.86
          -/-/-/-   14   -1.09   -0.08   7.27   -0.52    -0.71   -8.64   50.0   0.68  -0.68
          +/-/+/+   12   +0.54   +1.47   2.90   +0.64    +0.86   -4.15   66.7   0.79  -0.66
          +/-/-/-   11   +0.77   +0.73   4.52   +0.59    +1.34   -4.43   54.5   1.22  -0.22
          -/+/+/+    8   +0.47   +0.52   3.16   +0.52    +0.62   -2.38   62.5   0.90  -0.85
          +/-/-/+    7   +0.13   -0.30   3.51   +0.12    +0.16   -3.14   42.9   1.47  -0.79
          -/-/-/+    5   +6.33   +6.84   4.52   +4.86     +nan   +1.46   80.0   8.71  -0.25
          -/-/+/-    4   +3.39   +3.27   2.61   +4.49     +nan   +0.64   75.0  379.44  +0.20
          -/+/-/-    3   +2.80   +1.67   1.63   +5.95     +nan   +1.64  100.0    nan  +1.73
          +/+/-/-    2   +6.71   +6.71   4.68   +4.96     +nan   +2.96  100.0    nan   +nan
          -/+/+/-    1   -2.34   -2.34   0.00    +nan     +nan   -2.34    0.0    nan   +nan

  Conditional ANNUALIZED Sharpe per state:
  State (SPY/TIP/EFA/AGG)    N    SPY    QQQ    IEF    GLD    TLT   FCP-EW
  ------------------------------------------------------------------------------------------
          +/+/+/+  132  +1.43  +1.32  +0.21  +0.95  +0.05  +1.58
          -/+/-/+   36  +0.08  +0.55  +1.08  +0.62  +0.41  +0.16
          +/-/+/-   26  +0.04  +0.04  +0.50  +0.57  -0.09  +0.13
          +/+/+/-   19  +0.32  -0.05  +1.26  +1.24  +1.19  +0.53
          +/+/-/+   18  +1.13  +1.38  +1.55  +0.72  +1.15  +1.00
          -/-/-/-   14  -0.23  -0.26  +0.85  -0.35  +0.32  -0.52
          +/-/+/+   12  +0.70  +0.77  -1.07  -0.84  -1.55  +0.64
          +/-/-/-   11  +0.31  -0.23  +0.03  +0.98  -0.14  +0.59
          -/+/+/+    8  +0.16  +0.27  +1.84  +1.08  -0.05  +0.52
          +/-/-/+    7  -0.45  -0.03  +1.44  +2.05  +2.70  +0.12
          -/-/-/+    5  +3.73  +1.90  +3.10  +3.65  +2.71  +4.86
          -/-/+/-    4  +5.82  +5.44  +4.36  +2.61  +4.38  +4.49
          -/+/-/-    3  +10.75  +4.92  -5.77  -1.41  -2.86  +5.95
          +/+/-/-    2  +7.04  +5.76  -0.76  -8.37  +0.25  +4.96
          -/+/+/-    1   +nan   +nan   +nan   +nan   +nan   +nan

  States ranked by FCP15_EW conditional Sharpe (best risk-on candidates first):
    state=-/+/-/-  N=  3  FCP-EW Sh=+5.95  mean=+2.80%  std=1.63%  p10=+1.64%  hit=100%
    state=+/+/-/-  N=  2  FCP-EW Sh=+4.96  mean=+6.71%  std=4.68%  p10=+2.96%  hit=100%
    state=-/-/-/+  N=  5  FCP-EW Sh=+4.86  mean=+6.33%  std=4.52%  p10=+1.46%  hit=80%
    state=-/-/+/-  N=  4  FCP-EW Sh=+4.49  mean=+3.39%  std=2.61%  p10=+0.64%  hit=75%
    state=+/+/+/+  N=132  FCP-EW Sh=+1.58  mean=+1.22%  std=2.67%  p10=-2.96%  hit=73%
    state=+/+/-/+  N= 18  FCP-EW Sh=+1.00  mean=+1.05%  std=3.65%  p10=-4.95%  hit=67%
    state=+/-/+/+  N= 12  FCP-EW Sh=+0.64  mean=+0.54%  std=2.90%  p10=-4.15%  hit=67%
    state=+/-/-/-  N= 11  FCP-EW Sh=+0.59  mean=+0.77%  std=4.52%  p10=-4.43%  hit=55%
    state=+/+/+/-  N= 19  FCP-EW Sh=+0.53  mean=+0.48%  std=3.12%  p10=-3.65%  hit=56%
    state=-/+/+/+  N=  8  FCP-EW Sh=+0.52  mean=+0.47%  std=3.16%  p10=-2.38%  hit=62%
    state=-/+/-/+  N= 36  FCP-EW Sh=+0.16  mean=+0.29%  std=6.19%  p10=-7.47%  hit=50%
    state=+/-/+/-  N= 26  FCP-EW Sh=+0.13  mean=+0.12%  std=3.10%  p10=-3.35%  hit=54%
    state=+/-/-/+  N=  7  FCP-EW Sh=+0.12  mean=+0.13%  std=3.51%  p10=-3.14%  hit=43%
    state=-/-/-/-  N= 14  FCP-EW Sh=-0.52  mean=-1.09%  std=7.27%  p10=-8.64%  hit=50%
    state=-/+/+/-  N=  1  FCP-EW Sh=+nan  mean=-2.34%  std=0.00%  p10=-2.34%  hit=0%

--- LIVE 2008-2026 ---
  Focus asset: FCP15_EW
  State (SPY/TIP/EFA/AGG)    N    mean%   med%   std%  Sharpe  Sortino   p10%   hit%    W/L  skew
  ------------------------------------------------------------------------------------------------------------------------
          +/+/+/+   96   +0.99   +1.10   2.67   +1.28    +2.12   -3.04   71.9   0.97  -0.34
          +/-/+/-   17   +0.31   +0.46   3.34   +0.32    +0.55   -3.04   58.8   0.87  -0.73
          +/+/-/+   17   +1.01   +1.89   3.75   +0.93    +1.35   -5.12   64.7   1.03  -0.81
          -/+/-/+   16   +1.51   +3.74   7.15   +0.73    +1.77   -7.26   62.5   0.95  -0.49
          -/-/-/-   14   -1.09   -0.08   7.27   -0.52    -0.71   -8.64   50.0   0.68  -0.68
          +/+/+/-   13   +1.52   +1.99   2.89   +1.82    +5.39   -3.42   75.0   1.01  -0.79
          +/-/-/-   11   +0.77   +0.73   4.52   +0.59    +1.34   -4.43   54.5   1.22  -0.22
          +/-/+/+   11   +0.42   +1.42   3.00   +0.48    +0.67   -4.54   63.6   0.81  -0.53
          -/-/-/+    4   +8.15   +7.24   3.00   +9.41     +nan   +5.58  100.0    nan  +1.41
          +/-/-/+    4   -1.50   -0.46   3.28   -1.58    -1.70   -5.03   25.0   0.71  -1.47
          -/+/-/-    3   +2.80   +1.67   1.63   +5.95     +nan   +1.64  100.0    nan  +1.73
          -/+/+/+    3   +1.59   +0.77   2.31   +2.38     +nan   -0.44   66.7   3.72  +1.20
          -/-/+/-    2   +4.60   +4.60   2.44   +6.54     +nan   +2.65  100.0    nan   +nan
          +/+/-/-    2   +6.71   +6.71   4.68   +4.96     +nan   +2.96  100.0    nan   +nan

  Conditional ANNUALIZED Sharpe per state:
  State (SPY/TIP/EFA/AGG)    N    SPY    QQQ    IEF    GLD    TLT   FCP-EW
  ------------------------------------------------------------------------------------------
          +/+/+/+   96  +1.24  +1.28  +0.23  +0.86  +0.06  +1.28
          +/-/+/-   17  +0.62  +1.10  -0.11  -0.22  -0.71  +0.32
          +/+/-/+   17  +1.16  +1.64  +1.54  +0.58  +1.09  +0.93
          -/+/-/+   16  +0.52  +1.42  +0.60  +1.08  +0.09  +0.73
          -/-/-/-   14  -0.23  -0.26  +0.85  -0.35  +0.32  -0.52
          +/+/+/-   13  +1.64  +0.90  +0.49  +0.91  +0.52  +1.82
          +/-/-/-   11  +0.31  -0.23  +0.03  +0.98  -0.14  +0.59
          +/-/+/+   11  +0.60  +0.68  -0.99  -1.18  -1.42  +0.48
          -/-/-/+    4  +6.26  +7.27  +3.02  +3.05  +2.94  +9.41
          +/-/-/+    4  -2.02  -2.23  +4.93  +2.37  +6.76  -1.58
          -/+/-/-    3  +10.75  +4.92  -5.77  -1.41  -2.86  +5.95
          -/+/+/+    3  +2.21  +3.28  -1.55  +1.81  -10.10  +2.38
          -/-/+/-    2  +13.42  +60.64  +180.76  +21.96  +15.42  +6.54
          +/+/-/-    2  +7.04  +5.76  -0.76  -8.37  +0.25  +4.96

  States ranked by FCP15_EW conditional Sharpe (best risk-on candidates first):
    state=-/-/-/+  N=  4  FCP-EW Sh=+9.41  mean=+8.15%  std=3.00%  p10=+5.58%  hit=100%
    state=-/-/+/-  N=  2  FCP-EW Sh=+6.54  mean=+4.60%  std=2.44%  p10=+2.65%  hit=100%
    state=-/+/-/-  N=  3  FCP-EW Sh=+5.95  mean=+2.80%  std=1.63%  p10=+1.64%  hit=100%
    state=+/+/-/-  N=  2  FCP-EW Sh=+4.96  mean=+6.71%  std=4.68%  p10=+2.96%  hit=100%
    state=-/+/+/+  N=  3  FCP-EW Sh=+2.38  mean=+1.59%  std=2.31%  p10=-0.44%  hit=67%
    state=+/+/+/-  N= 13  FCP-EW Sh=+1.82  mean=+1.52%  std=2.89%  p10=-3.42%  hit=75%
    state=+/+/+/+  N= 96  FCP-EW Sh=+1.28  mean=+0.99%  std=2.67%  p10=-3.04%  hit=72%
    state=+/+/-/+  N= 17  FCP-EW Sh=+0.93  mean=+1.01%  std=3.75%  p10=-5.12%  hit=65%
    state=-/+/-/+  N= 16  FCP-EW Sh=+0.73  mean=+1.51%  std=7.15%  p10=-7.26%  hit=62%
    state=+/-/-/-  N= 11  FCP-EW Sh=+0.59  mean=+0.77%  std=4.52%  p10=-4.43%  hit=55%
    state=+/-/+/+  N= 11  FCP-EW Sh=+0.48  mean=+0.42%  std=3.00%  p10=-4.54%  hit=64%
    state=+/-/+/-  N= 17  FCP-EW Sh=+0.32  mean=+0.31%  std=3.34%  p10=-3.04%  hit=59%
    state=-/-/-/-  N= 14  FCP-EW Sh=-0.52  mean=-1.09%  std=7.27%  p10=-8.64%  hit=50%
    state=+/-/-/+  N=  4  FCP-EW Sh=-1.58  mean=-1.50%  std=3.28%  p10=-5.03%  hit=25%


####################################################################################################
# Canary set: ['SPY', 'TIP', 'EEM', 'HYG']  (2^4 = 16 states)
####################################################################################################

--- FULL 2001-2026 ---
  Focus asset: FCP15_EW
  State (SPY/TIP/EEM/HYG)    N    mean%   med%   std%  Sharpe  Sortino   p10%   hit%    W/L  skew
  ------------------------------------------------------------------------------------------------------------------------
          +/+/+/+  141   +1.31   +1.70   2.87   +1.58    +2.72   -3.00   72.9   1.13  -0.19
          +/-/+/+   31   +0.71   +1.42   2.69   +0.91    +1.58   -3.24   61.3   1.19  -0.27
          +/+/-/+   24   +0.57   +1.45   3.43   +0.57    +0.95   -4.19   66.7   0.74  -0.49
          -/+/-/-   22   -0.30   +0.36   6.31   -0.16    -0.27   -7.48   50.0   0.89  -0.20
          -/-/-/-   20   +1.32   +1.78   7.34   +0.63    +0.86   -8.52   65.0   0.84  -0.89
          +/-/-/-   12   -0.58   -0.79   3.92   -0.51    -0.90   -5.17   33.3   1.41  +0.22
          -/+/-/+   11   +0.61   +0.47   5.21   +0.41    +0.61   -5.54   54.5   1.10  -0.67
          +/-/-/+   11   +0.48   +1.63   3.85   +0.43    +0.70   -3.65   63.6   0.76  -0.68
          -/+/+/+    9   +0.22   -0.48   4.72   +0.16    +0.28   -6.19   44.4   1.42  +0.58
          -/+/+/-    6   +3.03   +2.71   3.27   +3.21     +nan   -0.23   83.3   3.18  +0.75
          +/+/+/-    4   +0.79   +0.69   2.22   +1.23    +4.45   -1.55   50.0   2.21  +0.14
          +/-/+/-    2   -0.72   -0.72   6.21   -0.40     +nan   -5.68   50.0   0.79   +nan
          +/+/-/-    2   +1.15   +1.15   1.76   +2.27     +nan   -0.26   50.0   4.79   +nan
          -/-/-/+    1   -0.01   -0.01   0.00    +nan     +nan   -0.01    0.0    nan   +nan
          -/-/+/-    1   +4.37   +4.37   0.00    +nan     +nan   +4.37  100.0    nan   +nan
          -/-/+/+    1   -0.94   -0.94   0.00    +nan     +nan   -0.94    0.0    nan   +nan

  Conditional ANNUALIZED Sharpe per state:
  State (SPY/TIP/EEM/HYG)    N    SPY    QQQ    IEF    GLD    TLT   FCP-EW
  ------------------------------------------------------------------------------------------
          +/+/+/+  141  +1.38  +1.22  +0.39  +1.01  +0.23  +1.58
          +/-/+/+   31  +0.76  +0.32  +0.50  +0.13  -0.04  +0.91
          +/+/-/+   24  +0.67  +1.14  +0.22  +0.59  +0.24  +0.57
          -/+/-/-   22  -0.27  +0.30  +1.53  +0.50  +1.37  -0.16
          -/-/-/-   20  +0.76  +0.94  +1.56  +0.52  +1.13  +0.63
          +/-/-/-   12  -0.77  -0.99  +0.45  +0.19  +0.58  -0.51
          -/+/-/+   11  +0.61  +0.60  +0.09  +1.19  -0.50  +0.41
          +/-/-/+   11  +0.26  +0.79  -0.37  +2.03  -0.42  +0.43
          -/+/+/+    9  +0.12  -0.15  +0.73  +1.03  -1.02  +0.16
          -/+/+/-    6  +2.89  +4.46  -0.25  -2.27  -0.92  +3.21
          +/+/+/-    4  +1.05  +0.93  +9.43  +3.37  +7.16  +1.23
          +/-/+/-    2  -0.61  +0.68  +0.51  +2.97  +2.53  -0.40
          +/+/-/-    2  +5.49  +1.06  +2.02  -1.83  +0.91  +2.27
          -/-/-/+    1   +nan   +nan   +nan   +nan   +nan   +nan
          -/-/+/-    1   +nan   +nan   +nan   +nan   +nan   +nan
          -/-/+/+    1   +nan   +nan   +nan   +nan   +nan   +nan

  States ranked by FCP15_EW conditional Sharpe (best risk-on candidates first):
    state=-/+/+/-  N=  6  FCP-EW Sh=+3.21  mean=+3.03%  std=3.27%  p10=-0.23%  hit=83%
    state=+/+/-/-  N=  2  FCP-EW Sh=+2.27  mean=+1.15%  std=1.76%  p10=-0.26%  hit=50%
    state=+/+/+/+  N=141  FCP-EW Sh=+1.58  mean=+1.31%  std=2.87%  p10=-3.00%  hit=73%
    state=+/+/+/-  N=  4  FCP-EW Sh=+1.23  mean=+0.79%  std=2.22%  p10=-1.55%  hit=50%
    state=+/-/+/+  N= 31  FCP-EW Sh=+0.91  mean=+0.71%  std=2.69%  p10=-3.24%  hit=61%
    state=-/-/-/-  N= 20  FCP-EW Sh=+0.63  mean=+1.32%  std=7.34%  p10=-8.52%  hit=65%
    state=+/+/-/+  N= 24  FCP-EW Sh=+0.57  mean=+0.57%  std=3.43%  p10=-4.19%  hit=67%
    state=+/-/-/+  N= 11  FCP-EW Sh=+0.43  mean=+0.48%  std=3.85%  p10=-3.65%  hit=64%
    state=-/+/-/+  N= 11  FCP-EW Sh=+0.41  mean=+0.61%  std=5.21%  p10=-5.54%  hit=55%
    state=-/+/+/+  N=  9  FCP-EW Sh=+0.16  mean=+0.22%  std=4.72%  p10=-6.19%  hit=44%
    state=-/+/-/-  N= 22  FCP-EW Sh=-0.16  mean=-0.30%  std=6.31%  p10=-7.48%  hit=50%
    state=+/-/+/-  N=  2  FCP-EW Sh=-0.40  mean=-0.72%  std=6.21%  p10=-5.68%  hit=50%
    state=+/-/-/-  N= 12  FCP-EW Sh=-0.51  mean=-0.58%  std=3.92%  p10=-5.17%  hit=33%
    state=-/-/-/+  N=  1  FCP-EW Sh=+nan  mean=-0.01%  std=0.00%  p10=-0.01%  hit=0%
    state=-/-/+/-  N=  1  FCP-EW Sh=+nan  mean=+4.37%  std=0.00%  p10=+4.37%  hit=100%
    state=-/-/+/+  N=  1  FCP-EW Sh=+nan  mean=-0.94%  std=0.00%  p10=-0.94%  hit=0%

--- LIVE 2008-2026 ---
  Focus asset: FCP15_EW
  State (SPY/TIP/EEM/HYG)    N    mean%   med%   std%  Sharpe  Sortino   p10%   hit%    W/L  skew
  ------------------------------------------------------------------------------------------------------------------------
          +/+/+/+  101   +1.24   +1.21   2.88   +1.49    +2.63   -3.00   73.0   1.09  -0.01
          +/+/-/+   24   +0.57   +1.45   3.43   +0.57    +0.95   -4.19   66.7   0.74  -0.49
          -/-/-/-   20   +1.32   +1.78   7.34   +0.63    +0.86   -8.52   65.0   0.84  -0.89
          +/-/+/+   20   +1.14   +1.47   2.74   +1.43    +2.67   -2.83   70.0   1.15  -0.35
          +/-/-/-   12   -0.58   -0.79   3.92   -0.51    -0.90   -5.17   33.3   1.41  +0.22
          -/+/-/-   11   +0.63   +1.63   7.25   +0.30    +0.70   -7.49   63.6   0.70  -0.44
          +/-/-/+   10   +0.36   +1.51   4.02   +0.31    +0.53   -4.07   60.0   0.82  -0.56
          -/+/-/+    5   +1.04   +4.06   4.87   +0.74    +5.27   -4.99   60.0   1.03  -0.59
          -/+/+/+    4   +3.88   +3.21   3.95   +3.40     +nan   -0.02   75.0   7.32  +0.72
          -/+/+/-    2   +4.85   +4.85   4.08   +4.12     +nan   +1.58  100.0    nan   +nan
          +/+/-/-    2   +1.15   +1.15   1.76   +2.27     +nan   -0.26   50.0   4.79   +nan
          +/-/+/-    1   -6.92   -6.92   0.00    +nan     +nan   -6.92    0.0    nan   +nan
          +/+/+/-    1   +3.69   +3.69   0.00    +nan     +nan   +3.69  100.0    nan   +nan

  Conditional ANNUALIZED Sharpe per state:
  State (SPY/TIP/EEM/HYG)    N    SPY    QQQ    IEF    GLD    TLT   FCP-EW
  ------------------------------------------------------------------------------------------
          +/+/+/+  101  +1.44  +1.38  +0.41  +0.89  +0.23  +1.49
          +/+/-/+   24  +0.67  +1.14  +0.22  +0.59  +0.24  +0.57
          -/-/-/-   20  +0.76  +0.94  +1.56  +0.52  +1.13  +0.63
          +/-/+/+   20  +1.69  +1.75  +0.02  -1.31  -0.54  +1.43
          +/-/-/-   12  -0.77  -0.99  +0.45  +0.19  +0.58  -0.51
          -/+/-/-   11  +0.20  +0.87  +0.87  +1.35  +1.07  +0.30
          +/-/-/+   10  +0.12  +0.48  -0.28  +1.99  -0.42  +0.31
          -/+/-/+    5  +0.60  +1.88  -0.29  +0.85  -0.72  +0.74
          -/+/+/+    4  +4.32  +3.93  -1.93  +0.28  -5.06  +3.40
          -/+/+/-    2  +3.84  +3.74  -9.49  -6.24  -6.44  +4.12
          +/+/-/-    2  +5.49  +1.06  +2.02  -1.83  +0.91  +2.27
          +/-/+/-    1   +nan   +nan   +nan   +nan   +nan   +nan
          +/+/+/-    1   +nan   +nan   +nan   +nan   +nan   +nan

  States ranked by FCP15_EW conditional Sharpe (best risk-on candidates first):
    state=-/+/+/-  N=  2  FCP-EW Sh=+4.12  mean=+4.85%  std=4.08%  p10=+1.58%  hit=100%
    state=-/+/+/+  N=  4  FCP-EW Sh=+3.40  mean=+3.88%  std=3.95%  p10=-0.02%  hit=75%
    state=+/+/-/-  N=  2  FCP-EW Sh=+2.27  mean=+1.15%  std=1.76%  p10=-0.26%  hit=50%
    state=+/+/+/+  N=101  FCP-EW Sh=+1.49  mean=+1.24%  std=2.88%  p10=-3.00%  hit=73%
    state=+/-/+/+  N= 20  FCP-EW Sh=+1.43  mean=+1.14%  std=2.74%  p10=-2.83%  hit=70%
    state=-/+/-/+  N=  5  FCP-EW Sh=+0.74  mean=+1.04%  std=4.87%  p10=-4.99%  hit=60%
    state=-/-/-/-  N= 20  FCP-EW Sh=+0.63  mean=+1.32%  std=7.34%  p10=-8.52%  hit=65%
    state=+/+/-/+  N= 24  FCP-EW Sh=+0.57  mean=+0.57%  std=3.43%  p10=-4.19%  hit=67%
    state=+/-/-/+  N= 10  FCP-EW Sh=+0.31  mean=+0.36%  std=4.02%  p10=-4.07%  hit=60%
    state=-/+/-/-  N= 11  FCP-EW Sh=+0.30  mean=+0.63%  std=7.25%  p10=-7.49%  hit=64%
    state=+/-/-/-  N= 12  FCP-EW Sh=-0.51  mean=-0.58%  std=3.92%  p10=-5.17%  hit=33%
    state=+/-/+/-  N=  1  FCP-EW Sh=+nan  mean=-6.92%  std=0.00%  p10=-6.92%  hit=0%
    state=+/+/+/-  N=  1  FCP-EW Sh=+nan  mean=+3.69%  std=0.00%  p10=+3.69%  hit=100%


####################################################################################################
# Canary set: ['EEM', 'AGG']  (2^2 = 4 states)
####################################################################################################

--- FULL 2001-2026 ---
  Focus asset: FCP15_EW
  State (EEM/AGG)       N    mean%   med%   std%  Sharpe  Sortino   p10%   hit%    W/L  skew
  ------------------------------------------------------------------------------------------------------------------------
         +/+  156   +1.23   +1.53   2.95   +1.44    +2.25   -3.04   71.2   1.14  -0.31
         -/+   62   +0.67   +1.12   5.29   +0.44    +0.66   -6.99   58.1   0.99  -0.30
         -/-   41   -0.02   +0.73   5.37   -0.01    -0.02   -6.90   53.7   0.86  -0.87
         +/-   39   +1.02   +1.47   3.39   +1.04    +2.20   -3.31   60.5   1.36  +0.35

  Conditional ANNUALIZED Sharpe per state:
  State (EEM/AGG)       N    SPY    QQQ    IEF    GLD    TLT   FCP-EW
  ------------------------------------------------------------------------------------------
         +/+  156  +1.23  +1.07  +0.32  +0.90  +0.07  +1.44
         -/+   62  +0.38  +0.75  +1.17  +0.78  +0.85  +0.44
         -/-   41  +0.13  +0.15  +0.29  +0.30  +0.10  -0.01
         +/-   39  +0.91  +0.42  +1.12  +0.72  +0.66  +1.04

  States ranked by FCP15_EW conditional Sharpe (best risk-on candidates first):
    state=+/+  N=156  FCP-EW Sh=+1.44  mean=+1.23%  std=2.95%  p10=-3.04%  hit=71%
    state=+/-  N= 39  FCP-EW Sh=+1.04  mean=+1.02%  std=3.39%  p10=-3.31%  hit=61%
    state=-/+  N= 62  FCP-EW Sh=+0.44  mean=+0.67%  std=5.29%  p10=-6.99%  hit=58%
    state=-/-  N= 41  FCP-EW Sh=-0.01  mean=-0.02%  std=5.37%  p10=-6.90%  hit=54%

--- LIVE 2008-2026 ---
  Focus asset: FCP15_EW
  State (EEM/AGG)       N    mean%   med%   std%  Sharpe  Sortino   p10%   hit%    W/L  skew
  ------------------------------------------------------------------------------------------------------------------------
         +/+  105   +1.15   +1.12   2.99   +1.33    +2.14   -3.05   71.4   1.07  -0.12
         -/+   46   +1.11   +1.49   5.18   +0.74    +1.20   -5.84   63.0   1.00  -0.25
         -/-   38   -0.00   +0.85   5.56   -0.00    -0.00   -7.17   55.3   0.81  -0.86
         +/-   24   +2.08   +2.25   3.30   +2.18    +7.80   -2.53   78.3   1.30  +0.43

  Conditional ANNUALIZED Sharpe per state:
  State (EEM/AGG)       N    SPY    QQQ    IEF    GLD    TLT   FCP-EW
  ------------------------------------------------------------------------------------------
         +/+  105  +1.27  +1.32  +0.23  +0.77  -0.01  +1.33
         -/+   46  +0.64  +1.27  +1.08  +0.96  +0.85  +0.74
         -/-   38  +0.13  +0.15  +0.23  +0.34  +0.02  -0.00
         +/-   24  +2.50  +2.29  +0.38  -0.13  +0.03  +2.18

  States ranked by FCP15_EW conditional Sharpe (best risk-on candidates first):
    state=+/-  N= 24  FCP-EW Sh=+2.18  mean=+2.08%  std=3.30%  p10=-2.53%  hit=78%
    state=+/+  N=105  FCP-EW Sh=+1.33  mean=+1.15%  std=2.99%  p10=-3.05%  hit=71%
    state=-/+  N= 46  FCP-EW Sh=+0.74  mean=+1.11%  std=5.18%  p10=-5.84%  hit=63%
    state=-/-  N= 38  FCP-EW Sh=-0.00  mean=-0.00%  std=5.56%  p10=-7.17%  hit=55%


####################################################################################################
# Canary set: ['SPY', 'EEM', 'EFA', 'AGG']  (2^4 = 16 states)
####################################################################################################

--- FULL 2001-2026 ---
  Focus asset: FCP15_EW
  State (SPY/EEM/EFA/AGG)    N    mean%   med%   std%  Sharpe  Sortino   p10%   hit%    W/L  skew
  ------------------------------------------------------------------------------------------------------------------------
          +/+/+/+  132   +1.20   +1.53   2.68   +1.55    +2.55   -2.96   72.7   1.11  -0.42
          +/+/+/-   35   +0.48   +0.88   2.93   +0.56    +1.03   -3.40   55.9   1.15  -0.30
          -/-/-/+   34   +0.83   +0.99   6.48   +0.45    +0.76   -7.48   55.9   1.07  -0.31
          -/-/-/-   16   -0.54   +0.66   6.98   -0.27    -0.35   -8.60   56.2   0.64  -0.87
          +/-/-/+   16   +0.30   +0.04   3.63   +0.28    +0.40   -5.29   50.0   1.23  -0.40
          +/-/+/+   12   +0.71   +1.45   2.82   +0.87    +1.96   -3.07   75.0   0.60  -0.65
          +/-/-/-   11   +0.50   +0.73   4.34   +0.40    +0.87   -4.43   54.5   1.08  -0.13
          +/-/+/-   10   -0.45   -0.18   3.57   -0.44    -0.72   -4.04   50.0   0.75  -0.66
          +/+/-/+    9   +1.68   +1.99   3.47   +1.68    +1.84   -1.88   77.8   0.86  -1.80
          -/+/+/+    8   +0.47   +0.52   3.16   +0.52    +0.62   -2.38   62.5   0.90  -0.85
          -/+/-/+    7   +1.97   -0.93   5.47   +1.25    +3.05   -3.21   42.9   3.32  +0.24
          -/-/+/-    4   +1.71   +1.08   3.46   +1.71    +5.09   -1.64   50.0   3.91  +0.83
          +/+/-/-    2   +8.22   +8.22   3.17   +8.98     +nan   +5.68  100.0    nan   +nan
          -/+/-/-    1   +1.67   +1.67   0.00    +nan     +nan   +1.67  100.0    nan   +nan
          -/+/+/-    1   +4.37   +4.37   0.00    +nan     +nan   +4.37  100.0    nan   +nan

  Conditional ANNUALIZED Sharpe per state:
  State (SPY/EEM/EFA/AGG)    N    SPY    QQQ    IEF    GLD    TLT   FCP-EW
  ------------------------------------------------------------------------------------------
          +/+/+/+  132  +1.38  +1.24  +0.18  +0.84  -0.01  +1.55
          +/+/+/-   35  +0.39  -0.02  +1.47  +1.12  +0.92  +0.56
          -/-/-/+   34  +0.32  +0.72  +1.43  +0.89  +0.89  +0.45
          -/-/-/-   16  +0.10  +0.08  +0.40  -0.23  +0.17  -0.27
          +/-/-/+   16  +0.37  +0.60  +1.67  +0.63  +1.32  +0.28
          +/-/+/+   12  +0.99  +1.53  -0.18  +0.68  -0.03  +0.87
          +/-/-/-   11  +0.17  -0.37  -0.19  +1.06  -0.37  +0.40
          +/-/+/-   10  -0.60  +0.09  -1.51  +0.02  -1.66  -0.44
          +/+/-/+    9  +0.99  +1.22  +1.17  +3.55  +2.55  +1.68
          -/+/+/+    8  +0.16  +0.27  +1.84  +1.08  -0.05  +0.52
          -/+/-/+    7  +1.09  +0.69  +0.74  +0.73  -0.67  +1.25
          -/-/+/-    4  +2.32  +2.15  +6.23  +1.84  +6.57  +1.71
          +/+/-/-    2  +11.87  +9.77  +6.90  -12.94  +39.11  +8.98
          -/+/-/-    1   +nan   +nan   +nan   +nan   +nan   +nan
          -/+/+/-    1   +nan   +nan   +nan   +nan   +nan   +nan

  States ranked by FCP15_EW conditional Sharpe (best risk-on candidates first):
    state=+/+/-/-  N=  2  FCP-EW Sh=+8.98  mean=+8.22%  std=3.17%  p10=+5.68%  hit=100%
    state=-/-/+/-  N=  4  FCP-EW Sh=+1.71  mean=+1.71%  std=3.46%  p10=-1.64%  hit=50%
    state=+/+/-/+  N=  9  FCP-EW Sh=+1.68  mean=+1.68%  std=3.47%  p10=-1.88%  hit=78%
    state=+/+/+/+  N=132  FCP-EW Sh=+1.55  mean=+1.20%  std=2.68%  p10=-2.96%  hit=73%
    state=-/+/-/+  N=  7  FCP-EW Sh=+1.25  mean=+1.97%  std=5.47%  p10=-3.21%  hit=43%
    state=+/-/+/+  N= 12  FCP-EW Sh=+0.87  mean=+0.71%  std=2.82%  p10=-3.07%  hit=75%
    state=+/+/+/-  N= 35  FCP-EW Sh=+0.56  mean=+0.48%  std=2.93%  p10=-3.40%  hit=56%
    state=-/+/+/+  N=  8  FCP-EW Sh=+0.52  mean=+0.47%  std=3.16%  p10=-2.38%  hit=62%
    state=-/-/-/+  N= 34  FCP-EW Sh=+0.45  mean=+0.83%  std=6.48%  p10=-7.48%  hit=56%
    state=+/-/-/-  N= 11  FCP-EW Sh=+0.40  mean=+0.50%  std=4.34%  p10=-4.43%  hit=55%
    state=+/-/-/+  N= 16  FCP-EW Sh=+0.28  mean=+0.30%  std=3.63%  p10=-5.29%  hit=50%
    state=-/-/-/-  N= 16  FCP-EW Sh=-0.27  mean=-0.54%  std=6.98%  p10=-8.60%  hit=56%
    state=+/-/+/-  N= 10  FCP-EW Sh=-0.44  mean=-0.45%  std=3.57%  p10=-4.04%  hit=50%
    state=-/+/-/-  N=  1  FCP-EW Sh=+nan  mean=+1.67%  std=0.00%  p10=+1.67%  hit=100%
    state=-/+/+/-  N=  1  FCP-EW Sh=+nan  mean=+4.37%  std=0.00%  p10=+4.37%  hit=100%

--- LIVE 2008-2026 ---
  Focus asset: FCP15_EW
  State (SPY/EEM/EFA/AGG)    N    mean%   med%   std%  Sharpe  Sortino   p10%   hit%    W/L  skew
  ------------------------------------------------------------------------------------------------------------------------
          +/+/+/+   95   +0.96   +1.04   2.70   +1.23    +1.96   -3.05   70.5   1.01  -0.34
          +/+/+/-   21   +1.48   +1.99   2.72   +1.88    +5.57   -2.83   75.0   1.09  -0.63
          -/-/-/+   18   +2.11   +4.55   7.07   +1.03    +2.48   -7.17   66.7   0.96  -0.55
          -/-/-/-   16   -0.54   +0.66   6.98   -0.27    -0.35   -8.60   56.2   0.64  -0.87
          +/-/-/+   16   +0.30   +0.04   3.63   +0.28    +0.40   -5.29   50.0   1.23  -0.40
          +/-/+/+   12   +0.71   +1.45   2.82   +0.87    +1.96   -3.07   75.0   0.60  -0.65
          +/-/-/-   11   +0.50   +0.73   4.34   +0.40    +0.87   -4.43   54.5   1.08  -0.13
          +/-/+/-    9   -0.68   -1.99   3.69   -0.64    -1.09   -4.45   44.4   0.83  -0.48
          +/+/-/+    5   +1.29   +3.38   4.19   +1.07     +nan   -3.40   80.0   0.48  -2.03
          -/+/+/+    3   +1.59   +0.77   2.31   +2.38     +nan   -0.44   66.7   3.72  +1.20
          -/-/+/-    2   +4.60   +4.60   2.44   +6.54     +nan   +2.65  100.0    nan   +nan
          -/+/-/+    2   +9.39   +9.39   0.46  +71.18     +nan   +9.02  100.0    nan   +nan
          +/+/-/-    2   +8.22   +8.22   3.17   +8.98     +nan   +5.68  100.0    nan   +nan
          -/+/-/-    1   +1.67   +1.67   0.00    +nan     +nan   +1.67  100.0    nan   +nan

  Conditional ANNUALIZED Sharpe per state:
  State (SPY/EEM/EFA/AGG)    N    SPY    QQQ    IEF    GLD    TLT   FCP-EW
  ------------------------------------------------------------------------------------------
          +/+/+/+   95  +1.18  +1.15  +0.20  +0.70  -0.01  +1.23
          +/+/+/-   21  +2.12  +2.05  +0.78  +0.47  +0.28  +1.88
          -/-/-/+   18  +0.76  +1.65  +1.40  +1.41  +0.92  +1.03
          -/-/-/-   16  +0.10  +0.08  +0.40  -0.23  +0.17  -0.27
          +/-/-/+   16  +0.37  +0.60  +1.67  +0.63  +1.32  +0.28
          +/-/+/+   12  +0.99  +1.53  -0.18  +0.68  -0.03  +0.87
          +/-/-/-   11  +0.17  -0.37  -0.19  +1.06  -0.37  +0.40
          +/-/+/-    9  -0.83  -0.28  -1.44  -0.11  -1.72  -0.64
          +/+/-/+    5  +0.66  +1.54  +4.71  +3.58  +4.94  +1.07
          -/+/+/+    3  +2.21  +3.28  -1.55  +1.81  -10.10  +2.38
          -/-/+/-    2  +13.42  +60.64  +180.76  +21.96  +15.42  +6.54
          -/+/-/+    2  +66.83  +809.73  -3.47  +0.62  -7.40  +71.18
          +/+/-/-    2  +11.87  +9.77  +6.90  -12.94  +39.11  +8.98
          -/+/-/-    1   +nan   +nan   +nan   +nan   +nan   +nan

  States ranked by FCP15_EW conditional Sharpe (best risk-on candidates first):
    state=-/+/-/+  N=  2  FCP-EW Sh=+71.18  mean=+9.39%  std=0.46%  p10=+9.02%  hit=100%
    state=+/+/-/-  N=  2  FCP-EW Sh=+8.98  mean=+8.22%  std=3.17%  p10=+5.68%  hit=100%
    state=-/-/+/-  N=  2  FCP-EW Sh=+6.54  mean=+4.60%  std=2.44%  p10=+2.65%  hit=100%
    state=-/+/+/+  N=  3  FCP-EW Sh=+2.38  mean=+1.59%  std=2.31%  p10=-0.44%  hit=67%
    state=+/+/+/-  N= 21  FCP-EW Sh=+1.88  mean=+1.48%  std=2.72%  p10=-2.83%  hit=75%
    state=+/+/+/+  N= 95  FCP-EW Sh=+1.23  mean=+0.96%  std=2.70%  p10=-3.05%  hit=71%
    state=+/+/-/+  N=  5  FCP-EW Sh=+1.07  mean=+1.29%  std=4.19%  p10=-3.40%  hit=80%
    state=-/-/-/+  N= 18  FCP-EW Sh=+1.03  mean=+2.11%  std=7.07%  p10=-7.17%  hit=67%
    state=+/-/+/+  N= 12  FCP-EW Sh=+0.87  mean=+0.71%  std=2.82%  p10=-3.07%  hit=75%
    state=+/-/-/-  N= 11  FCP-EW Sh=+0.40  mean=+0.50%  std=4.34%  p10=-4.43%  hit=55%
    state=+/-/-/+  N= 16  FCP-EW Sh=+0.28  mean=+0.30%  std=3.63%  p10=-5.29%  hit=50%
    state=-/-/-/-  N= 16  FCP-EW Sh=-0.27  mean=-0.54%  std=6.98%  p10=-8.60%  hit=56%
    state=+/-/+/-  N=  9  FCP-EW Sh=-0.64  mean=-0.68%  std=3.69%  p10=-4.45%  hit=44%
    state=-/+/-/-  N=  1  FCP-EW Sh=+nan  mean=+1.67%  std=0.00%  p10=+1.67%  hit=100%


####################################################################################################
# Canary set: ['HYG']  (2^1 = 2 states)
####################################################################################################

--- FULL 2001-2026 ---
  Focus asset: FCP15_EW
  State (HYG)           N    mean%   med%   std%  Sharpe  Sortino   p10%   hit%    W/L  skew
  ------------------------------------------------------------------------------------------------------------------------
           +  229   +1.02   +1.48   3.21   +1.09    +1.67   -3.51   67.5   1.05  -0.36
           -   69   +0.57   +0.97   5.90   +0.34    +0.48   -7.44   55.1   1.04  -0.54

  Conditional ANNUALIZED Sharpe per state:
  State (HYG)           N    SPY    QQQ    IEF    GLD    TLT   FCP-EW
  ------------------------------------------------------------------------------------------
           +  229  +0.98  +0.82  +0.35  +0.90  +0.07  +1.09
           -   69  +0.30  +0.60  +1.23  +0.34  +1.03  +0.34

  States ranked by FCP15_EW conditional Sharpe (best risk-on candidates first):
    state=+  N=229  FCP-EW Sh=+1.09  mean=+1.02%  std=3.21%  p10=-3.51%  hit=68%
    state=-  N= 69  FCP-EW Sh=+0.34  mean=+0.57%  std=5.90%  p10=-7.44%  hit=55%

--- LIVE 2008-2026 ---
  Focus asset: FCP15_EW
  State (HYG)           N    mean%   med%   std%  Sharpe  Sortino   p10%   hit%    W/L  skew
  ------------------------------------------------------------------------------------------------------------------------
           +  164   +1.13   +1.42   3.18   +1.23    +2.08   -3.43   70.6   1.00  -0.20
           -   49   +0.72   +1.12   6.40   +0.39    +0.58   -7.12   57.1   0.99  -0.54

  Conditional ANNUALIZED Sharpe per state:
  State (HYG)           N    SPY    QQQ    IEF    GLD    TLT   FCP-EW
  ------------------------------------------------------------------------------------------
           +  164  +1.24  +1.39  +0.19  +0.68  -0.04  +1.23
           -   49  +0.39  +0.53  +1.05  +0.48  +0.91  +0.39

  States ranked by FCP15_EW conditional Sharpe (best risk-on candidates first):
    state=+  N=164  FCP-EW Sh=+1.23  mean=+1.13%  std=3.18%  p10=-3.43%  hit=71%
    state=-  N= 49  FCP-EW Sh=+0.39  mean=+0.72%  std=6.40%  p10=-7.12%  hit=57%


####################################################################################################
# Canary set: ['HYG', 'TIP']  (2^2 = 4 states)
####################################################################################################

--- FULL 2001-2026 ---
  Focus asset: FCP15_EW
  State (HYG/TIP)       N    mean%   med%   std%  Sharpe  Sortino   p10%   hit%    W/L  skew
  ------------------------------------------------------------------------------------------------------------------------
         +/+  185   +1.12   +1.49   3.26   +1.18    +1.81   -3.53   69.6   1.02  -0.37
         +/-   44   +0.60   +1.08   2.98   +0.69    +1.06   -3.40   59.1   1.13  -0.45
         -/-   35   +0.64   +0.97   6.29   +0.35    +0.51   -6.91   54.3   1.08  -0.62
         -/+   34   +0.50   +0.99   5.48   +0.32    +0.45   -7.45   55.9   0.99  -0.45

  Conditional ANNUALIZED Sharpe per state:
  State (HYG/TIP)       N    SPY    QQQ    IEF    GLD    TLT   FCP-EW
  ------------------------------------------------------------------------------------------
         +/+  185  +1.07  +0.97  +0.36  +0.96  +0.10  +1.18
         +/-   44  +0.56  +0.20  +0.31  +0.61  -0.10  +0.69
         -/-   35  +0.34  +0.48  +1.14  +0.56  +1.00  +0.35
         -/+   34  +0.25  +0.74  +1.40  +0.06  +1.11  +0.32

  States ranked by FCP15_EW conditional Sharpe (best risk-on candidates first):
    state=+/+  N=185  FCP-EW Sh=+1.18  mean=+1.12%  std=3.26%  p10=-3.53%  hit=70%
    state=+/-  N= 44  FCP-EW Sh=+0.69  mean=+0.60%  std=2.98%  p10=-3.40%  hit=59%
    state=-/-  N= 35  FCP-EW Sh=+0.35  mean=+0.64%  std=6.29%  p10=-6.91%  hit=54%
    state=-/+  N= 34  FCP-EW Sh=+0.32  mean=+0.50%  std=5.48%  p10=-7.45%  hit=56%

--- LIVE 2008-2026 ---
  Focus asset: FCP15_EW
  State (HYG/TIP)       N    mean%   med%   std%  Sharpe  Sortino   p10%   hit%    W/L  skew
  ------------------------------------------------------------------------------------------------------------------------
         +/+  134   +1.19   +1.42   3.17   +1.30    +2.24   -3.30   71.4   1.02  -0.11
         -/-   33   +0.38   +0.36   6.38   +0.21    +0.31   -6.92   51.5   1.09  -0.52
         +/-   30   +0.88   +1.47   3.24   +0.94    +1.49   -3.49   66.7   0.95  -0.59
         -/+   16   +1.41   +2.27   6.39   +0.77    +1.21   -7.26   68.8   0.77  -0.67

  Conditional ANNUALIZED Sharpe per state:
  State (HYG/TIP)       N    SPY    QQQ    IEF    GLD    TLT   FCP-EW
  ------------------------------------------------------------------------------------------
         +/+  134  +1.28  +1.42  +0.24  +0.81  +0.04  +1.30
         -/-   33  +0.20  +0.27  +1.26  +0.49  +1.03  +0.21
         +/-   30  +1.08  +1.26  -0.10  +0.02  -0.48  +0.94
         -/+   16  +0.79  +1.32  +0.54  +0.46  +0.63  +0.77

  States ranked by FCP15_EW conditional Sharpe (best risk-on candidates first):
    state=+/+  N=134  FCP-EW Sh=+1.30  mean=+1.19%  std=3.17%  p10=-3.30%  hit=71%
    state=+/-  N= 30  FCP-EW Sh=+0.94  mean=+0.88%  std=3.24%  p10=-3.49%  hit=67%
    state=-/+  N= 16  FCP-EW Sh=+0.77  mean=+1.41%  std=6.39%  p10=-7.26%  hit=69%
    state=-/-  N= 33  FCP-EW Sh=+0.21  mean=+0.38%  std=6.38%  p10=-6.92%  hit=52%


####################################################################################################
# Canary set: ['HYG', 'SPY']  (2^2 = 4 states)
####################################################################################################

--- FULL 2001-2026 ---
  Focus asset: FCP15_EW
  State (HYG/SPY)       N    mean%   med%   std%  Sharpe  Sortino   p10%   hit%    W/L  skew
  ------------------------------------------------------------------------------------------------------------------------
         +/+  207   +1.09   +1.52   2.99   +1.26    +2.05   -3.29   69.9   1.04  -0.34
         -/-   49   +0.87   +1.25   6.53   +0.46    +0.66   -7.69   61.2   0.88  -0.64
         +/-   22   +0.35   -0.05   4.78   +0.26    +0.39   -6.12   45.5   1.45  -0.13
         -/+   20   -0.15   -0.62   3.85   -0.13    -0.22   -5.42   40.0   1.37  -0.14

  Conditional ANNUALIZED Sharpe per state:
  State (HYG/SPY)       N    SPY    QQQ    IEF    GLD    TLT   FCP-EW
  ------------------------------------------------------------------------------------------
         +/+  207  +1.12  +1.04  +0.34  +0.89  +0.16  +1.26
         -/-   49  +0.44  +0.88  +1.31  +0.38  +0.99  +0.46
         +/-   22  +0.34  +0.04  +0.44  +1.03  -0.53  +0.26
         -/+   20  -0.21  -0.32  +1.03  +0.22  +1.18  -0.13

  States ranked by FCP15_EW conditional Sharpe (best risk-on candidates first):
    state=+/+  N=207  FCP-EW Sh=+1.26  mean=+1.09%  std=2.99%  p10=-3.29%  hit=70%
    state=-/-  N= 49  FCP-EW Sh=+0.46  mean=+0.87%  std=6.53%  p10=-7.69%  hit=61%
    state=+/-  N= 22  FCP-EW Sh=+0.26  mean=+0.35%  std=4.78%  p10=-6.12%  hit=45%
    state=-/+  N= 20  FCP-EW Sh=-0.13  mean=-0.15%  std=3.85%  p10=-5.42%  hit=40%

--- LIVE 2008-2026 ---
  Focus asset: FCP15_EW
  State (HYG/SPY)       N    mean%   med%   std%  Sharpe  Sortino   p10%   hit%    W/L  skew
  ------------------------------------------------------------------------------------------------------------------------
         +/+  155   +1.06   +1.36   3.06   +1.20    +1.98   -3.30   70.8   0.97  -0.28
         -/-   33   +1.31   +1.63   7.22   +0.63    +0.97   -8.30   66.7   0.77  -0.74
         -/+   16   -0.49   -0.62   3.99   -0.43    -0.69   -6.08   37.5   1.24  -0.07
         +/-    9   +2.30   +4.06   4.70   +1.70    +3.96   -4.44   66.7   1.49  -0.35

  Conditional ANNUALIZED Sharpe per state:
  State (HYG/SPY)       N    SPY    QQQ    IEF    GLD    TLT   FCP-EW
  ------------------------------------------------------------------------------------------
         +/+  155  +1.23  +1.31  +0.28  +0.69  +0.10  +1.20
         -/-   33  +0.68  +1.03  +1.08  +0.67  +0.86  +0.63
         -/+   16  -0.50  -0.89  +0.98  +0.06  +1.06  -0.43
         +/-    9  +1.60  +2.67  -0.84  +0.62  -1.47  +1.70

  States ranked by FCP15_EW conditional Sharpe (best risk-on candidates first):
    state=+/-  N=  9  FCP-EW Sh=+1.70  mean=+2.30%  std=4.70%  p10=-4.44%  hit=67%
    state=+/+  N=155  FCP-EW Sh=+1.20  mean=+1.06%  std=3.06%  p10=-3.30%  hit=71%
    state=-/-  N= 33  FCP-EW Sh=+0.63  mean=+1.31%  std=7.22%  p10=-8.30%  hit=67%
    state=-/+  N= 16  FCP-EW Sh=-0.43  mean=-0.49%  std=3.99%  p10=-6.08%  hit=38%


####################################################################################################
# Canary set: ['HYG', 'AGG']  (2^2 = 4 states)
####################################################################################################

--- FULL 2001-2026 ---
  Focus asset: FCP15_EW
  State (HYG/AGG)       N    mean%   med%   std%  Sharpe  Sortino   p10%   hit%    W/L  skew
  ------------------------------------------------------------------------------------------------------------------------
         +/+  179   +1.05   +1.47   3.11   +1.17    +1.69   -3.31   69.3   1.03  -0.51
         +/-   50   +0.89   +1.48   3.56   +0.87    +1.59   -3.63   61.2   1.16  +0.03
         -/+   39   +1.16   +1.25   5.93   +0.68    +1.05   -7.44   59.0   1.12  -0.37
         -/-   30   -0.19   -0.08   5.78   -0.11    -0.15   -7.06   50.0   0.92  -0.86

  Conditional ANNUALIZED Sharpe per state:
  State (HYG/AGG)       N    SPY    QQQ    IEF    GLD    TLT   FCP-EW
  ------------------------------------------------------------------------------------------
         +/+  179  +1.05  +0.93  +0.32  +0.96  +0.04  +1.17
         +/-   50  +0.77  +0.43  +0.46  +0.69  +0.20  +0.87
         -/+   39  +0.48  +1.00  +1.74  +0.44  +1.58  +0.68
         -/-   30  +0.06  +0.07  +0.80  +0.22  +0.45  -0.11

  States ranked by FCP15_EW conditional Sharpe (best risk-on candidates first):
    state=+/+  N=179  FCP-EW Sh=+1.17  mean=+1.05%  std=3.11%  p10=-3.31%  hit=69%
    state=+/-  N= 50  FCP-EW Sh=+0.87  mean=+0.89%  std=3.56%  p10=-3.63%  hit=61%
    state=-/+  N= 39  FCP-EW Sh=+0.68  mean=+1.16%  std=5.93%  p10=-7.44%  hit=59%
    state=-/-  N= 30  FCP-EW Sh=-0.11  mean=-0.19%  std=5.78%  p10=-7.06%  hit=50%

--- LIVE 2008-2026 ---
  Focus asset: FCP15_EW
  State (HYG/AGG)       N    mean%   med%   std%  Sharpe  Sortino   p10%   hit%    W/L  skew
  ------------------------------------------------------------------------------------------------------------------------
         +/+  127   +1.02   +1.13   3.04   +1.16    +1.86   -3.29   70.1   0.99  -0.28
         +/-   37   +1.52   +2.14   3.62   +1.46    +3.04   -3.54   72.2   1.04  -0.14
         -/-   25   -0.29   +0.36   6.22   -0.16    -0.22   -7.86   52.0   0.82  -0.80
         -/+   24   +1.76   +2.39   6.42   +0.95    +1.56   -7.00   62.5   1.16  -0.41

  Conditional ANNUALIZED Sharpe per state:
  State (HYG/AGG)       N    SPY    QQQ    IEF    GLD    TLT   FCP-EW
  ------------------------------------------------------------------------------------------
         +/+  127  +1.13  +1.38  +0.24  +0.77  -0.00  +1.16
         +/-   37  +1.59  +1.41  +0.00  +0.37  -0.18  +1.46
         -/-   25  +0.03  +0.07  +0.52  -0.03  +0.22  -0.16
         -/+   24  +0.75  +1.13  +1.95  +1.11  +1.75  +0.95

  States ranked by FCP15_EW conditional Sharpe (best risk-on candidates first):
    state=+/-  N= 37  FCP-EW Sh=+1.46  mean=+1.52%  std=3.62%  p10=-3.54%  hit=72%
    state=+/+  N=127  FCP-EW Sh=+1.16  mean=+1.02%  std=3.04%  p10=-3.29%  hit=70%
    state=-/+  N= 24  FCP-EW Sh=+0.95  mean=+1.76%  std=6.42%  p10=-7.00%  hit=62%
    state=-/-  N= 25  FCP-EW Sh=-0.16  mean=-0.29%  std=6.22%  p10=-7.86%  hit=52%


####################################################################################################
# Canary set: ['HYG', 'EEM']  (2^2 = 4 states)
####################################################################################################

--- FULL 2001-2026 ---
  Focus asset: FCP15_EW
  State (HYG/EEM)       N    mean%   med%   std%  Sharpe  Sortino   p10%   hit%    W/L  skew
  ------------------------------------------------------------------------------------------------------------------------
         +/+  182   +1.14   +1.48   2.97   +1.33    +2.23   -3.24   69.1   1.16  -0.13
         -/-   56   +0.27   +0.61   6.25   +0.15    +0.22   -7.47   51.8   1.04  -0.45
         +/-   47   +0.54   +1.42   3.98   +0.47    +0.70   -4.88   61.7   0.87  -0.58
         -/+   13   +1.87   +2.08   3.85   +1.68    +2.60   -1.78   69.2   1.45  -0.51

  Conditional ANNUALIZED Sharpe per state:
  State (HYG/EEM)       N    SPY    QQQ    IEF    GLD    TLT   FCP-EW
  ------------------------------------------------------------------------------------------
         +/+  182  +1.14  +0.84  +0.44  +0.89  +0.13  +1.33
         -/-   56  +0.14  +0.35  +1.29  +0.34  +1.07  +0.15
         +/-   47  +0.54  +0.80  +0.07  +0.94  -0.08  +0.47
         -/+   13  +1.36  +2.15  +0.99  +0.39  +0.87  +1.68

  States ranked by FCP15_EW conditional Sharpe (best risk-on candidates first):
    state=-/+  N= 13  FCP-EW Sh=+1.68  mean=+1.87%  std=3.85%  p10=-1.78%  hit=69%
    state=+/+  N=182  FCP-EW Sh=+1.33  mean=+1.14%  std=2.97%  p10=-3.24%  hit=69%
    state=+/-  N= 47  FCP-EW Sh=+0.47  mean=+0.54%  std=3.98%  p10=-4.88%  hit=62%
    state=-/-  N= 56  FCP-EW Sh=+0.15  mean=+0.27%  std=6.25%  p10=-7.47%  hit=52%

--- LIVE 2008-2026 ---
  Focus asset: FCP15_EW
  State (HYG/EEM)       N    mean%   med%   std%  Sharpe  Sortino   p10%   hit%    W/L  skew
  ------------------------------------------------------------------------------------------------------------------------
         +/+  125   +1.31   +1.36   2.94   +1.54    +2.82   -2.92   72.6   1.16  +0.08
         -/-   45   +0.64   +1.12   6.45   +0.34    +0.50   -7.31   55.6   1.02  -0.55
         +/-   39   +0.58   +1.49   3.80   +0.52    +0.96   -4.66   64.1   0.80  -0.45
         -/+    4   +1.62   +2.23   5.73   +0.98     +nan   -4.62   75.0   0.64  -0.51

  Conditional ANNUALIZED Sharpe per state:
  State (HYG/EEM)       N    SPY    QQQ    IEF    GLD    TLT   FCP-EW
  ------------------------------------------------------------------------------------------
         +/+  125  +1.56  +1.51  +0.26  +0.60  -0.02  +1.54
         -/-   45  +0.36  +0.48  +1.12  +0.49  +0.97  +0.34
         +/-   39  +0.50  +1.07  +0.01  +0.93  -0.09  +0.52
         -/+    4  +0.71  +1.09  +0.25  +0.30  +0.26  +0.98

  States ranked by FCP15_EW conditional Sharpe (best risk-on candidates first):
    state=+/+  N=125  FCP-EW Sh=+1.54  mean=+1.31%  std=2.94%  p10=-2.92%  hit=73%
    state=-/+  N=  4  FCP-EW Sh=+0.98  mean=+1.62%  std=5.73%  p10=-4.62%  hit=75%
    state=+/-  N= 39  FCP-EW Sh=+0.52  mean=+0.58%  std=3.80%  p10=-4.66%  hit=64%
    state=-/-  N= 45  FCP-EW Sh=+0.34  mean=+0.64%  std=6.45%  p10=-7.31%  hit=56%


####################################################################################################
# Canary set: ['HYG', 'GLD']  (2^2 = 4 states)
####################################################################################################

--- FULL 2001-2026 ---
  Focus asset: FCP15_EW
  State (HYG/GLD)       N    mean%   med%   std%  Sharpe  Sortino   p10%   hit%    W/L  skew
  ------------------------------------------------------------------------------------------------------------------------
         +/+  163   +0.81   +1.08   3.29   +0.86    +1.37   -3.68   63.0   1.09  -0.20
         +/-   66   +1.51   +1.76   2.97   +1.76    +2.32   -2.96   78.8   0.92  -0.82
         -/+   39   +0.90   +1.40   6.22   +0.50    +0.63   -7.44   61.5   0.90  -0.90
         -/-   30   +0.15   -0.40   5.43   +0.10    +0.17   -7.08   46.7   1.22  +0.07

  Conditional ANNUALIZED Sharpe per state:
  State (HYG/GLD)       N    SPY    QQQ    IEF    GLD    TLT   FCP-EW
  ------------------------------------------------------------------------------------------
         +/+  163  +0.68  +0.57  +0.61  +0.99  +0.20  +0.86
         +/-   66  +1.79  +1.58  -0.28  +0.67  -0.21  +1.76
         -/+   39  +0.37  +0.99  +1.50  -0.33  +1.30  +0.50
         -/-   30  +0.21  +0.09  +0.94  +1.34  +0.72  +0.10

  States ranked by FCP15_EW conditional Sharpe (best risk-on candidates first):
    state=+/-  N= 66  FCP-EW Sh=+1.76  mean=+1.51%  std=2.97%  p10=-2.96%  hit=79%
    state=+/+  N=163  FCP-EW Sh=+0.86  mean=+0.81%  std=3.29%  p10=-3.68%  hit=63%
    state=-/+  N= 39  FCP-EW Sh=+0.50  mean=+0.90%  std=6.22%  p10=-7.44%  hit=62%
    state=-/-  N= 30  FCP-EW Sh=+0.10  mean=+0.15%  std=5.43%  p10=-7.08%  hit=47%

--- LIVE 2008-2026 ---
  Focus asset: FCP15_EW
  State (HYG/GLD)       N    mean%   med%   std%  Sharpe  Sortino   p10%   hit%    W/L  skew
  ------------------------------------------------------------------------------------------------------------------------
         +/+  110   +1.02   +1.12   3.25   +1.08    +2.05   -3.63   66.1   1.12  +0.08
         +/-   54   +1.37   +1.70   3.03   +1.56    +2.12   -3.04   79.6   0.76  -0.88
         -/-   26   +0.68   +0.03   5.43   +0.44    +0.82   -6.51   50.0   1.35  +0.02
         -/+   23   +0.76   +1.40   7.34   +0.36    +0.51   -7.40   65.2   0.69  -0.81

  Conditional ANNUALIZED Sharpe per state:
  State (HYG/GLD)       N    SPY    QQQ    IEF    GLD    TLT   FCP-EW
  ------------------------------------------------------------------------------------------
         +/+  110  +1.01  +1.28  +0.29  +0.74  -0.05  +1.08
         +/-   54  +1.76  +1.64  -0.03  +0.56  -0.03  +1.56
         -/-   26  +0.53  +0.48  +0.67  +1.17  +0.42  +0.44
         -/+   23  +0.26  +0.60  +1.53  -0.15  +1.46  +0.36

  States ranked by FCP15_EW conditional Sharpe (best risk-on candidates first):
    state=+/-  N= 54  FCP-EW Sh=+1.56  mean=+1.37%  std=3.03%  p10=-3.04%  hit=80%
    state=+/+  N=110  FCP-EW Sh=+1.08  mean=+1.02%  std=3.25%  p10=-3.63%  hit=66%
    state=-/-  N= 26  FCP-EW Sh=+0.44  mean=+0.68%  std=5.43%  p10=-6.51%  hit=50%
    state=-/+  N= 23  FCP-EW Sh=+0.36  mean=+0.76%  std=7.34%  p10=-7.40%  hit=65%


####################################################################################################
# Canary set: ['HYG', 'TLT']  (2^2 = 4 states)
####################################################################################################

--- FULL 2001-2026 ---
  Focus asset: FCP15_EW
  State (HYG/TLT)       N    mean%   med%   std%  Sharpe  Sortino   p10%   hit%    W/L  skew
  ------------------------------------------------------------------------------------------------------------------------
         +/+  134   +0.82   +1.15   3.32   +0.86    +1.29   -4.01   67.9   0.88  -0.46
         +/-   95   +1.29   +1.59   3.04   +1.46    +2.45   -3.05   67.0   1.39  -0.15
         -/+   39   +1.00   +1.25   6.44   +0.54    +0.69   -7.46   59.0   1.03  -0.81
         -/-   30   +0.02   -0.08   5.07   +0.02    +0.03   -6.94   50.0   1.01  -0.05

  Conditional ANNUALIZED Sharpe per state:
  State (HYG/TLT)       N    SPY    QQQ    IEF    GLD    TLT   FCP-EW
  ------------------------------------------------------------------------------------------
         +/+  134  +0.84  +0.78  +0.18  +0.86  -0.14  +0.86
         +/-   95  +1.18  +0.92  +0.64  +0.96  +0.44  +1.46
         -/+   39  +0.48  +0.90  +1.73  +0.06  +1.54  +0.54
         -/-   30  +0.04  +0.17  +0.81  +0.76  +0.50  +0.02

  States ranked by FCP15_EW conditional Sharpe (best risk-on candidates first):
    state=+/-  N= 95  FCP-EW Sh=+1.46  mean=+1.29%  std=3.04%  p10=-3.05%  hit=67%
    state=+/+  N=134  FCP-EW Sh=+0.86  mean=+0.82%  std=3.32%  p10=-4.01%  hit=68%
    state=-/+  N= 39  FCP-EW Sh=+0.54  mean=+1.00%  std=6.44%  p10=-7.46%  hit=59%
    state=-/-  N= 30  FCP-EW Sh=+0.02  mean=+0.02%  std=5.07%  p10=-6.94%  hit=50%

--- LIVE 2008-2026 ---
  Focus asset: FCP15_EW
  State (HYG/TLT)       N    mean%   med%   std%  Sharpe  Sortino   p10%   hit%    W/L  skew
  ------------------------------------------------------------------------------------------------------------------------
         +/+   91   +0.71   +1.02   3.20   +0.77    +1.30   -4.17   68.1   0.81  -0.21
         +/-   73   +1.66   +1.84   3.08   +1.87    +3.24   -2.69   73.6   1.34  -0.18
         -/-   26   -0.12   -0.08   5.34   -0.08    -0.15   -6.98   50.0   0.95  +0.01
         -/+   23   +1.67   +2.92   7.30   +0.79    +0.96   -7.04   65.2   0.95  -1.01

  Conditional ANNUALIZED Sharpe per state:
  State (HYG/TLT)       N    SPY    QQQ    IEF    GLD    TLT   FCP-EW
  ------------------------------------------------------------------------------------------
         +/+   91  +0.90  +1.26  -0.02  +0.57  -0.23  +0.77
         +/-   73  +1.70  +1.58  +0.46  +0.81  +0.24  +1.87
         -/-   26  -0.03  +0.10  +0.64  +0.55  +0.36  -0.08
         -/+   23  +0.81  +1.06  +1.79  +0.42  +1.61  +0.79

  States ranked by FCP15_EW conditional Sharpe (best risk-on candidates first):
    state=+/-  N= 73  FCP-EW Sh=+1.87  mean=+1.66%  std=3.08%  p10=-2.69%  hit=74%
    state=-/+  N= 23  FCP-EW Sh=+0.79  mean=+1.67%  std=7.30%  p10=-7.04%  hit=65%
    state=+/+  N= 91  FCP-EW Sh=+0.77  mean=+0.71%  std=3.20%  p10=-4.17%  hit=68%
    state=-/-  N= 26  FCP-EW Sh=-0.08  mean=-0.12%  std=5.34%  p10=-6.98%  hit=50%

====================================================================================================
DONE
====================================================================================================