==============================================================================================================
CONDITIONAL CANARY ANALYSIS: under HYG+ AND TIP+ (134 months in live 18y)
Question: which additional canary state identifies the most bullish sub-state?
==============================================================================================================

Base state HYG+TIP+ in live 18y: 134 months
  Base FCP-EW conditional: Sh=+1.30  mean=+1.19%  hit=71%  p10=-3.30%
  Base SPY conditional:    Sh=+1.28  mean=+1.27%  hit=72%  p10=-3.72%

==============================================================================================================
ADDING ONE EXTRA CANARY (8 candidates x 2 states = 16 sub-states; show all)
==============================================================================================================

  Extra     state  N    FCP_Sh  FCP_m%  FCP_hit  FCP_p10   SPY_Sh  SPY_m%  SPY_hit
  -----------------------------------------------------------------------------------------------
  AGG         -     16  +2.36  +2.40     81    -2.61    +2.50  +2.76     81
  TLT         -     46  +2.35  +1.98     76    -1.34    +1.92  +1.84     72
  GLD         -     34  +1.77  +1.55     82    -3.25    +1.93  +1.89     85
  SPY         -      9  +1.70  +2.30     67    -4.44    +1.60  +2.65     67
  VEA         -     23  +1.61  +2.12     74    -5.27    +1.45  +2.07     78
  EEM         +    104  +1.56  +1.34     73    -2.89    +1.53  +1.41     72
  VWO         +    109  +1.42  +1.25     72    -3.13    +1.44  +1.34     72
  EFA         +    110  +1.36  +1.06     72    -3.10    +1.31  +1.14     72
  EFA         -     23  +1.31  +1.80     70    -5.32    +1.32  +1.92     74
  SPY         +    124  +1.28  +1.11     72    -3.25    +1.27  +1.17     73
  VEA         +    110  +1.25  +1.00     71    -3.17    +1.27  +1.10     71
  GLD         +     99  +1.15  +1.07     68    -3.62    +1.07  +1.06     68
  AGG         +    117  +1.15  +1.02     70    -3.29    +1.11  +1.07     71
  VWO         -     24  +0.88  +0.93     71    -5.13    +0.76  +0.94     75
  TLT         +     87  +0.83  +0.77     69    -3.88    +0.97  +0.97     72
  EEM         -     29  +0.60  +0.65     66    -4.66    +0.63  +0.76     72

==============================================================================================================
ADDING TWO EXTRA CANARIES (best ranked by FCP-EW conditional Sharpe, hit>=70%, n>=15)
==============================================================================================================

  Extras                  state    N    FCP_Sh  FCP_m%  FCP_hit  FCP_p10   SPY_Sh  SPY_m%  SPY_hit
  ---------------------------------------------------------------------------------------------------------
  EEM+ TLT-                        42  +2.72  +2.17     79    -0.99    +2.29  +2.03     74
  TLT- AGG-                        14  +2.61  +2.71     86    -2.14    +2.57  +2.95     86
  VWO+ TLT-                        43  +2.46  +2.04     77    -1.05    +2.00  +1.86     72
  TLT- AGG+                        32  +2.31  +1.66     72    -1.06    +1.64  +1.36     66
  EFA+ TLT-                        43  +2.27  +1.70     74    -1.51    +1.69  +1.47     70
  SPY+ TLT-                        42  +2.25  +1.91     76    -1.56    +1.73  +1.63     71
  VEA+ TLT-                        42  +2.21  +1.67     74    -1.56    +1.68  +1.47     69
  SPY+ AGG-                        14  +2.12  +2.26     79    -3.01    +2.12  +2.39     79
  VWO+ AGG-                        14  +2.10  +2.23     79    -3.01    +2.12  +2.39     79
  EEM+ GLD-                        22  +2.09  +1.73     86    -2.92    +2.27  +2.16     86
  VWO+ GLD-                        22  +2.09  +1.73     86    -2.92    +2.27  +2.16     86
  GLD+ TLT-                        34  +2.03  +1.75     71    -1.45    +1.40  +1.31     65
  EFA+ GLD-                        24  +1.72  +1.45     83    -3.25    +1.72  +1.67     83
  VEA+ GLD-                        24  +1.72  +1.45     83    -3.25    +1.72  +1.67     83
  SPY+ GLD-                        32  +1.63  +1.43     81    -3.27    +1.73  +1.67     84
  SPY+ VEA-                        16  +1.62  +2.00     75    -3.89    +1.50  +1.83     81
  EEM+ VWO+                       104  +1.56  +1.34     73    -2.89    +1.53  +1.41     72
  EFA- VEA-                        22  +1.55  +2.08     73    -5.40    +1.45  +2.11     77
  GLD- AGG+                        30  +1.54  +1.40     80    -3.28    +1.58  +1.57     83
  SPY+ EEM+                       100  +1.49  +1.24     73    -3.00    +1.44  +1.29     72

==============================================================================================================
BENCHMARK: original X6 (HYG+TIP+EEM+SPY+) -- THIS IS THE PRODUCTION AGGRESSIVE TRIGGER
==============================================================================================================
  X6 (EEM+ AND SPY+ on top of HYG+TIP+):  N=100
    FCP-EW: Sh=+1.49  mean=+1.24%  hit=73%  p10=-3.00%
    SPY:    Sh=+1.44  mean=+1.29%  hit=72%  p10=-2.50%