====================================================================================================
HAA-SIMPLE STYLE BACKTEST: SPY-only risk asset with various canaries
Rule: canary risk-on AND SPY 13612W > 0 -> 100% SPY. Else 100% best safe.
Cost: 10bps/side per turnover
====================================================================================================
Panel: 1992-10-01 -> 2026-05-15
Backtest window: 1997-04-30 -> 2026-05-15 (29.0y)

  HAA-Simple (TIP)                  Sh=+0.798  CAGR= +8.82%  Vol=11.08%  DD=-33.72%  pct_risk=48.6%
  HYG only                          Sh=+0.754  CAGR= +9.80%  Vol=13.23%  DD=-33.72%  pct_risk=66.9%
  HYG+TIP both+                     Sh=+0.769  CAGR= +8.37%  Vol=10.95%  DD=-33.72%  pct_risk=46.6%
  HYG+TIP any+                      Sh=+0.811  CAGR= +9.64%  Vol=11.91%  DD=-33.72%  pct_risk=60.0%
  SPY+TIP both+ (FCP)               Sh=+0.798  CAGR= +8.82%  Vol=11.08%  DD=-33.72%  pct_risk=48.6%
  SPY+HYG both+                     Sh=+0.754  CAGR= +9.80%  Vol=13.23%  DD=-33.72%  pct_risk=66.9%
  NOCAN (SPY mom only)              Sh=+0.665  CAGR= +9.13%  Vol=14.31%  DD=-33.72%  pct_risk=75.7%

  --- Benchmarks ---
  SPY buy-hold                      Sh=+0.573  CAGR= +9.83%  Vol=19.15%  DD=-55.19%
  IEF buy-hold                      Sh=+0.688  CAGR= +4.43%  Vol= 6.48%  DD=-23.92%
  60/40 SPY/IEF                     Sh=+0.755  CAGR= +8.27%  Vol=11.08%  DD=-31.39%

====================================================================================================
Sub-window comparison: LIVE 18y (2008-09-30)
====================================================================================================

  HAA-Simple (TIP)                  Sh=+0.709  CAGR= +8.81%  DD=-33.72%  pct_risk=60.6%
  HYG only                          Sh=+0.725  CAGR= +9.51%  DD=-33.72%  pct_risk=70.9%
  HYG+TIP both+                     Sh=+0.659  CAGR= +8.03%  DD=-33.72%  pct_risk=58.2%
  HYG+TIP any+                      Sh=+0.772  CAGR=+10.31%  DD=-33.72%  pct_risk=73.2%
  SPY+TIP both+ (FCP)               Sh=+0.709  CAGR= +8.81%  DD=-33.72%  pct_risk=60.6%
  SPY+HYG both+                     Sh=+0.725  CAGR= +9.51%  DD=-33.72%  pct_risk=70.9%
  NOCAN (SPY mom only)              Sh=+0.653  CAGR= +9.06%  DD=-33.72%  pct_risk=80.3%
  SPY buy-hold                      Sh=+0.730  CAGR=+13.13%  DD=-40.84%
  60/40 SPY/IEF                     Sh=+0.858  CAGR= +9.52%  DD=-23.23%

====================================================================================================
Sub-window comparison: PRE-CRISIS 1997-2007 (10y, includes dot-com)
====================================================================================================

  HAA-Simple (TIP)                  Sh=+1.249  CAGR= +9.77%  DD= -9.92%  pct_risk=30.2%
  HYG only                          Sh=+0.869  CAGR=+11.33%  DD=-19.03%  pct_risk=62.8%
  HYG+TIP both+                     Sh=+1.284  CAGR= +9.87%  DD= -9.92%  pct_risk=28.7%
  HYG+TIP any+                      Sh=+1.086  CAGR= +9.55%  DD= -9.92%  pct_risk=40.3%
  SPY+TIP both+ (FCP)               Sh=+1.249  CAGR= +9.77%  DD= -9.92%  pct_risk=30.2%
  SPY+HYG both+                     Sh=+0.869  CAGR=+11.33%  DD=-19.03%  pct_risk=62.8%
  NOCAN (SPY mom only)              Sh=+0.741  CAGR=+10.22%  DD=-22.09%  pct_risk=71.3%
  SPY buy-hold                      Sh=+0.471  CAGR= +7.43%  DD=-47.52%

====================================================================================================