====================================================================================================
CANARY RULE VARIANTS BACKTEST
Universe: FCP-15.  Engine: TOP_K=7, HOLD_BUFFER=2.5, vol-target 10%, 10bps/side
Window: Live 2008-09-30 -> today
====================================================================================================
Panel: 2005-10-03 -> 2026-05-14

Running: CURRENT  (SPY+TIP both+)  canaries=['SPY', 'TIP']
  Sh=+0.698  CAGR=+5.96%  Vol=8.63%  DD=-14.25%  pct_RO=60.1%  pct_PS=0.0%  pct_DEF=39.9%
Running: A_AVOIDSTAG (NOT SPY+,TIP-)  canaries=['SPY', 'TIP']
  Sh=+0.851  CAGR=+8.17%  Vol=9.56%  DD=-12.75%  pct_RO=75.1%  pct_PS=3.8%  pct_DEF=21.1%
Running: B_HYG (defens ONLY +/-/-)  canaries=['SPY', 'TIP', 'HYG']
  Sh=+0.780  CAGR=+7.80%  Vol=10.06%  DD=-14.28%  pct_RO=89.2%  pct_PS=3.8%  pct_DEF=7.0%
Running: C_REBOUND (+/+ OR -/+)  canaries=['SPY', 'TIP']
  Sh=+0.715  CAGR=+6.47%  Vol=9.15%  DD=-12.75%  pct_RO=70.0%  pct_PS=0.5%  pct_DEF=29.6%

====================================================================================================
SUMMARY (sorted by Sharpe)
====================================================================================================

  Rule                                    Sharpe    CAGR%    Vol%    MaxDD%    %RO  %PS  %DEF
  ---------------------------------------------------------------------------------------------------------
  A_AVOIDSTAG (NOT SPY+,TIP-)               +0.851    +8.17    9.56   -12.75    75.1   3.8   21.1
  B_HYG (defens ONLY +/-/-)                 +0.780    +7.80   10.06   -14.28    89.2   3.8    7.0
  C_REBOUND (+/+ OR -/+)                    +0.715    +6.47    9.15   -12.75    70.0   0.5   29.6
  CURRENT  (SPY+TIP both+)                  +0.698    +5.96    8.63   -14.25    60.1   0.0   39.9

====================================================================================================