=====================================================================================================================================================================
ETF availability check:
  MTUM    panel start: 2013-04-18
  PRF     panel start: 2005-12-20
  SLYV    panel start: 2000-10-02
  VBR     panel start: 2004-01-30
  AVUV    panel start: 1995-01-04
  SPMO    panel start: 1995-01-04
  COWZ    panel start: 1995-01-04

Chain stitching:
  VBR -> AVUV: created column 'AVUV_stitched', spans 2004-01-30 to 2026-05-11
  MTUM -> SPMO: created column 'SPMO_stitched', spans 2013-04-18 to 2026-05-11
  PRF -> COWZ: created column 'COWZ_stitched', spans 2005-12-20 to 2026-05-11

Baseline FCP-15: ['QQQ', 'IGM', 'SPMO', 'XLE', 'XRT', 'COWZ', 'AVUV', 'VBR', 'SPHQ', 'XMMO', 'XMHQ', 'VEA', 'VWO', 'GLD', 'TLT']

=====================================================================================================================================================================
RESULTS  (HOLD_BUFFER=2.5, vol-target ON, 10bps/side cost)
=====================================================================================================================================================================
  FCP-15 baseline                  hybrid28y   Sh +1.149  CAGR +10.00%  DD -14.83%  UPI +2.54  Sor +1.38  Pain +2.90%
  FCP-15 baseline                  live18y     Sh +1.095  CAGR +9.18%  DD -10.53%  UPI +2.31  Sor +1.33  Pain +2.99%
  A3 drop AVUV (control)           hybrid28y   Sh +1.139  CAGR +9.78%  DD -10.53%  UPI +2.49  Sor +1.36  Pain +2.98%
  A3 drop AVUV (control)           live18y     Sh +1.125  CAGR +9.38%  DD -10.53%  UPI +2.25  Sor +1.36  Pain +3.18%
  E1 stitched VBR<->AVUV (drop dup) hybrid28y   Sh +1.134  CAGR +9.73%  DD -10.53%  UPI +2.48  Sor +1.35  Pain +2.98%
  E1 stitched VBR<->AVUV (drop dup) live18y     Sh +1.117  CAGR +9.29%  DD -10.53%  UPI +2.23  Sor +1.34  Pain +3.18%
  E2 stitched MTUM<->SPMO          hybrid28y   Sh +1.103  CAGR +9.55%  DD -14.83%  UPI +2.42  Sor +1.32  Pain +2.93%
  E2 stitched MTUM<->SPMO          live18y     Sh +1.095  CAGR +9.18%  DD -10.53%  UPI +2.31  Sor +1.33  Pain +2.99%
  E3 stitched PRF<->COWZ           hybrid28y   Sh +1.113  CAGR +9.63%  DD -14.83%  UPI +2.45  Sor +1.34  Pain +2.91%
  E3 stitched PRF<->COWZ           live18y     Sh +1.110  CAGR +9.30%  DD -10.53%  UPI +2.36  Sor +1.34  Pain +2.96%
  E4 ALL stitched (drop AVUV)      hybrid28y   Sh +1.118  CAGR +9.61%  DD -11.64%  UPI +2.41  Sor +1.34  Pain +3.01%
  E4 ALL stitched (drop AVUV)      live18y     Sh +1.070  CAGR +8.93%  DD -11.64%  UPI +2.07  Sor +1.29  Pain +3.30%

=====================================================================================================================================================================
RANKED by Live-only 18y Sharpe (HOLD_BUFFER=2.5)
=====================================================================================================================================================================
  Variant                                Sharpe        Δ     CAGR        DD    UPI
  ------------------------------------------------------------------------------------------
  A3 drop AVUV (control)                +1.125  +0.030  +9.38%  -10.53%  +2.25
  E1 stitched VBR<->AVUV (drop dup)     +1.117  +0.021  +9.29%  -10.53%  +2.23
  E3 stitched PRF<->COWZ                +1.110  +0.015  +9.30%  -10.53%  +2.36
  FCP-15 baseline                       +1.095  +0.000  +9.18%  -10.53%  +2.31
  E2 stitched MTUM<->SPMO               +1.095  +0.000  +9.18%  -10.53%  +2.31
  E4 ALL stitched (drop AVUV)           +1.070  -0.025  +8.93%  -11.64%  +2.07
