=====================================================================================================================================================================
FCP with HOLD_BUFFER=2z (robust) -- updated PSR + SOTA comparison
=====================================================================================================================================================================

[PSR with HOLD_BUFFER=2z]
---------------------------------------------------------------------------------------------------------------------------------------------------------------------
  Hybrid 28.7y FCP-VT (buf=2z): Sh=1.073, n_obs=7435
    N=  50: PSR=100.0% (YES)
    N= 100: PSR=100.0% (YES)
    N= 250: PSR=99.9% (YES)
    N= 500: PSR=99.9% (YES)
  Hybrid 28.7y FCP-noVT (buf=2z): Sh=1.038, n_obs=7435
    N=  50: PSR=100.0% (YES)
    N= 100: PSR=99.9% (YES)
    N= 250: PSR=99.9% (YES)
    N= 500: PSR=99.7% (YES)
  Live-only 18y FCP-VT (buf=2z): Sh=0.968, n_obs=4544
    N=  50: PSR=97.7% (YES)
    N= 100: PSR=96.1% (YES)
    N= 250: PSR=93.0% (no)
    N= 500: PSR=89.7% (no)
  Live-only 18y FCP-noVT (buf=2z): Sh=0.932, n_obs=4544
    N=  50: PSR=96.8% (YES)
    N= 100: PSR=94.6% (no)
    N= 250: PSR=90.6% (no)
    N= 500: PSR=86.6% (no)

[SOTA peer comparison with FCP buf=2z (live-only 18y)]
---------------------------------------------------------------------------------------------------------------------------------------------------------------------
  Strategy                                             Sh    UPI    Pain    CAGR       DD    Cal
  ----------------------------------------------------------------------------------------------------
  FCP (buf=3z, VT) PRODUCTION REFERENCE             +1.20  +2.81  +2.64%  +9.98%   -9.38%  +1.06
  FCP (buf=2z, VT) ROBUST                           +0.97  +1.95  +3.15%  +8.07%  -11.64%  +0.69
  FCP (buf=2z, no VT) ROBUST + simple               +0.93  +2.01  +3.53%  +9.28%  -12.58%  +0.74
  AAA K=5 canonical (HAA-9)                         +0.84  +1.15  +5.82%  +9.65%  -24.90%  +0.39
  Keller HAA-Balanced                               +0.57  +0.78  +5.93%  +5.97%  -22.22%  +0.27
  Faber GTAA-5                                      +0.48  +0.62  +4.55%  +3.54%  -15.62%  +0.23
  60/40 SPY/IEF                                     +0.82  +1.72  +2.86%  +8.81%  -21.31%  +0.41
  PP-IEF static                                     +0.96  +2.18  +2.05%  +6.52%  -12.76%  +0.51
  SPY buy-hold                                      +0.70  +1.53  +4.84%  +12.30%  -37.87%  +0.32

[Cost stress: FCP buf=2z VT vs production buf=3z VT (live-only 18y)]
---------------------------------------------------------------------------------------------------------------------------------------------------------------------
   Cost RT |  FCP-2z VT   FCP-3z VT    PP-IEF     60/40    AAA-K5
     10bps |     +1.02      +1.25    +0.96    +0.82    +0.88
     20bps |     +0.97      +1.20    +0.96    +0.82    +0.84
     40bps |     +0.87      +1.09    +0.96    +0.82    +0.76
     80bps |     +0.66      +0.88    +0.96    +0.82    +0.59
    120bps |     +0.45      +0.67    +0.96    +0.81    +0.42
