===============================================================================================================================================================================
PART A: AAA K=5 (canonical 126d corr x 20d vol cov) WITH SPY+TIP CANARY -- on multiple universes
Extended metrics on hybrid 28.7y AND live-only 18y
===============================================================================================================================================================================

>>> Hybrid 28.7y
-------------------------------------------------------------------------------------------------------------------------------------------------------------------------------
  AAA K=5 no canary on HAA-9                        Sh +0.95  Cal +0.39  UPI +1.36  Pain +5.11%  Avg36m -17.28%  SWR 11.25%  CAGR +10.38%  DD -26.74%  TO  989%
  AAA K=5 +canary on HAA-9                          Sh +0.93  Cal +0.42  UPI +1.51  Pain +3.76%  Avg36m -11.15%  SWR 10.00%  CAGR +8.15%  DD -19.26%  TO 1287%
  AAA K=5 no canary on FCP-15                       Sh +0.72  Cal +0.26  UPI +0.81  Pain +7.93%  Avg36m -20.43%  SWR  7.50%  CAGR +9.14%  DD -35.51%  TO 1254%
  AAA K=5 +canary on FCP-15                         Sh +0.82  Cal +0.40  UPI +1.45  Pain +4.27%  Avg36m -12.30%  SWR  8.75%  CAGR +8.45%  DD -20.88%  TO 1406%
  AAA K=5 no canary on AAA-10                       Sh +0.87  Cal +0.42  UPI +1.40  Pain +4.53%  Avg36m -14.85%  SWR 10.25%  CAGR +9.02%  DD -21.36%  TO 1031%
  AAA K=5 +canary on AAA-10                         Sh +0.80  Cal +0.31  UPI +1.08  Pain +4.31%  Avg36m -12.12%  SWR  8.75%  CAGR +6.92%  DD -22.04%  TO 1262%

>>> Live-only 18y
-------------------------------------------------------------------------------------------------------------------------------------------------------------------------------
  AAA K=5 no canary on HAA-9                        Sh +0.84  Cal +0.39  UPI +1.15  Pain +5.82%  Avg36m -18.08%  SWR 10.25%  CAGR +9.65%  DD -24.90%  TO 1008%
  AAA K=5 +canary on HAA-9                          Sh +0.74  Cal +0.34  UPI +1.00  Pain +4.81%  Avg36m -11.73%  SWR  8.75%  CAGR +6.50%  DD -19.26%  TO 1302%
  AAA K=5 no canary on FCP-15                       Sh +0.89  Cal +0.52  UPI +1.65  Pain +4.93%  Avg36m -17.43%  SWR 11.50%  CAGR +11.90%  DD -22.81%  TO 1298%
  AAA K=5 +canary on FCP-15                         Sh +0.82  Cal +0.48  UPI +1.40  Pain +4.49%  Avg36m -12.74%  SWR 10.00%  CAGR +8.57%  DD -17.98%  TO 1444%
  AAA K=5 no canary on AAA-10                       Sh +0.78  Cal +0.39  UPI +1.10  Pain +5.33%  Avg36m -15.30%  SWR 11.00%  CAGR +8.22%  DD -21.36%  TO 1098%
  AAA K=5 +canary on AAA-10                         Sh +0.63  Cal +0.25  UPI +0.71  Pain +5.39%  Avg36m -12.06%  SWR  8.50%  CAGR +5.41%  DD -22.04%  TO 1320%

===============================================================================================================================================================================
PART B: FCP production (vol-target ON and OFF) vs SOTA peers -- extended metrics
===============================================================================================================================================================================

>>> Hybrid 28.7y
-------------------------------------------------------------------------------------------------------------------------------------------------------------------------------
  FCP production (vol-target ON)                    Sh +1.21  Cal +0.71  UPI +2.85  Pain +2.69%  Avg36m  -8.11%  SWR 10.00%  CAGR +10.50%  DD -14.83%  TO    0%
  FCP production (vol-target OFF)                   Sh +1.15  Cal +0.59  UPI +2.73  Pain +3.15%  Avg36m  -9.86%  SWR 11.75%  CAGR +12.05%  DD -20.34%  TO    0%
  AAA K=5 canonical (HAA-9)                         Sh +0.95  Cal +0.39  UPI +1.36  Pain +5.11%  Avg36m -17.28%  SWR 11.25%  CAGR +10.38%  DD -26.74%  TO  989%
  AAA K=5 +canary on FCP-15                         Sh +0.82  Cal +0.40  UPI +1.45  Pain +4.27%  Avg36m -12.30%  SWR  8.75%  CAGR +8.45%  DD -20.88%  TO 1406%
  Keller HAA-Balanced                               Sh +0.64  Cal +0.29  UPI +0.93  Pain +5.21%  Avg36m -13.59%  SWR  7.75%  CAGR +6.53%  DD -22.22%  TO 1183%
  Faber GTAA-5                                      Sh +0.77  Cal +0.36  UPI +1.16  Pain +3.47%  Avg36m  -9.92%  SWR  7.75%  CAGR +5.65%  DD -15.62%  TO  302%
  60/40 SPY/IEF                                     Sh +0.70  Cal +0.24  UPI +1.20  Pain +3.63%  Avg36m -15.63%  SWR  7.25%  CAGR +7.30%  DD -29.88%  TO    3%
  PP-IEF static                                     Sh +1.00  Cal +0.45  UPI +2.34  Pain +1.81%  Avg36m  -8.58%  SWR  7.00%  CAGR +6.43%  DD -14.23%  TO    3%
  SPY buy-hold                                      Sh +0.52  Cal +0.16  UPI +0.57  Pain +9.88%  Avg36m -29.32%  SWR  6.50%  CAGR +8.40%  DD -53.54%  TO    3%

>>> Live-only 18y
-------------------------------------------------------------------------------------------------------------------------------------------------------------------------------
  FCP production (vol-target ON)                    Sh +1.20  Cal +1.06  UPI +2.81  Pain +2.64%  Avg36m  -7.93%  SWR 11.25%  CAGR +9.98%  DD  -9.38%  TO    0%
  FCP production (vol-target OFF)                   Sh +1.12  Cal +0.89  UPI +2.82  Pain +2.94%  Avg36m  -9.22%  SWR 12.25%  CAGR +11.19%  DD -12.58%  TO    0%
  AAA K=5 canonical (HAA-9)                         Sh +0.84  Cal +0.39  UPI +1.15  Pain +5.82%  Avg36m -18.08%  SWR 10.25%  CAGR +9.65%  DD -24.90%  TO 1008%
  AAA K=5 +canary on FCP-15                         Sh +0.82  Cal +0.48  UPI +1.40  Pain +4.49%  Avg36m -12.74%  SWR 10.00%  CAGR +8.57%  DD -17.98%  TO 1444%
  Keller HAA-Balanced                               Sh +0.57  Cal +0.27  UPI +0.78  Pain +5.93%  Avg36m -13.73%  SWR  8.75%  CAGR +5.97%  DD -22.22%  TO 1262%
  Faber GTAA-5                                      Sh +0.48  Cal +0.23  UPI +0.62  Pain +4.55%  Avg36m -11.12%  SWR  6.50%  CAGR +3.54%  DD -15.62%  TO  370%
  60/40 SPY/IEF                                     Sh +0.82  Cal +0.41  UPI +1.72  Pain +2.86%  Avg36m -13.19%  SWR 10.50%  CAGR +8.81%  DD -21.31%  TO    6%
  PP-IEF static                                     Sh +0.96  Cal +0.51  UPI +2.18  Pain +2.05%  Avg36m  -8.66%  SWR  8.75%  CAGR +6.52%  DD -12.76%  TO    6%
  SPY buy-hold                                      Sh +0.70  Cal +0.32  UPI +1.53  Pain +4.84%  Avg36m -21.77%  SWR 11.50%  CAGR +12.30%  DD -37.87%  TO    6%

===============================================================================================================================================================================
PART C: Bootstrap Sharpe diff: FCP production (vol-target OFF) vs each peer (hybrid 28.7y)
===============================================================================================================================================================================

  Comparison (FCP - peer)                           point Sharpe diff   95% CI               P(>0)  Sig?
  ----------------------------------------------------------------------------------------------------
  FCP - AAA K=5 canonical (HAA-9)                   +0.199        [-0.192, +0.607]     86%  
  FCP - AAA K=5 +canary on FCP-15                   +0.332        [+0.051, +0.611]     99%   *
  FCP - Keller HAA-Balanced                         +0.515        [+0.212, +0.842]    100%   *
  FCP - Faber GTAA-5                                +0.376        [+0.005, +0.753]     98%   *
  FCP - 60/40 SPY/IEF                               +0.450        [+0.041, +0.879]     99%   *
  FCP - PP-IEF static                               +0.147        [-0.244, +0.554]     78%  
  FCP - SPY buy-hold                                +0.628        [+0.222, +1.058]    100%   *
