FCP HOLD_BUFFER COMPARISON — EXPERIMENT LOG
Generated: 2026-05-16T02:03:04.869084
Buffers tested: [2.0, 2.5, 3.0]
Python: 3.13.2

Loading price panel ...
Panel: 1993-10-01 → 2026-05-14, 32 assets

Pre-computing FCP backtests for all (buffer × vol_target × window) combinations ...
  buf=2.0 vt=ON hybrid28: n=7435 days, Sh=1.073
  buf=2.0 vt=ON live18: n=4544 days, Sh=0.968
  buf=2.0 vt=OFF hybrid28: n=7435 days, Sh=1.038
  buf=2.0 vt=OFF live18: n=4544 days, Sh=0.932
  buf=2.5 vt=ON hybrid28: n=7435 days, Sh=1.149
  buf=2.5 vt=ON live18: n=4544 days, Sh=1.095
  buf=2.5 vt=OFF hybrid28: n=7435 days, Sh=1.099
  buf=2.5 vt=OFF live18: n=4544 days, Sh=1.036
  buf=3.0 vt=ON hybrid28: n=7435 days, Sh=1.208
  buf=3.0 vt=ON live18: n=4544 days, Sh=1.196
  buf=3.0 vt=OFF hybrid28: n=7435 days, Sh=1.150
  buf=3.0 vt=OFF live18: n=4544 days, Sh=1.124

================================================================================================================================================================
SECTION 1: PSR / DEFLATED SHARPE  (Bailey & Lopez de Prado 2014)
  P(true SR > expected max under null with N_trials)
  PSR ≥ 95%  →  'YES'  (survives selection-bias correction at 5% level)
================================================================================================================================================================

    Buffer        Window    VT   PointSh   N_obs   N_trials    ThrSR      PSR   Survives
  --------------------------------------------------------------------------------------
       2.0      hybrid28   ON      1.073    7435         50    0.388   100.0%      YES *
       2.0      hybrid28   ON      1.073    7435        100    0.432   100.0%      YES *
       2.0      hybrid28   ON      1.073    7435        250    0.486    99.9%      YES *
       2.0      hybrid28   ON      1.073    7435        500    0.524    99.9%      YES *
       2.0      hybrid28   ON      1.073    7435       1000    0.561    99.7%      YES *
       2.0      hybrid28   OFF     1.038    7435         50    0.388   100.0%      YES *
       2.0      hybrid28   OFF     1.038    7435        100    0.432    99.9%      YES *
       2.0      hybrid28   OFF     1.038    7435        250    0.486    99.9%      YES *
       2.0      hybrid28   OFF     1.038    7435        500    0.524    99.7%      YES *
       2.0      hybrid28   OFF     1.038    7435       1000    0.561    99.5%      YES *
       2.0        live18   ON      0.968    4544         50    0.496    97.7%      YES *
       2.0        live18   ON      0.968    4544        100    0.552    96.1%      YES *
       2.0        live18   ON      0.968    4544        250    0.621    93.0%         no
       2.0        live18   ON      0.968    4544        500    0.670    89.7%         no
       2.0        live18   ON      0.968    4544       1000    0.717    85.7%         no
       2.0        live18   OFF     0.932    4544         50    0.496    96.8%      YES *
       2.0        live18   OFF     0.932    4544        100    0.552    94.6%         no
       2.0        live18   OFF     0.932    4544        250    0.621    90.6%         no
       2.0        live18   OFF     0.932    4544        500    0.670    86.6%         no
       2.0        live18   OFF     0.932    4544       1000    0.717    81.9%         no

       2.5      hybrid28   ON      1.149    7435         50    0.388   100.0%      YES *
       2.5      hybrid28   ON      1.149    7435        100    0.432   100.0%      YES *
       2.5      hybrid28   ON      1.149    7435        250    0.486   100.0%      YES *
       2.5      hybrid28   ON      1.149    7435        500    0.524   100.0%      YES *
       2.5      hybrid28   ON      1.149    7435       1000    0.561    99.9%      YES *
       2.5      hybrid28   OFF     1.099    7435         50    0.388   100.0%      YES *
       2.5      hybrid28   OFF     1.099    7435        100    0.432   100.0%      YES *
       2.5      hybrid28   OFF     1.099    7435        250    0.486   100.0%      YES *
       2.5      hybrid28   OFF     1.099    7435        500    0.524    99.9%      YES *
       2.5      hybrid28   OFF     1.099    7435       1000    0.561    99.8%      YES *
       2.5        live18   ON      1.095    4544         50    0.496    99.4%      YES *
       2.5        live18   ON      1.095    4544        100    0.552    98.9%      YES *
       2.5        live18   ON      1.095    4544        250    0.621    97.8%      YES *
       2.5        live18   ON      1.095    4544        500    0.671    96.4%      YES *
       2.5        live18   ON      1.095    4544       1000    0.717    94.5%         no
       2.5        live18   OFF     1.036    4544         50    0.496    98.9%      YES *
       2.5        live18   OFF     1.036    4544        100    0.552    98.0%      YES *
       2.5        live18   OFF     1.036    4544        250    0.621    96.1%      YES *
       2.5        live18   OFF     1.036    4544        500    0.670    93.9%         no
       2.5        live18   OFF     1.036    4544       1000    0.717    91.2%         no

       3.0      hybrid28   ON      1.208    7435         50    0.388   100.0%      YES *
       3.0      hybrid28   ON      1.208    7435        100    0.432   100.0%      YES *
       3.0      hybrid28   ON      1.208    7435        250    0.486   100.0%      YES *
       3.0      hybrid28   ON      1.208    7435        500    0.524   100.0%      YES *
       3.0      hybrid28   ON      1.208    7435       1000    0.561   100.0%      YES *
       3.0      hybrid28   OFF     1.150    7435         50    0.388   100.0%      YES *
       3.0      hybrid28   OFF     1.150    7435        100    0.432   100.0%      YES *
       3.0      hybrid28   OFF     1.150    7435        250    0.486   100.0%      YES *
       3.0      hybrid28   OFF     1.150    7435        500    0.524   100.0%      YES *
       3.0      hybrid28   OFF     1.150    7435       1000    0.561    99.9%      YES *
       3.0        live18   ON      1.196    4544         50    0.496    99.8%      YES *
       3.0        live18   ON      1.196    4544        100    0.552    99.7%      YES *
       3.0        live18   ON      1.196    4544        250    0.622    99.3%      YES *
       3.0        live18   ON      1.196    4544        500    0.671    98.7%      YES *
       3.0        live18   ON      1.196    4544       1000    0.717    97.9%      YES *
       3.0        live18   OFF     1.124    4544         50    0.496    99.6%      YES *
       3.0        live18   OFF     1.124    4544        100    0.552    99.2%      YES *
       3.0        live18   OFF     1.124    4544        250    0.621    98.3%      YES *
       3.0        live18   OFF     1.124    4544        500    0.671    97.3%      YES *
       3.0        live18   OFF     1.124    4544       1000    0.717    95.8%      YES *


================================================================================================================================================================
SECTION 2: SOTA PEER COMPARISON — extended metrics, live-only 18y (2008-09 → present)
  Note: FCP results use vol-target OFF (no-VT) for fair momentum peer comparison;
        vol-target ON row also shown separately.
================================================================================================================================================================

  Computing peer strategy equity curves ...
    AAA K=5 (HAA-9): done
    AAA K=5+can(FCP-15): done
    Keller HAA-Balanced: done
    Faber GTAA-5: done
    60/40 SPY/IEF: done
    PP-IEF static: done
    SPY buy-hold: done

  Strategy                                       Sharpe   95% CI (boot)  Sortino   Calmar     MaxDD     UPI    Pain%   Avg36mDD%    SWR%    CAGR%  Ann.TO%
  --------------------------------------------------------------------------------------------------------------------------------------------------------
  FCP-2.0z vt=ON                              Sh +0.968  CI [+0.56,+1.40]  Srt +1.16  Cal +0.69  MDD -11.64%  UPI +1.95  Pain +3.15%  Avg36m -9.13%  SWR  9.50%  CAGR +8.07%  TO 0%
  FCP-2.0z vt=OFF                             Sh +0.932  CI [+0.51,+1.36]  Srt +1.08  Cal +0.74  MDD -12.58%  UPI +2.01  Pain +3.53%  Avg36m -10.06%  SWR 10.25%  CAGR +9.28%  TO 0%
  FCP-2.5z vt=ON                              Sh +1.095  CI [+0.68,+1.52]  Srt +1.33  Cal +0.87  MDD -10.53%  UPI +2.31  Pain +2.99%  Avg36m -8.70%  SWR 10.25%  CAGR +9.18%  TO 0%
  FCP-2.5z vt=OFF                             Sh +1.036  CI [+0.62,+1.47]  Srt +1.21  Cal +0.82  MDD -12.58%  UPI +2.34  Pain +3.33%  Avg36m -9.86%  SWR 11.25%  CAGR +10.34%  TO 0%
  FCP-3.0z vt=ON                              Sh +1.196  CI [+0.77,+1.62]  Srt +1.45  Cal +1.06  MDD -9.38%  UPI +2.81  Pain +2.64%  Avg36m -7.93%  SWR 11.25%  CAGR +9.98%  TO 0%
  FCP-3.0z vt=OFF                             Sh +1.124  CI [+0.70,+1.55]  Srt +1.31  Cal +0.89  MDD -12.58%  UPI +2.82  Pain +2.94%  Avg36m -9.22%  SWR 12.25%  CAGR +11.19%  TO 0%

  AAA K=5 (HAA-9)                             Sh +0.842  CI [+0.40,+1.30]  Srt +1.05  Cal +0.39  MDD -24.90%  UPI +1.15  Pain +5.82%  Avg36m -18.08%  SWR 10.25%  CAGR +9.65%  TO 1008%
  AAA K=5+can(FCP-15)                         Sh +0.823  CI [+0.40,+1.28]  Srt +0.96  Cal +0.48  MDD -17.98%  UPI +1.40  Pain +4.49%  Avg36m -12.74%  SWR 10.00%  CAGR +8.57%  TO 1444%
  Keller HAA-Balanced                         Sh +0.567  CI [+0.18,+0.94]  Srt +0.67  Cal +0.27  MDD -22.22%  UPI +0.78  Pain +5.93%  Avg36m -13.73%  SWR  8.75%  CAGR +5.97%  TO 1262%
  Faber GTAA-5                                Sh +0.480  CI [+0.10,+0.96]  Srt +0.57  Cal +0.23  MDD -15.62%  UPI +0.62  Pain +4.55%  Avg36m -11.12%  SWR  6.50%  CAGR +3.54%  TO 370%
  60/40 SPY/IEF                               Sh +0.817  CI [+0.46,+1.35]  Srt +1.00  Cal +0.41  MDD -21.31%  UPI +1.72  Pain +2.86%  Avg36m -13.19%  SWR 10.50%  CAGR +8.81%  TO 6%
  PP-IEF static                               Sh +0.961  CI [+0.58,+1.47]  Srt +1.23  Cal +0.51  MDD -12.76%  UPI +2.18  Pain +2.05%  Avg36m -8.66%  SWR  8.75%  CAGR +6.52%  TO 6%
  SPY buy-hold                                Sh +0.702  CI [+0.36,+1.23]  Srt +0.84  Cal +0.32  MDD -37.87%  UPI +1.53  Pain +4.84%  Avg36m -21.77%  SWR 11.50%  CAGR +12.30%  TO 6%

================================================================================================================================================================
SECTION 3: BOOTSTRAP SHARPE-DIFFERENCE TEST  (B=3000, block=21d, live-only 18y)
  FCP uses vol-target OFF for direct peer comparison.
  Point: observed Sharpe(FCP) - Sharpe(peer)
  95% CI: percentile block-bootstrap distribution of difference
  P(>0): fraction of bootstrap iterations where FCP wins
  Sig: * = CI does not straddle 0
================================================================================================================================================================

  ── Buffer = 2.0z ──────────────────────────────────────────────────────────────────
  Comparison                                           PointDiff                  95% CI    P(>0)  Sig
  ----------------------------------------------------------------------------------------------------
  FCP-2.0z - AAA K=5 (HAA-9)                               +0.090      [-0.363, +0.559]   66.0%  
  FCP-2.0z - AAA K=5+can(FCP-15)                           +0.109      [-0.222, +0.431]   71.7%  
  FCP-2.0z - Keller HAA-Balanced                           +0.365      [+0.021, +0.723]   97.9%   *
  FCP-2.0z - Faber GTAA-5                                  +0.452      [-0.016, +0.847]   96.7%  
  FCP-2.0z - 60/40 SPY/IEF                                 +0.115      [-0.480, +0.551]   57.3%  
  FCP-2.0z - PP-IEF static                                 -0.029      [-0.566, +0.396]   36.2%  
  FCP-2.0z - SPY buy-hold                                  +0.230      [-0.357, +0.664]   74.6%  

  ── Buffer = 2.5z ──────────────────────────────────────────────────────────────────
  Comparison                                           PointDiff                  95% CI    P(>0)  Sig
  ----------------------------------------------------------------------------------------------------
  FCP-2.5z - AAA K=5 (HAA-9)                               +0.194      [-0.283, +0.669]   80.1%  
  FCP-2.5z - AAA K=5+can(FCP-15)                           +0.213      [-0.110, +0.536]   88.1%  
  FCP-2.5z - Keller HAA-Balanced                           +0.469      [+0.100, +0.830]   99.4%   *
  FCP-2.5z - Faber GTAA-5                                  +0.557      [+0.053, +0.969]   98.8%   *
  FCP-2.5z - 60/40 SPY/IEF                                 +0.219      [-0.395, +0.683]   70.9%  
  FCP-2.5z - PP-IEF static                                 +0.075      [-0.462, +0.516]   52.2%  
  FCP-2.5z - SPY buy-hold                                  +0.334      [-0.284, +0.803]   83.8%  

  ── Buffer = 3.0z ──────────────────────────────────────────────────────────────────
  Comparison                                           PointDiff                  95% CI    P(>0)  Sig
  ----------------------------------------------------------------------------------------------------
  FCP-3.0z - AAA K=5 (HAA-9)                               +0.282      [-0.179, +0.742]   88.7%  
  FCP-3.0z - AAA K=5+can(FCP-15)                           +0.301      [-0.050, +0.643]   95.5%  
  FCP-3.0z - Keller HAA-Balanced                           +0.557      [+0.186, +0.933]   99.9%   *
  FCP-3.0z - Faber GTAA-5                                  +0.645      [+0.136, +1.075]   99.5%   *
  FCP-3.0z - 60/40 SPY/IEF                                 +0.307      [-0.302, +0.769]   81.3%  
  FCP-3.0z - PP-IEF static                                 +0.163      [-0.373, +0.597]   65.7%  
  FCP-3.0z - SPY buy-hold                                  +0.422      [-0.192, +0.888]   90.7%  

  ── Cross-buffer differences (vol-target OFF, live-only 18y) ──────────────────────────────
  Comparison                                           PointDiff                  95% CI    P(>0)  Sig
  ----------------------------------------------------------------------------------------------------
  FCP-2.0z - FCP-2.5z                                        -0.104      [-0.231, +0.013]    4.3%  
  FCP-2.0z - FCP-3.0z                                        -0.192      [-0.363, -0.041]    0.5%   *
  FCP-2.5z - FCP-3.0z                                        -0.088      [-0.209, +0.000]    0.3%  

================================================================================================================================================================
SECTION 4: COST-STRESS  — FCP per buffer at 5/10/20/40/80 bps RT cost, live-only 18y
  Vol-target OFF.  Metrics: Sharpe / CAGR% / MaxDD%
================================================================================================================================================================

    Buffer   CostBps    Sharpe     CAGR%    MaxDD%
  ------------------------------------------------
       2.0         5     0.978      9.77    -12.58
       2.0        10     0.932      9.28    -12.58
       2.0        20     0.839      8.28    -12.82
       2.0        40     0.652      6.32    -14.61
       2.0        80     0.284      2.48    -27.65

       2.5         5     1.081     10.83    -12.58
       2.5        10     1.036     10.34    -12.58
       2.5        20     0.944      9.35    -12.58
       2.5        40     0.757      7.41    -14.61
       2.5        80     0.389      3.60    -23.77

       3.0         5     1.170     11.69    -12.58
       3.0        10     1.124     11.19    -12.58
       3.0        20     1.031     10.21    -12.58
       3.0        40     0.843      8.26    -14.61
       3.0        80     0.469      4.44    -23.77


================================================================================================================================================================
SECTION 5: SUBWINDOW SHARPE SPLIT  (vol-target OFF, live-only windows)
  Windows: 2008-09→2014-12 | 2015-01→2019-12 | 2020-01→present
================================================================================================================================================================

    Buffer                Window    Sharpe     CAGR%    MaxDD%   N_days
  ---------------------------------------------------------------------
       2.0       2008-09→2014-12     0.783      8.10    -12.29     1632
       2.0       2015-01→2019-12     0.693      4.66     -9.36     1303
       2.0       2020-01→2026-05     1.200     13.82    -12.58     1607

       2.5       2008-09→2014-12     0.915      9.51    -12.05     1632
       2.5       2015-01→2019-12     0.693      4.66     -9.36     1303
       2.5       2020-01→2026-05     1.200     13.82    -12.58     1607

       3.0       2008-09→2014-12     1.147     11.89    -12.05     1632
       3.0       2015-01→2019-12     0.693      4.66     -9.36     1303
       3.0       2020-01→2026-05     1.200     13.82    -12.58     1607


  ── Peer subwindow Sharpe (reference rows) ──────────────────────────────────────────
  Strategy                                                  Window    Sharpe     CAGR%    MaxDD%
  ----------------------------------------------------------------------------------------------
  AAA K=5 (HAA-9)                                  2008-09→2014-12     0.766      8.63    -19.29
  AAA K=5 (HAA-9)                                  2015-01→2019-12     0.307      2.59    -17.24
  AAA K=5 (HAA-9)                                  2020-01→2026-05     1.210     16.12    -24.90

  AAA K=5+can(FCP-15)                              2008-09→2014-12     0.745      8.31    -17.98
  AAA K=5+can(FCP-15)                              2015-01→2019-12     0.432      3.07    -11.69
  AAA K=5+can(FCP-15)                              2020-01→2026-05     1.090     12.74    -17.01

  Keller HAA-Balanced                              2008-09→2014-12     0.516      6.29    -17.77
  Keller HAA-Balanced                              2015-01→2019-12     0.321      2.13    -10.67
  Keller HAA-Balanced                              2020-01→2026-05     0.820      9.08    -22.22

  Faber GTAA-5                                     2008-09→2014-12     0.276      2.22    -15.62
  Faber GTAA-5                                     2015-01→2019-12     0.185      0.91    -12.02
  Faber GTAA-5                                     2020-01→2026-05     0.974      7.15     -9.00

  60/40 SPY/IEF                                    2008-09→2014-12     0.777      9.19    -21.31
  60/40 SPY/IEF                                    2015-01→2019-12     1.018      7.24    -10.46
  60/40 SPY/IEF                                    2020-01→2026-05     0.797      9.48    -21.02

  PP-IEF static                                    2008-09→2014-12     0.716      5.22    -11.49
  PP-IEF static                                    2015-01→2019-12     0.950      4.01     -5.78
  PP-IEF static                                    2020-01→2026-05     1.203      9.38    -12.76

  SPY buy-hold                                     2008-09→2014-12     0.564     10.50    -37.87
  SPY buy-hold                                     2015-01→2019-12     0.891     11.01    -19.42
  SPY buy-hold                                     2020-01→2026-05     0.816     15.58    -33.72


================================================================================================================================================================
END OF EXPERIMENT LOG  |  elapsed: 34.0s  |  2026-05-16T02:03:38.882619
================================================================================================================================================================
