=====================================================================================================================================================================
UNIFIED RANK BUFFER COMPARISON across FCP-K2 and AAA on FCP-15 universe
=====================================================================================================================================================================

=====================================================================================================================================================================
>>> Hybrid 28.7y
=====================================================================================================================================================================

[FCP K=2 + canary, buffer mechanism sweep]
---------------------------------------------------------------------------------------------------------------------------------------------------------------------
  FCP production (3z hold buffer)                   Sh +1.150  CAGR +12.05%  DD -20.34%  Vol 10.36%  AnnTO     0%
  FCP K=2 +                 none buffer             Sh +0.907  CAGR +8.89%  DD -16.00%  Vol  9.93%  AnnTO  1214%
  FCP K=2 +             zscore_1 buffer             Sh +0.997  CAGR +8.89%  DD -15.92%  Vol  8.95%  AnnTO  1005%
  FCP K=2 +             zscore_3 buffer             Sh +0.997  CAGR +8.89%  DD -15.92%  Vol  8.95%  AnnTO  1005%
  FCP K=2 +       rank_pair_half buffer             Sh +0.951  CAGR +9.72%  DD -16.32%  Vol 10.31%  AnnTO  1137%
  FCP K=2 +       rank_asset_K+3 buffer             Sh +0.921  CAGR +8.76%  DD -15.57%  Vol  9.63%  AnnTO  1130%

[AAA K=7, buffer mechanism sweep]
---------------------------------------------------------------------------------------------------------------------------------------------------------------------
  AAA K=7 no canary,             none buffer        Sh +0.760  CAGR +8.88%  DD -25.98%  Vol 12.19%  AnnTO  1199%
  AAA K=7 +canary,             none buffer          Sh +0.815  CAGR +7.72%  DD -19.30%  Vol  9.70%  AnnTO  1367%
  AAA K=7 no canary,   rank_asset_K+3 buffer        Sh +0.715  CAGR +8.38%  DD -30.16%  Vol 12.32%  AnnTO  1046%
  AAA K=7 +canary,   rank_asset_K+3 buffer          Sh +0.790  CAGR +7.60%  DD -26.27%  Vol  9.89%  AnnTO  1309%

[AAA K=5, buffer mechanism sweep]
---------------------------------------------------------------------------------------------------------------------------------------------------------------------
  AAA K=5 no canary,             none buffer        Sh +0.720  CAGR +9.14%  DD -35.51%  Vol 13.42%  AnnTO  1254%
  AAA K=5 +canary,             none buffer          Sh +0.819  CAGR +8.45%  DD -20.88%  Vol 10.60%  AnnTO  1406%
  AAA K=5 no canary,   rank_asset_K+3 buffer        Sh +0.719  CAGR +9.11%  DD -40.08%  Vol 13.38%  AnnTO  1052%
  AAA K=5 +canary,   rank_asset_K+3 buffer          Sh +0.855  CAGR +8.81%  DD -22.02%  Vol 10.53%  AnnTO  1281%

=====================================================================================================================================================================
>>> Live-only 18y
=====================================================================================================================================================================

[FCP K=2 + canary, buffer mechanism sweep]
---------------------------------------------------------------------------------------------------------------------------------------------------------------------
  FCP production (3z hold buffer)                   Sh +1.124  CAGR +11.19%  DD -12.58%  Vol  9.87%  AnnTO     0%
  FCP K=2 +                 none buffer             Sh +0.855  CAGR +8.08%  DD -16.00%  Vol  9.63%  AnnTO  1211%
  FCP K=2 +             zscore_1 buffer             Sh +0.943  CAGR +8.23%  DD -15.02%  Vol  8.80%  AnnTO   951%
  FCP K=2 +             zscore_3 buffer             Sh +0.943  CAGR +8.23%  DD -15.02%  Vol  8.80%  AnnTO   951%
  FCP K=2 +       rank_pair_half buffer             Sh +0.903  CAGR +8.99%  DD -16.32%  Vol 10.10%  AnnTO  1126%
  FCP K=2 +       rank_asset_K+3 buffer             Sh +0.838  CAGR +7.81%  DD -15.57%  Vol  9.52%  AnnTO  1098%

[AAA K=7, buffer mechanism sweep]
---------------------------------------------------------------------------------------------------------------------------------------------------------------------
  AAA K=7 no canary,             none buffer        Sh +0.871  CAGR +10.79%  DD -19.73%  Vol 12.69%  AnnTO  1223%
  AAA K=7 +canary,             none buffer          Sh +0.805  CAGR +7.68%  DD -18.60%  Vol  9.78%  AnnTO  1399%
  AAA K=7 no canary,   rank_asset_K+3 buffer        Sh +0.811  CAGR +10.00%  DD -21.56%  Vol 12.75%  AnnTO  1067%
  AAA K=7 +canary,   rank_asset_K+3 buffer          Sh +0.839  CAGR +8.09%  DD -17.21%  Vol  9.85%  AnnTO  1320%

[AAA K=5, buffer mechanism sweep]
---------------------------------------------------------------------------------------------------------------------------------------------------------------------
  AAA K=5 no canary,             none buffer        Sh +0.892  CAGR +11.90%  DD -22.81%  Vol 13.66%  AnnTO  1298%
  AAA K=5 +canary,             none buffer          Sh +0.823  CAGR +8.57%  DD -17.98%  Vol 10.68%  AnnTO  1444%
  AAA K=5 no canary,   rank_asset_K+3 buffer        Sh +0.905  CAGR +12.00%  DD -24.96%  Vol 13.54%  AnnTO  1080%
  AAA K=5 +canary,   rank_asset_K+3 buffer          Sh +0.905  CAGR +9.38%  DD -15.10%  Vol 10.52%  AnnTO  1283%
