===============================================================================================================================================================================
REALISTIC COST COMPARISON: how do strategies hold up at various cost levels?
Cost ranges: 5bps RT (institutional) -> 10bps -> 20bps (default) -> 40bps (retail) -> 60bps (taxable retail)
===============================================================================================================================================================================

>>> Hybrid 28.7y
-------------------------------------------------------------------------------------------------------------------------------------------------------------------------------
  Strategy                                          | Sharpe at cost RT (bps):
                                                    |      5     10     20     40     60
  ---------------------------------------------------------------------------------------------------------
  FCP production (vol-target ON)                    |  +1.28  +1.26  +1.21  +1.11  +1.01
  FCP production (vol-target OFF)                   |  +1.22  +1.19  +1.15  +1.06  +0.97
  AAA K=5 canonical (HAA-9)                         |  +1.02  +1.00  +0.95  +0.86  +0.78
  AAA K=5 +canary (FCP-15)                          |  +0.92  +0.88  +0.82  +0.69  +0.56
  Keller HAA-Balanced                               |  +0.71  +0.69  +0.64  +0.53  +0.42
  Faber GTAA-5                                      |  +0.80  +0.79  +0.77  +0.73  +0.69
  60/40 SPY/IEF                                     |  +0.70  +0.70  +0.70  +0.70  +0.70
  PP-IEF static                                     |  +1.00  +1.00  +1.00  +1.00  +1.00
  SPY buy-hold                                      |  +0.52  +0.52  +0.52  +0.52  +0.52

>>> Live-only 18y
-------------------------------------------------------------------------------------------------------------------------------------------------------------------------------
  Strategy                                          | Sharpe at cost RT (bps):
                                                    |      5     10     20     40     60
  ---------------------------------------------------------------------------------------------------------
  FCP production (vol-target ON)                    |  +1.27  +1.25  +1.20  +1.09  +0.99
  FCP production (vol-target OFF)                   |  +1.19  +1.17  +1.12  +1.03  +0.94
  AAA K=5 canonical (HAA-9)                         |  +0.91  +0.88  +0.84  +0.76  +0.67
  AAA K=5 +canary (FCP-15)                          |  +0.92  +0.89  +0.82  +0.69  +0.55
  Keller HAA-Balanced                               |  +0.65  +0.62  +0.57  +0.46  +0.35
  Faber GTAA-5                                      |  +0.51  +0.50  +0.48  +0.43  +0.39
  60/40 SPY/IEF                                     |  +0.82  +0.82  +0.82  +0.82  +0.82
  PP-IEF static                                     |  +0.96  +0.96  +0.96  +0.96  +0.96
  SPY buy-hold                                      |  +0.70  +0.70  +0.70  +0.70  +0.70

===============================================================================================================================================================================
TAX-ADJUSTED Sharpe (live-only 18y, 20bps RT cost + 1.5% annual tax drag for high-turnover strategies)
===============================================================================================================================================================================

  Strategy                                          Pre-tax Sh  Post-tax Sh  Δ
  ------------------------------------------------------------------------------------------
  FCP production (vol-target ON)                    +1.196      +1.015      -0.181  (tax 1.5%)
  FCP production (vol-target OFF)                   +1.124      +0.973      -0.151  (tax 1.5%)
  AAA K=5 canonical (HAA-9)                         +0.842      +0.716      -0.127  (tax 1.5%)
  AAA K=5 +canary (FCP-15)                          +0.823      +0.684      -0.139  (tax 1.5%)
  Keller HAA-Balanced                               +0.567      +0.436      -0.131  (tax 1.5%)
  60/40 SPY/IEF                                     +0.817      +0.790      -0.027  (tax 0.3%)
  PP-IEF static                                     +0.961      +0.917      -0.044  (tax 0.3%)
  SPY buy-hold (long-term cap gains, no tax drag in this model)  +0.702      +0.687      -0.016  (tax 0.3%)
