=====================================================================================================================================================================
SIGNAL LAG SWEEP: does using stale signals (1-3mo old) help?
Hypothesis: FCP universe has sticky momentum. Lag could substitute for hold buffer.
=====================================================================================================================================================================

=====================================================================================================================================================================
>>> Hybrid 28.7y
=====================================================================================================================================================================

[MVP K=2 (rank buffer) on FCP-15]
  MVP FCP-15 lag=0mo                                Sh +0.775  CAGR +9.00%  DD -29.86%  Vol 12.06%  AnnTO   673%
  MVP FCP-15 lag=1mo                                Sh +0.668  CAGR +8.09%  DD -32.37%  Vol 12.90%  AnnTO   687%
  MVP FCP-15 lag=2mo                                Sh +0.753  CAGR +9.38%  DD -31.43%  Vol 13.04%  AnnTO   680%
  MVP FCP-15 lag=3mo                                Sh +0.687  CAGR +8.56%  DD -23.26%  Vol 13.25%  AnnTO   684%

[MVP K=2 (rank buffer) on HAA-9 -- CONTROL]
  MVP HAA-9 lag=0mo                                 Sh +0.812  CAGR +9.13%  DD -28.48%  Vol 11.58%  AnnTO   666%
  MVP HAA-9 lag=1mo                                 Sh +0.728  CAGR +8.48%  DD -23.92%  Vol 12.20%  AnnTO   677%
  MVP HAA-9 lag=2mo                                 Sh +0.750  CAGR +8.92%  DD -34.05%  Vol 12.43%  AnnTO   673%
  MVP HAA-9 lag=3mo                                 Sh +0.625  CAGR +7.28%  DD -30.41%  Vol 12.48%  AnnTO   670%

[AAA K=5, 6mo signal on FCP-15]
  AAA K=5 FCP-15 lag=0mo                            Sh +0.720  CAGR +9.14%  DD -35.51%  Vol 13.42%  AnnTO  1254%
  AAA K=5 FCP-15 lag=1mo                            Sh +0.562  CAGR +7.40%  DD -42.15%  Vol 14.60%  AnnTO  1200%
  AAA K=5 FCP-15 lag=2mo                            Sh +0.430  CAGR +5.69%  DD -44.91%  Vol 15.76%  AnnTO  1253%
  AAA K=5 FCP-15 lag=3mo                            Sh +0.538  CAGR +7.49%  DD -39.64%  Vol 15.74%  AnnTO  1228%

[AAA K=5, 6mo signal on HAA-9 -- CONTROL]
  AAA K=5 HAA-9 lag=0mo                             Sh +0.952  CAGR +10.38%  DD -26.74%  Vol 11.02%  AnnTO   989%
  AAA K=5 HAA-9 lag=1mo                             Sh +0.752  CAGR +8.59%  DD -23.75%  Vol 11.90%  AnnTO   967%
  AAA K=5 HAA-9 lag=2mo                             Sh +0.767  CAGR +9.39%  DD -32.84%  Vol 12.77%  AnnTO   964%
  AAA K=5 HAA-9 lag=3mo                             Sh +0.706  CAGR +8.50%  DD -28.57%  Vol 12.70%  AnnTO   960%

[AAA K=7, 6mo signal on FCP-15]
  AAA K=7 FCP-15 lag=0mo                            Sh +0.760  CAGR +8.88%  DD -25.98%  Vol 12.19%  AnnTO  1199%
  AAA K=7 FCP-15 lag=1mo                            Sh +0.562  CAGR +6.74%  DD -29.58%  Vol 13.17%  AnnTO  1132%
  AAA K=7 FCP-15 lag=2mo                            Sh +0.563  CAGR +7.32%  DD -33.14%  Vol 14.40%  AnnTO  1196%
  AAA K=7 FCP-15 lag=3mo                            Sh +0.583  CAGR +7.71%  DD -35.37%  Vol 14.59%  AnnTO  1176%

=====================================================================================================================================================================
>>> Live-only 18y
=====================================================================================================================================================================

[MVP K=2 (rank buffer) on FCP-15]
  MVP FCP-15 lag=0mo                                Sh +0.765  CAGR +9.28%  DD -27.15%  Vol 12.65%  AnnTO   736%
  MVP FCP-15 lag=1mo                                Sh +0.760  CAGR +9.82%  DD -21.30%  Vol 13.53%  AnnTO   674%
  MVP FCP-15 lag=2mo                                Sh +0.750  CAGR +9.87%  DD -25.78%  Vol 13.83%  AnnTO   725%
  MVP FCP-15 lag=3mo                                Sh +0.821  CAGR +10.89%  DD -23.17%  Vol 13.74%  AnnTO   736%

[MVP K=2 (rank buffer) on HAA-9 -- CONTROL]
  MVP HAA-9 lag=0mo                                 Sh +0.755  CAGR +8.93%  DD -28.48%  Vol 12.33%  AnnTO   775%
  MVP HAA-9 lag=1mo                                 Sh +0.691  CAGR +8.47%  DD -20.32%  Vol 13.00%  AnnTO   719%
  MVP HAA-9 lag=2mo                                 Sh +0.676  CAGR +8.51%  DD -25.53%  Vol 13.41%  AnnTO   781%
  MVP HAA-9 lag=3mo                                 Sh +0.639  CAGR +7.82%  DD -21.66%  Vol 13.16%  AnnTO   781%

[AAA K=5, 6mo signal on FCP-15]
  AAA K=5 FCP-15 lag=0mo                            Sh +0.892  CAGR +11.90%  DD -22.81%  Vol 13.66%  AnnTO  1298%
  AAA K=5 FCP-15 lag=1mo                            Sh +0.672  CAGR +9.41%  DD -28.34%  Vol 15.08%  AnnTO  1243%
  AAA K=5 FCP-15 lag=2mo                            Sh +0.397  CAGR +5.47%  DD -39.14%  Vol 17.13%  AnnTO  1316%
  AAA K=5 FCP-15 lag=3mo                            Sh +0.491  CAGR +7.08%  DD -30.48%  Vol 16.82%  AnnTO  1263%

[AAA K=5, 6mo signal on HAA-9 -- CONTROL]
  AAA K=5 HAA-9 lag=0mo                             Sh +0.842  CAGR +9.65%  DD -24.90%  Vol 11.77%  AnnTO  1008%
  AAA K=5 HAA-9 lag=1mo                             Sh +0.634  CAGR +7.51%  DD -23.04%  Vol 12.70%  AnnTO  1014%
  AAA K=5 HAA-9 lag=2mo                             Sh +0.646  CAGR +8.43%  DD -32.84%  Vol 14.07%  AnnTO  1031%
  AAA K=5 HAA-9 lag=3mo                             Sh +0.591  CAGR +7.41%  DD -26.08%  Vol 13.68%  AnnTO  1002%

[AAA K=7, 6mo signal on FCP-15]
  AAA K=7 FCP-15 lag=0mo                            Sh +0.871  CAGR +10.79%  DD -19.73%  Vol 12.69%  AnnTO  1223%
  AAA K=7 FCP-15 lag=1mo                            Sh +0.616  CAGR +7.66%  DD -29.58%  Vol 13.45%  AnnTO  1170%
  AAA K=7 FCP-15 lag=2mo                            Sh +0.574  CAGR +8.03%  DD -32.69%  Vol 15.60%  AnnTO  1244%
  AAA K=7 FCP-15 lag=3mo                            Sh +0.546  CAGR +7.60%  DD -30.48%  Vol 15.66%  AnnTO  1233%
