Baseline FCP-15 (with XLV): ['QQQ', 'IGM', 'SPMO', 'XLE', 'XRT', 'COWZ', 'VBR', 'SPHQ', 'XMMO', 'XMHQ', 'XLV', 'VEA', 'VWO', 'GLD', 'TLT']

  baseline: hybrid Sh=1.186  live Sh=1.204  CAGR=+9.99%  DD=-10.72%

==================================================================================================================================
SINGLE ADDITION on top of FCP-15
==================================================================================================================================
  Addition                       hybrid Sh   hybrid Δ    live Sh     live Δ   live CAGR    live DD
  XLP (Cons Staples)               +1.171    -0.015    +1.150    -0.055     +9.49%   -13.87%
  XLU (Utilities)                  +1.197    +0.011    +1.151    -0.053     +9.54%   -11.02%
  XLK (Tech Sector)                +1.111    -0.075    +1.160    -0.044     +9.78%   -11.17%
  XLY (Cons Discr)                 +1.126    -0.060    +1.121    -0.083     +9.37%   -13.01%
  XLF (Financials)                 +1.138    -0.048    +1.106    -0.098     +9.16%    -9.75%
  XLI (Industrials)                +1.130    -0.057    +1.161    -0.043     +9.62%   -10.97%
  VNQ (US REIT)                    +1.196    +0.010    +1.180    -0.024     +9.82%   -10.43%
  IWM (Russell 2k)                 +1.113    -0.073    +1.150    -0.055     +9.54%   -10.72%
  EFA (Dev Intl)                   +1.213    +0.026    +1.213    +0.009    +10.14%   -10.58%
  EEM (EM)                         +1.196    +0.009    +1.208    +0.003    +10.11%   -10.72%
  IAU (Gold trust)                 +1.201    +0.015    +1.230    +0.025    +10.28%   -10.72%
  HYG (High Yield)                 +1.180    -0.006    +1.205    +0.001     +9.93%   -11.26%
  KMLM (Managed Fut)               +1.083    -0.104    +1.117    -0.088     +9.36%   -10.84%
  DBC (Commodities)                +1.249    +0.062    +1.160    -0.044     +9.62%    -9.38%
  TIP (TIPS)                       +1.123    -0.064    +1.149    -0.055     +9.35%   -10.73%
  PRF (Fundamental val)            +1.151    -0.035    +1.141    -0.063     +9.45%   -10.72%
  MTUM (Momentum)                  +1.179    -0.008    +1.190    -0.015    +10.15%   -11.17%
  SLYV (Small Val 600)             +1.175    -0.012    +1.170    -0.034     +9.70%   -10.72%

==================================================================================================================================
TOP 5 ADDITIONS to test in COMBINATION
==================================================================================================================================
  Top-5: ['IAU', 'EFA', 'EEM', 'HYG', 'MTUM']

==================================================================================================================================
PAIRS of top-5 additions to FCP-15 (yields 17-asset universe)
==================================================================================================================================
  +IAU  +EFA    hybrid 1.216 (Δ+0.029)  live 1.222 (Δ+0.018)  CAGR +10.23%  DD -10.58%
  +IAU  +EEM    hybrid 1.198 (Δ+0.012)  live 1.216 (Δ+0.012)  CAGR +10.20%  DD -10.72%
  +IAU  +HYG    hybrid 1.195 (Δ+0.008)  live 1.230 (Δ+0.026)  CAGR +10.20%  DD -10.72%
  +IAU  +MTUM   hybrid 1.173 (Δ-0.014)  live 1.180 (Δ-0.024)  CAGR +10.09%  DD -11.17%
  +EFA  +EEM    hybrid 1.189 (Δ+0.002)  live 1.191 (Δ-0.013)  CAGR +9.97%  DD -10.58%
  +EFA  +HYG    hybrid 1.219 (Δ+0.032)  live 1.234 (Δ+0.030)  CAGR +10.28%  DD -10.58%
  +EFA  +MTUM   hybrid 1.187 (Δ+0.000)  live 1.169 (Δ-0.036)  CAGR +9.97%  DD -11.03%
  +EEM  +HYG    hybrid 1.201 (Δ+0.015)  live 1.228 (Δ+0.024)  CAGR +10.25%  DD -10.72%
  +EEM  +MTUM   hybrid 1.175 (Δ-0.012)  live 1.171 (Δ-0.033)  CAGR +10.01%  DD -11.17%
  +HYG  +MTUM   hybrid 1.172 (Δ-0.014)  live 1.190 (Δ-0.014)  CAGR +10.09%  DD -11.71%

==================================================================================================================================
TOP-3 + top-4 + top-5 combinations (build up universe)
==================================================================================================================================
  +IAU,EFA,EEM                   hybrid 1.193 (Δ+0.007)  live 1.200 (Δ-0.004)  CAGR +10.06%  DD -10.58%
  +IAU,EFA,EEM,HYG               hybrid 1.196 (Δ+0.010)  live 1.216 (Δ+0.012)  CAGR +10.15%  DD -10.58%
  +IAU,EFA,EEM,HYG,MTUM          hybrid 1.169 (Δ-0.018)  live 1.167 (Δ-0.037)  CAGR +9.95%  DD -11.04%
