Baseline FCP-15: ['QQQ', 'IGM', 'SPMO', 'XLE', 'XRT', 'COWZ', 'VBR', 'SPHQ', 'XMMO', 'XMHQ', 'XLV', 'VEA', 'VWO', 'GLD', 'TLT']

=================================================================================================================================================
CASCADE 1: drop never-picked / rarely-picked assets
=================================================================================================================================================
  baseline FCP-15 (TOP_K=7) (15 risky)              hybrid Sh=+1.186 CAGR=+10.18% DD=-10.72%   live Sh=+1.204 CAGR=+9.99% DD=-10.72%
  FCP-13 (drop XRT, XMMO) (13 risky)                hybrid Sh=+1.126 CAGR=+9.49% DD=-13.69%   live Sh=+1.160 CAGR=+9.52% DD=-11.47%
  FCP-10 (drop 5 low-pick) (10 risky)               hybrid Sh=+1.227 CAGR=+10.22% DD=-12.54%   live Sh=+1.215 CAGR=+9.77% DD=-12.54%

=================================================================================================================================================
TOP_K sweep on FCP-15 baseline (current TOP_K=7)
=================================================================================================================================================
  TOP_K = 3                                         hybrid Sh=+1.059 CAGR=+9.88% DD=-12.44%   live Sh=+0.972 CAGR=+8.69% DD=-11.07%
  TOP_K = 4                                         hybrid Sh=+1.094 CAGR=+9.96% DD=-12.87%   live Sh=+1.009 CAGR=+8.77% DD=-11.18%
  TOP_K = 5                                         hybrid Sh=+1.131 CAGR=+10.10% DD=-11.64%   live Sh=+1.122 CAGR=+9.65% DD= -9.83%
  TOP_K = 6                                         hybrid Sh=+1.139 CAGR=+10.06% DD=-10.44%   live Sh=+1.125 CAGR=+9.57% DD=-10.35%
  TOP_K = 7                                         hybrid Sh=+1.186 CAGR=+10.18% DD=-10.72%   live Sh=+1.204 CAGR=+9.99% DD=-10.72%
  TOP_K = 8                                         hybrid Sh=+1.148 CAGR=+9.69% DD=-11.32%   live Sh=+1.168 CAGR=+9.60% DD=-11.32%
  TOP_K = 10                                        hybrid Sh=+1.170 CAGR=+9.62% DD=-10.43%   live Sh=+1.161 CAGR=+9.26% DD=-10.17%
  TOP_K = 12                                        hybrid Sh=+1.089 CAGR=+8.75% DD=-19.12%   live Sh=+1.049 CAGR=+8.07% DD=-19.12%
  TOP_K = 15                                        hybrid Sh=+1.054 CAGR=+8.13% DD=-16.89%   live Sh=+0.984 CAGR=+7.24% DD=-16.89%

=================================================================================================================================================
TOP_K sweep on FCP-13 (drop XRT, XMMO)
=================================================================================================================================================
  TOP_K = 3                                         hybrid Sh=+1.068 CAGR=+9.79% DD=-12.75%   live Sh=+1.036 CAGR=+9.04% DD= -9.90%
  TOP_K = 4                                         hybrid Sh=+1.092 CAGR=+9.77% DD=-12.58%   live Sh=+1.047 CAGR=+9.02% DD=-11.43%
  TOP_K = 5                                         hybrid Sh=+1.179 CAGR=+10.34% DD=-12.58%   live Sh=+1.216 CAGR=+10.25% DD=-11.17%
  TOP_K = 6                                         hybrid Sh=+1.180 CAGR=+10.17% DD=-12.58%   live Sh=+1.175 CAGR=+9.78% DD=-12.43%
  TOP_K = 7                                         hybrid Sh=+1.126 CAGR=+9.49% DD=-13.69%   live Sh=+1.160 CAGR=+9.52% DD=-11.47%
  TOP_K = 8                                         hybrid Sh=+1.091 CAGR=+8.94% DD=-10.73%   live Sh=+1.077 CAGR=+8.61% DD=-10.29%
  TOP_K = 10                                        hybrid Sh=+1.095 CAGR=+8.84% DD=-17.74%   live Sh=+1.076 CAGR=+8.39% DD=-17.74%
  TOP_K = 12                                        hybrid Sh=+1.081 CAGR=+8.42% DD=-16.89%   live Sh=+1.016 CAGR=+7.50% DD=-16.89%

=================================================================================================================================================
TOP_K sweep on FCP-10 (drop 5 low-pick)
=================================================================================================================================================
  TOP_K = 3                                         hybrid Sh=+1.059 CAGR=+9.51% DD=-13.51%   live Sh=+1.146 CAGR=+9.87% DD=-13.15%
  TOP_K = 4                                         hybrid Sh=+1.151 CAGR=+10.00% DD=-13.32%   live Sh=+1.159 CAGR=+9.75% DD=-13.32%
  TOP_K = 5                                         hybrid Sh=+1.162 CAGR=+9.94% DD=-12.57%   live Sh=+1.207 CAGR=+9.96% DD=-12.57%
  TOP_K = 6                                         hybrid Sh=+1.162 CAGR=+9.81% DD=-11.00%   live Sh=+1.166 CAGR=+9.43% DD=-11.00%
  TOP_K = 7                                         hybrid Sh=+1.227 CAGR=+10.22% DD=-12.54%   live Sh=+1.215 CAGR=+9.77% DD=-12.54%
  TOP_K = 8                                         hybrid Sh=+1.247 CAGR=+10.18% DD=-14.81%   live Sh=+1.250 CAGR=+9.78% DD=-14.81%
  TOP_K = 10                                        hybrid Sh=+1.146 CAGR=+9.01% DD=-16.24%   live Sh=+1.069 CAGR=+8.01% DD=-16.24%
