==============================================================================================================
UNIVERSE PRUNING SWEEP
Test: drop low-liquidity / short-history names to get cleaner live-only window
==============================================================================================================

  Variant                              Earliest    LIVE-18y                    FULL-28y
                                       all-live    Sh    CAGR     DD              Sh    CAGR     DD
  ---------------------------------------------------------------------------------------------------------
  FCP-15 (current)                     2016-12-19  +1.294  +12.70%  -11.06%      +1.085  +10.63%  -15.33%
  FCP-11 baseline                      2007-07-20  +1.228  +11.90%  -12.63%      +1.074  +10.18%  -16.46%
  FCP-12 +SCHG                         2009-12-11  +1.228  +11.90%  -12.63%      +1.074  +10.18%  -16.46%
  FCP-12 +SCHD                         2011-10-20  +1.228  +11.90%  -12.63%      +1.074  +10.18%  -16.46%
  FCP-13 +SCHG +SCHD                   2011-10-20  +1.228  +11.90%  -12.63%      +1.074  +10.18%  -16.46%
  FCP-simple9 SCHG+SCHD core           2011-10-20  +1.024  +9.42%  -19.38%      +1.016  +9.31%  -19.38%
  FCP-simple7 ultra-clean              2011-10-20  +0.894  +8.31%  -19.96%      +1.004  +9.33%  -19.96%
  FCP-12 +PDP (DWA mom 2007)           2007-07-20  +1.228  +11.90%  -12.63%      +1.074  +10.18%  -16.46%
  FCP-13 +PDP +DLN                     2007-07-20  +1.228  +11.90%  -12.63%      +1.074  +10.18%  -16.46%
  FCP-13 +MTUM +DLN                    2013-04-18  +1.275  +12.43%  -10.94%      +1.103  +10.50%  -16.46%
  FCP-13 +PDP +SCHD                    2011-10-20  +1.228  +11.90%  -12.63%      +1.074  +10.18%  -16.46%
  FCP-14 +SCHG +SCHD +PDP              2011-10-20  +1.228  +11.90%  -12.63%      +1.074  +10.18%  -16.46%

==============================================================================================================
TRULY ALL-LIVE WINDOW per variant (start = max inception + 12mo warmup)
==============================================================================================================

  Variant                              Window               Years  Sh      CAGR     DD
  ------------------------------------------------------------------------------------------
  FCP-15 (current)                     2017-12-19 -> 2026-05-15   8.4y  +1.310  +13.88%  -11.06%
  FCP-11 baseline                      2008-07-20 -> 2026-05-15  17.8y  +1.178  +11.46%  -12.63%
  FCP-12 +SCHG                         2010-12-11 -> 2026-05-15  15.4y  +1.252  +11.96%  -12.63%
  FCP-12 +SCHD                         2012-10-20 -> 2026-05-15  13.6y  +1.204  +11.57%  -12.63%
  FCP-13 +SCHG +SCHD                   2012-10-20 -> 2026-05-15  13.6y  +1.204  +11.57%  -12.63%
  FCP-simple9 SCHG+SCHD core           2012-10-20 -> 2026-05-15  13.6y  +1.030  +9.32%  -19.38%
  FCP-simple7 ultra-clean              2012-10-20 -> 2026-05-15  13.6y  +0.928  +8.55%  -19.96%
  FCP-12 +PDP (DWA mom 2007)           2008-07-20 -> 2026-05-15  17.8y  +1.178  +11.46%  -12.63%
  FCP-13 +PDP +DLN                     2008-07-20 -> 2026-05-15  17.8y  +1.178  +11.46%  -12.63%
  FCP-13 +MTUM +DLN                    2014-04-18 -> 2026-05-15  12.1y  +1.245  +12.05%  -10.94%
  FCP-13 +PDP +SCHD                    2012-10-20 -> 2026-05-15  13.6y  +1.204  +11.57%  -12.63%
  FCP-14 +SCHG +SCHD +PDP              2012-10-20 -> 2026-05-15  13.6y  +1.204  +11.57%  -12.63%

==============================================================================================================