Baseline FCP-14: ['QQQ', 'IGM', 'SPMO', 'XLE', 'XRT', 'COWZ', 'VBR', 'SPHQ', 'XMMO', 'XMHQ', 'VEA', 'VWO', 'GLD', 'TLT']

==================================================================================================================================
SINGLE ADDITIONS to FCP-14 (baseline + 1 new asset = 15 risky)
==================================================================================================================================
  baseline FCP-14: hybrid Sh=1.139 CAGR=+9.78% DD=-10.53%
  baseline FCP-14: live18  Sh=1.125 CAGR=+9.38% DD=-10.53%

  Addition                      hybrid Sh   hybrid Δ    live Sh     live Δ   live CAGR    live DD
  XLV (Healthcare)                +1.186    +0.048    +1.204    +0.079     +9.99%   -10.72%
  XLU (Utilities)                 +1.179    +0.041    +1.114    -0.011     +9.37%    -9.38%
  XLP (Cons Staples)              +1.164    +0.026    +1.140    +0.015     +9.49%   -11.62%
  XLF (Financials)                +1.084    -0.055    +0.993    -0.132     +8.26%   -12.29%
  XLI (Industrials)               +1.110    -0.028    +1.085    -0.040     +9.08%   -10.53%
  XLK (Tech Sector)               +1.106    -0.033    +1.128    +0.003     +9.55%   -10.33%
  XLY (Cons Discr)                +1.100    -0.038    +1.055    -0.070     +8.84%   -10.66%
  VNQ (US REIT)                   +1.126    -0.013    +1.043    -0.082     +8.71%   -12.29%
  IEF (Interm Treasury)           +1.013    -0.125    +1.026    -0.099     +8.44%   -10.25%
  TIP (TIPS)                      +1.047    -0.091    +1.023    -0.102     +8.28%   -10.73%
  HYG (High Yield)                +1.116    -0.022    +1.098    -0.027     +9.14%   -12.29%
  LQD (Inv Grade Corp)            +1.079    -0.060    +1.041    -0.084     +8.37%   -10.61%
  IWM (Russell 2k)                +1.072    -0.067    +1.055    -0.070     +8.87%   -12.29%
  KMLM (Managed Fut)              +1.019    -0.120    +0.984    -0.141     +8.30%   -10.84%
  DBC (Commodities)               +1.204    +0.065    +1.088    -0.037     +9.20%   -10.53%
  EFA (Dev Intl)                  +1.158    +0.019    +1.121    -0.004     +9.44%   -10.53%
  EEM (EM)                        +1.162    +0.024    +1.127    +0.002     +9.48%   -10.53%

==================================================================================================================================
MULTI-ASSET ADDITIONS
==================================================================================================================================
  add VNQ + XLV                 hybrid 1.196 (Δ+0.058)  live 1.180 (Δ+0.055)  CAGR +9.82%  DD -10.43%
  add VNQ + IEF                 hybrid 1.013 (Δ-0.126)  live 0.973 (Δ-0.152)  CAGR +7.99%  DD -10.25%
  add IEF + KMLM                hybrid 0.942 (Δ-0.197)  live 0.931 (Δ-0.194)  CAGR +7.74%  DD -16.22%
  add VNQ + IEF + KMLM          hybrid 0.909 (Δ-0.230)  live 0.864 (Δ-0.261)  CAGR +7.23%  DD -16.22%
  add 4 sectors (XLV/U/P/I)     hybrid 1.093 (Δ-0.046)  live 1.077 (Δ-0.048)  CAGR +8.85%  DD -13.20%
  add 7 sectors (all SPDR)      hybrid 1.008 (Δ-0.130)  live 1.024 (Δ-0.101)  CAGR +8.60%  DD -13.33%

==================================================================================================================================
TOP IMPROVEMENTS (by live18 Δ Sharpe)
==================================================================================================================================
  XLV (Healthcare)              live Δ +0.079  live Sh 1.204
  XLP (Cons Staples)            live Δ +0.015  live Sh 1.140
  XLK (Tech Sector)             live Δ +0.003  live Sh 1.128
  EEM (EM)                      live Δ +0.002  live Sh 1.127
  EFA (Dev Intl)                live Δ -0.004  live Sh 1.121
  XLU (Utilities)               live Δ -0.011  live Sh 1.114
  HYG (High Yield)              live Δ -0.027  live Sh 1.098
  DBC (Commodities)             live Δ -0.037  live Sh 1.088
